******************************************************************************
                  TI ARM Linker PC v5.2.4                      
******************************************************************************
>> Linked Tue Aug 11 14:32:42 2015

OUTPUT FILE NAME:   <core_v0_m3.out>
ENTRY POINT SYMBOL: "_c_int00"  address: 00212091


MEMORY CONFIGURATION

         name            origin    length      used     unused   attr    fill
----------------------  --------  ---------  --------  --------  ----  --------
  BOOTROM               00000000   00010000  00000000  00010000  R  X
  FLASH_BOOT            00200030   00000004  00000004  00000000  RW X
  FLASH                 00200034   0007ff9c  00017c58  00068344  RW X
  C03SRAM               20000000   00008000  00007ff8  00000008  RW X
  S07SHRAM_1            20008000   00006000  00004f7c  00001084  RW X
  S07SHRAM_2            2000e000   00006000  00000000  00006000  RW X
  SO_RAM1               20014000   000005b4  00000000  000005b4  R   
  SO_RAM2               20014600   000005b4  00000000  000005b4  R   
  CTOM_SHARED           20014bb4   00000100  00000018  000000e8  R   
  S07SHRAM_3            20014cb4   0000334c  00000000  0000334c  RW X
  CTOMMSGRAM            2007f000   00000800  00000000  00000800  R   
  SO_Metadata           2007f800   00000028  00000000  00000028  RW  
  MTOC_SHARED           2007f828   00000100  00000004  000000fc  RW  
  MTOCMSGRAM            2007f928   000006d8  00000000  000006d8  RW  


SEGMENT ALLOCATION MAP

run origin  load origin   length   init length attrs members
----------  ----------- ---------- ----------- ----- -------
00200030    00200030    00000004   00000004    r-x
  00200030    00200030    00000004   00000004    r-x .ti_catalog_arm_cortexm3_concertoInit_begin
00200040    00200040    00017588   00017588    r-x
  00200040    00200040    0000003c   0000003c    r-- .resetVecs
  0020007c    0020007c    000150d4   000150d4    r-x .text
  00215150    00215150    00002478   00002478    r-- .const
00217610    00217610    00000688   00000688    r--
  00217610    00217610    00000678   00000678    r-- .cinit
  00217c88    00217c88    00000010   00000010    r-- .binit
20000000    20000000    000001b0   00000000    rw-
  20000000    20000000    000001b0   00000000    rw- .vecs
200001b0    002175c8    00000048   00000048    r-x
  200001b0    002175c8    00000048   00000048    r-x .ti_catalog_arm_cortexm3_concertoInit_flashfuncs
20000200    20000200    0000968c   00000000    rw-
  20000200    20000200    00007e00   00000000    rw- .bss.1
  20008000    20008000    00001000   00000000    rw- .stack
  20009000    20009000    0000088c   00000000    rw- .data
20009900    20009900    00000114   00000000    rw-
  20009900    20009900    00000114   00000000    rw- .bss.2
20009c00    20009c00    00000214   00000000    rw-
  20009c00    20009c00    00000214   00000000    rw- .dma
20009e80    20009e80    000033c8   00000000    rw-
  20009e80    20009e80    000033c8   00000000    rw- .bss.3
20014bb4    20014bb4    00000018   00000000    rw-
  20014bb4    20014bb4    00000018   00000000    rw- .c28_to_m3_shared
2007f828    2007f828    00000004   00000000    rw-
  2007f828    2007f828    00000004   00000000    rw- .m3_to_c28_shared


SECTION ALLOCATION MAP

 output                                  attributes/
section   page    origin      length       input sections
--------  ----  ----------  ----------   ----------------
.text      0    0020007c    000150d4     
                  0020007c    00000c7c     stk.aem3 : tcpin.oem3 (.text:TcpInput)
                  00200cf8    0000096c     driverlib.lib : sysctl.obj (.text)
                  00201664    000008b4     stk.aem3 : tcpout.oem3 (.text:TcpOutput)
                  00201f18    00000578     driverlib.lib : ipc_lite.obj (.text)
                  00202490    00000464     main_m3.obj (.text:tcpWorker)
                  002028f4    00000448     driverlib.lib : gpio.obj (.text)
                  00202d3c    00000424     sysbios.aem3 : BIOS.obj (.text:ti_sysbios_family_arm_m3_Hwi_excDumpRegs__I)
                  00203160    00000408     stk.aem3 : ipout.oem3 (.text:IPTxPacket)
                  00203568    00000384              : ipin.oem3 (.text:IPRxPacket)
                  002038ec    0000034c     ti.targets.arm.rtsarm.aem3 : System.oem3 (.text:xdc_runtime_System_doPrint__I)
                  00203c38    00000310     driverlib.lib : ethernet.obj (.text)
                  00203f48    00000308     sysbios.aem3 : BIOS.obj (.text:ti_sysbios_knl_Semaphore_pend__E)
                  00204250    000002ec     driverlib.lib : udma.obj (.text)
                  0020453c    000002d4     rtsv7M3_T_le_eabi.lib : trgdrv.obj (.text)
                  00204810    000002bc     sysbios.aem3 : BIOS.obj (.text:ti_sysbios_knl_Task_Instance_finalize__E)
                  00204acc    00000284     stk.aem3 : sock.oem3 (.text:SockSet)
                  00204d50    00000278     driverlib.lib : interrupt.obj (.text)
                  00204fc8    00000254     sysbios.aem3 : BIOS.obj (.text:ti_sysbios_heaps_HeapMem_free__E)
                  0020521c    0000024c     stk.aem3 : ipfrag.oem3 (.text:IPReasm)
                  00205468    0000023c              : icmpin.oem3 (.text:ICMPInput)
                  002056a4    00000238              : udp.oem3 (.text:UdpInput)
                  002058dc    00000238     sysbios.aem3 : BIOS.obj (.text:ti_sysbios_heaps_HeapMem_alloc__E)
                  00205b14    00000234     main_m3.obj (.text:tcpHandler)
                  00205d48    0000020c     main_m3.obj (.text:main)
                  00205f54    00000204     TMDXDOCKH52C1_neu.obj (.text:TMDXDOCKH52C1_initEMAC)
                  00206158    00000200     sysbios.aem3 : BIOS.obj (.text:ti_sysbios_knl_Task_sleep__E)
                  00206358    000001f4     stk.aem3 : sock.oem3 (.text:SockRecv)
                  0020654c    000001ec     sysbios.aem3 : BIOS.obj (.text:ti_sysbios_knl_Task_Instance_init__E)
                  00206738    000001dc                  : BIOS.obj (.text:ti_sysbios_family_arm_m3_Hwi_excHandlerMax__I)
                  00206914    000001dc     config_pem3.oem3 (.text:xdc_runtime_System_printfExtend__I)
                  00206af0    000001b6     rtsv7M3_T_le_eabi.lib : fd_add_t2.obj (.text)
                  00206ca6    00000002     Boot.aem3 : Boot.oem3 (.text:.bootCodeSection:ti_catalog_arm_cortexm3_concertoInit_Boot_defaultLimpAbortFunction)
                  00206ca8    000001b0     stk.aem3 : lliout.oem3 (.text:LLITxIpPacket)
                  00206e58    000001ac              : lliin.oem3 (.text:LLIRxPacket)
                  00207004    000001ac     driverlib.lib : ipc_util.obj (.text)
                  002071b0    0000019c     os.aem3 : mem.oem3 (.text:mmAlloc)
                  0020734c    00000198     stk.aem3 : igmp.oem3 (.text:IGMPInput)
                  002074e4    00000190              : sock.oem3 (.text:SockNew)
                  00207674    00000184     sysbios.aem3 : BIOS.obj (.text:ti_sysbios_knl_Task_setPri__E)
                  002077f8    00000170     stk.aem3 : rtc.oem3 (.text:RTCReport)
                  00207968    0000016a              : sb.oem3 (.text:SBRead)
                  00207ad2    00000002     hal_userled_stub.aem3 : llled.oem3 (.text:LED_TOGGLE)
                  00207ad4    00000168     sysbios.aem3 : BIOS.obj (.text:ti_sysbios_family_arm_m3_Hwi_excBusFault__I)
                  00207c3c    00000160     stk.aem3 : sock.oem3 (.text:SockConnect)
                  00207d9c    00000158     sysbios.aem3 : BIOS.obj (.text:ti_sysbios_family_arm_m3_Hwi_excUsageFault__I)
                  00207ef4    00000154     netctrl_min_ipv4.aem3 : netctrl.oem3 (.text:NC_NetStart)
                  00208048    00000144     stk.aem3 : bind.oem3 (.text:BindNew)
                  0020818c    00000140     nettool_ipv4.aem3 : dhcpmain.oem3 (.text:DHCPOpen)
                  002082cc    00000140     stk.aem3 : tcp.oem3 (.text:TcpTimeoutCheck)
                  0020840c    00000140     sysbios.aem3 : BIOS.obj (.text:ti_sysbios_family_arm_m3_Hwi_excMemFault__I)
                  0020854c    00000140                  : BIOS.obj (.text:ti_sysbios_knl_Semaphore_post__E)
                  0020868c    0000013c     nettool_ipv4.aem3 : config.oem3 (.text:CfgAddEntry)
                  002087c8    0000013c     stk.aem3 : sockint.oem3 (.text:SockNotify)
                  00208904    0000013c              : sock.oem3 (.text:SockSend)
                  00208a40    0000013c     sysbios.aem3 : BIOS.obj (.text:ti_sysbios_heaps_HeapMem_Instance_init__E)
                  00208b7c    00000138                  : BIOS.obj (.text:ti_sysbios_family_arm_m3_Hwi_dispatchC__I)
                  00208cb4    00000134     drivers_mware.aem3 : GPIOTiva.oem3 (.text:GPIO_setConfig)
                  00208de8    00000134     stk.aem3 : icmp.oem3 (.text:ICMPGenPacket)
                  00208f1c    00000130     sysbios.aem3 : BIOS.obj (.text:ti_sysbios_knl_Clock_workFunc__E)
                  0020904c    00000128                  : BIOS.obj (.text:ti_sysbios_heaps_HeapTrack_free__E)
                  00209174    00000124     stk.aem3 : sockpcb.oem3 (.text:SockPcbResolve)
                  00209298    00000124              : udp.oem3 (.text:UdpOutput)
                  002093bc    00000124     driverlib.lib : ssi.obj (.text)
                  002094e0    00000124     config_pem3.oem3 (.text:ti_ndk_config_Global_stackThread)
                  00209604    00000124     sysbios.aem3 : BIOS.obj (.text:ti_sysbios_knl_Task_exit__E)
                  00209728    0000011c                  : BIOS.obj (.text:ti_sysbios_knl_Clock_Instance_init__E)
                  00209844    0000011c                  : BIOS.obj (.text:ti_sysbios_knl_Swi_run__I)
                  00209960    00000118     drivers_mware.aem3 : EMACTiva.oem3 (.text:EMACTiva_NIMUInit)
                  00209a78    00000118     stk.aem3 : tcpout.oem3 (.text:TcpGenPacket)
                  00209b90    00000118     ti.targets.arm.rtsarm.aem3 : Error.oem3 (.text:xdc_runtime_Error_policyDefault__E)
                  00209ca8    00000114     stk.aem3 : nimu.oem3 (.text:NIMUIoctl)
                  00209dbc    00000110              : node.oem3 (.text:NodeTreeFree)
                  00209ecc    00000110              : raw.oem3 (.text:RawInput)
                  00209fdc    0000010c              : rtable.oem3 (.text:RtFind)
                  0020a0e8    0000010a              : route.oem3 (.text:RtCreate)
                  0020a1f2    00000002              : nat.oem3 (.text:NatMsg)
                  0020a1f4    00000108     driverlib.lib : ram.obj (.text)
                  0020a2fc    00000108     spiGPIO.obj (.text:spiTask)
                  0020a404    00000104     os.aem3 : task.oem3 (.text:llEnter)
                  0020a508    00000104     sysbios.aem3 : BIOS.obj (.text:ti_sysbios_knl_Task_schedule__I)
                  0020a60c    00000102     nettool_ipv4.aem3 : dhcppkt.oem3 (.text:dhcpPacketProcess)
                  0020a70e    00000102                       : inetaddr.oem3 (.text:inet_aton)
                  0020a810    00000100     stk.aem3 : igmp.oem3 (.text:IGMPSendReply)
                  0020a910    00000100     ti.targets.arm.rtsarm.aem3 : Core-mem.oem3 (.text:xdc_runtime_Core_createObject__I)
                  0020aa10    000000fc     netctrl_min_ipv4.aem3 : netctrl.oem3 (.text:NetScheduler)
                  0020ab0c    000000fc     rtsv7M3_T_le_eabi.lib : fd_mul_t2.obj (.text)
                  0020ac08    000000fa     stk.aem3 : pipe.oem3 (.text:PipeRecv)
                  0020ad02    00000002     drivers_mware.aem3 : SPITivaDMA.oem3 (.text:SPITivaDMA_serviceISR)
                  0020ad04    000000f8     ti.targets.arm.rtsarm.aem3 : Startup.oem3 (.text:xdc_runtime_Startup_startMods__I)
                  0020adfc    000000f4     Boot.aem3 : Boot.oem3 (.text:.bootCodeSection:ti_catalog_arm_cortexm3_concertoInit_Boot_configurePllDivs)
                  0020aef0    000000f4     os.aem3 : task.oem3 (.text:TaskGetEnv)
                  0020afe4    000000f4     sysbios.aem3 : BIOS.obj (.text:ti_sysbios_knl_Task_postInit__I)
                  0020b0d8    000000f4                  : BIOS.obj (.text:ti_sysbios_knl_Task_startCore__E)
                  0020b1cc    000000f0     stk.aem3 : lliout.oem3 (.text:LLIGenArpPacket)
                  0020b2bc    000000f0              : sock.oem3 (.text:SockClose)
                  0020b3ac    000000e8     os.aem3 : task.oem3 (.text:TaskSetEnv)
                  0020b494    000000e0     stk.aem3 : tcptime.oem3 (.text:TcpTimeoutRexmt)
                  0020b574    000000dc              : sb.oem3 (.text:SBWrite)
                  0020b650    000000dc     drivers_mware.aem3 : SPITivaDMA.oem3 (.text:SPITivaDMA_open)
                  0020b72c    000000dc     nettool_ipv4.aem3 : dhcpsock.oem3 (.text:dhcpSocketOpen)
                  0020b808    000000dc                       : dhcpsm.oem3 (.text:dhcpState)
                  0020b8e4    000000d8     stk.aem3 : node.oem3 (.text:NodeAdd)
                  0020b9bc    000000d8              : tcpprot.oem3 (.text:TcpPrSetOption)
                  0020ba94    000000d4              : sockpcb.oem3 (.text:SockPcbBind)
                  0020bb68    000000d4     sysbios.aem3 : BIOS.obj (.text:ti_sysbios_knl_Swi_Instance_init__E)
                  0020bc3c    000000d1     stk.aem3 : nimu.oem3 (.text:NIMUReceivePacket)
                  0020bd0d    00000001     --HOLE-- [fill = 0]
                  0020bd0e    00000002     os.aem3 : task.oem3 (.text:_TaskInit)
                  0020bd10    000000d0     sysbios.aem3 : m3_Hwi_asm.obj (.text:ti_sysbios_family_arm_m3_Hwi_dispatch__I)
                  0020bde0    000000cc     stk.aem3 : icmp.oem3 (.text:ICMPSendRtAdv)
                  0020beac    000000cc     nettool_ipv4.aem3 : dhcpbild.oem3 (.text:dhcpBuildHeader)
                  0020bf78    000000cc                       : dhcpsm.oem3 (.text:dhcpIPAdd)
                  0020c044    000000cc                       : dhcppkt.oem3 (.text:dhcpVerifyMessage)
                  0020c110    000000cc     ti.targets.arm.rtsarm.aem3 : Core-smem.oem3 (.text:xdc_runtime_Core_constructObject__I)
                  0020c1dc    000000c8     stk.aem3 : rawethsock.oem3 (.text:RawEthSockNew)
                  0020c2a4    000000c8     netctrl_min_ipv4.aem3 : netsrv.oem3 (.text:SPIpNet)
                  0020c36c    000000c4     stk.aem3 : igmp.oem3 (.text:IGMPJoinHostGroup)
                  0020c430    000000c0     drivers_mware.aem3 : SPITivaDMA.oem3 (.text:SPITivaDMA_configDMA)
                  0020c4f0    000000c0     nettool_ipv4.aem3 : dhcpsm.oem3 (.text:StateBound)
                  0020c5b0    000000c0     sysbios.aem3 : BIOS.obj (.text:ti_sysbios_family_arm_m3_Hwi_Module_startup__E)
                  0020c670    000000bc     stk.aem3 : sockpcb.oem3 (.text:SockPcbFind)
                  0020c72c    000000bc              : vlan.oem3 (.text:VLANDeinit)
                  0020c7e8    000000b8              : icmpin.oem3 (.text:ICMPRevSrcRoute)
                  0020c8a0    000000b8              : lli.oem3 (.text:_LLITimeoutCheck)
                  0020c958    000000b8     main_m3.obj (.text:isr_ipc)
                  0020ca10    000000b8     sysbios.aem3 : BIOS.obj (.text:ti_sysbios_knl_Task_unblockI__E)
                  0020cac8    000000b4     stk.aem3 : tcptime.oem3 (.text:TcpTimeoutKeep)
                  0020cb7c    000000b4     sysbios.aem3 : BIOS.obj (.text:ti_sysbios_family_arm_m3_Hwi_excDebugMon__I)
                  0020cc30    000000b4                  : BIOS.obj (.text:ti_sysbios_family_arm_m3_Hwi_excHardFault__I)
                  0020cce4    000000b4                  : BIOS.obj (.text:ti_sysbios_gates_GateMutex_enter__E)
                  0020cd98    000000b4                  : BIOS.obj (.text:ti_sysbios_knl_Task_checkStacks__E)
                  0020ce4c    000000b0     stk.aem3 : rawethsock.oem3 (.text:RawEthSockSet)
                  0020cefc    000000b0              : rtable.oem3 (.text:RtTimeoutCheck)
                  0020cfac    000000ac     driverlib.lib : watchdog.obj (.text)
                  0020d058    000000ac     config_pem3.oem3 (.text:ti_ndk_config_ip_init)
                  0020d104    000000ac     sysbios.aem3 : BIOS.obj (.text:ti_sysbios_knl_Swi_post__E)
                  0020d1b0    000000a8     stk.aem3 : sockint.oem3 (.text:SockCreatePacket)
                  0020d258    000000a8     sysbios.aem3 : BIOS.obj (.text:ti_sysbios_knl_Task_blockI__E)
                  0020d300    000000a0     stk.aem3 : ip.oem3 (.text:IPGetRoute)
                  0020d3a0    000000a0     auto_init.aem3 : auto_init.oem3 (.text)
                  0020d440    000000a0     ti.targets.arm.rtsarm.aem3 : Text.oem3 (.text:xdc_runtime_Text_putMod__E)
                  0020d4e0    0000009e     stk.aem3 : nimu.oem3 (.text:NIMUAddEthernetHeader)
                  0020d57e    0000009e     nettool_ipv4.aem3 : dhcpbild.oem3 (.text:dhcpBuildRequest)
                  0020d61c    0000009c     stk.aem3 : exec.oem3 (.text:ExecOpen)
                  0020d6b8    0000009c     rtsv7M3_T_le_eabi.lib : memcpy_t2.obj (.text)
                  0020d754    0000009c     sysbios.aem3 : BIOS.obj (.text:ti_sysbios_knl_Semaphore_Instance_init__E)
                  0020d7f0    0000009a     ti.targets.arm.rtsarm.aem3 : Text.oem3 (.text:xdc_runtime_Text_putSite__E)
                  0020d88a    00000002     os.aem3 : task.oem3 (.text:_TaskShutdown)
                  0020d88c    00000098     netctrl_min_ipv4.aem3 : netctrl.oem3 (.text:NC_SystemOpen)
                  0020d924    00000098                           : netsrv.oem3 (.text:ServiceScan)
                  0020d9bc    00000094     nettool_ipv4.aem3 : config.oem3 (.text:CfgRemoveEntry)
                  0020da50    00000094     main_m3.obj (.text:master_ram_init_control_L0_L4_memories)
                  0020dae4    00000094     main_m3.obj (.text:master_ram_init_control_m0m1_msgram_memories)
                  0020db78    00000094     sysbios.aem3 : BIOS.obj (.text:ti_sysbios_family_arm_m3_Hwi_Instance_init__E)
                  0020dc0c    00000090     nettool_ipv4.aem3 : config.oem3 (.text:CfgExecute)
                  0020dc9c    00000090     stk.aem3 : igmp.oem3 (.text:IGMPMsg)
                  0020dd2c    00000090     os.aem3 : mem.oem3 (.text:mmBulkAlloc)
                  0020ddbc    0000008c     stk.aem3 : ip.oem3 (.text:IPMsg)
                  0020de48    0000008c     os.aem3 : mem.oem3 (.text:_mmInit)
                  0020ded4    0000008c             : mem.oem3 (.text:mmInitPage)
                  0020df60    0000008c     sysbios.aem3 : BIOS.obj (.text:ti_sysbios_heaps_HeapTrack_Instance_finalize__E)
                  0020dfec    0000008a     netctrl_min_ipv4.aem3 : netsrv.oem3 (.text:SPRoute)
                  0020e076    00000002     hal_ser_stub.aem3 : llserstb.oem3 (.text:_llSerialServiceCheck)
                  0020e078    00000088     netctrl_min_ipv4.aem3 : netsrv.oem3 (.text:ServiceSpawn)
                  0020e100    00000088     stk.aem3 : sockpcb.oem3 (.text:SockPcbCtlError)
                  0020e188    00000088     sysbios.aem3 : BIOS.obj (.text:ti_sysbios_heaps_HeapTrack_alloc__E)
                  0020e210    00000086     nettool_ipv4.aem3 : dhcpsm.oem3 (.text:StateRequesting)
                  0020e296    00000086     rtsv7M3_T_le_eabi.lib : fd_cmp_t2.obj (.text:__aeabi_cdcmple)
                  0020e31c    00000086                           : fd_cmp_t2.obj (.text:__aeabi_cdrcmple)
                  0020e3a2    00000002     hal_ser_stub.aem3 : llserstb.oem3 (.text:_llSerialShutdown)
                  0020e3a4    00000084     nettool_ipv4.aem3 : config.oem3 (.text:CfgGetEntry)
                  0020e428    00000084     drivers_mware.aem3 : EMACTiva.oem3 (.text:EMACTiva_handleRx)
                  0020e4ac    00000084     TMDXDOCKH52C1_neu.obj (.text:TMDXDOCKH52C1_initDMA)
                  0020e530    00000084     stk.aem3 : tcpprot.oem3 (.text:TcpPrAttach)
                  0020e5b4    00000084     os.aem3 : mem.oem3 (.text:mmBulkFree)
                  0020e638    00000084             : mem.oem3 (.text:mmFree)
                  0020e6bc    00000084     sysbios.aem3 : BIOS.obj (.text:ti_sysbios_family_arm_m3_Hwi_initNVIC__E)
                  0020e740    00000084                  : BIOS.obj (.text:ti_sysbios_knl_Task_Module_startup__E)
                  0020e7c4    00000082     nettool_ipv4.aem3 : dhcpsm.oem3 (.text:StateRenewRebind)
                  0020e846    00000002     hal_userled_stub.aem3 : llled.oem3 (.text:_llUserLedInit)
                  0020e848    00000080     stk.aem3 : lli.oem3 (.text:LLINew)
                  0020e8c8    00000080     netctrl_min_ipv4.aem3 : netsrv.oem3 (.text:NS_BootTask)
                  0020e948    00000080     stk.aem3 : pbm.oem3 (.text:PBM_alloc)
                  0020e9c8    00000080              : raw.oem3 (.text:RawOutput)
                  0020ea48    0000007f     config_pem3.oem3 (.text:ti_ndk_config_Global_NetworkIPAddr)
                  0020eac7    00000001     --HOLE-- [fill = 0]
                  0020eac8    0000007e     stk.aem3 : fileuser.oem3 (.text:fdClose)
                  0020eb46    00000002     hal_userled_stub.aem3 : llled.oem3 (.text:_llUserLedShutdown)
                  0020eb48    0000007c     nettool_ipv4.aem3 : config.oem3 (.text:CfgGetNextEntry)
                  0020ebc4    0000007c     stk.aem3 : igmp.oem3 (.text:IGMPDoMCast)
                  0020ec40    0000007c              : igmp.oem3 (.text:IGMPJoin)
                  0020ecbc    0000007c              : socket.oem3 (.text:NDK_setsockopt)
                  0020ed38    0000007c              : nimu.oem3 (.text:NIMURegister)
                  0020edb4    0000007c              : pbm.oem3 (.text:PBM_free)
                  0020ee30    0000007c     drivers_mware.aem3 : SPITivaDMA.oem3 (.text:SPITivaDMA_initHw)
                  0020eeac    0000007c     TMDXDOCKH52C1_neu.obj (.text:TMDXDOCKH52C1_initGeneral)
                  0020ef28    0000007c     sysbios.aem3 : BIOS.obj (.text:ti_sysbios_family_arm_m3_Timer_Module_startup__E)
                  0020efa4    0000007a     stk.aem3 : sock.oem3 (.text:SockAccept)
                  0020f01e    0000007a     rtsv7M3_T_le_eabi.lib : memset_t2.obj (.text)
                  0020f098    00000078     drivers_mware.aem3 : EMACTiva.oem3 (.text:EMACTiva_emacStart)
                  0020f110    00000078     stk.aem3 : socket.oem3 (.text:NDK_sendto)
                  0020f188    00000078              : tcptime.oem3 (.text:TcpXmitTimer)
                  0020f200    00000078              : fileuser.oem3 (.text:fdOpenSession)
                  0020f278    00000078     os.aem3 : task.oem3 (.text:llExit)
                  0020f2f0    00000076     stk.aem3 : pipe.oem3 (.text:PipeSend)
                  0020f366    00000002     main_m3.obj (.text:idle_send)
                  0020f368    00000075     stk.aem3 : tcptime.oem3 (.text:TcpTimeoutSackRexmt)
                  0020f3dd    00000001     --HOLE-- [fill = 0]
                  0020f3de    00000002     hal_ser_stub.aem3 : llserstb.oem3 (.text:llSerialService)
                  0020f3e0    00000074     drivers_mware.aem3 : GPIOTiva.oem3 (.text:GPIO_init)
                  0020f454    00000074     stk.aem3 : igmp.oem3 (.text:IGMPLeaveHostGroup)
                  0020f4c8    00000074              : nimu.oem3 (.text:NIMUShutdown)
                  0020f53c    00000074              : raweth.oem3 (.text:RawEthRxPacket)
                  0020f5b0    00000074              : sockpcb.oem3 (.text:SockPcbConnect)
                  0020f624    00000074     tcpEchoHooks.obj (.text:netOpenHook)
                  0020f698    00000074     sysbios.aem3 : BIOS.obj (.text:ti_sysbios_family_arm_m3_Hwi_postInit__I)
                  0020f70c    00000074                  : BIOS.obj (.text:ti_sysbios_knl_Clock_start__E)
                  0020f780    00000072     os.aem3 : semaphore.oem3 (.text:SemCreateBinary)
                  0020f7f2    00000070     stk.aem3 : socket.oem3 (.text:NDK_accept)
                  0020f862    00000070              : socket.oem3 (.text:NDK_send)
                  0020f8d2    00000002     rtsv7M3_T_le_eabi.lib : i_div0.obj (.text)
                  0020f8d4    00000070     stk.aem3 : rtable.oem3 (.text:RtFlush)
                  0020f944    00000070     netctrl_min_ipv4.aem3 : netsrv.oem3 (.text:SPConfig)
                  0020f9b4    00000070     stk.aem3 : sock.oem3 (.text:SockShutdown)
                  0020fa24    00000070     nettool_ipv4.aem3 : dhcptags.oem3 (.text:dhcpDecodeType)
                  0020fa94    0000006e     stk.aem3 : socket.oem3 (.text:NDK_recv)
                  0020fb02    00000002     config_pem3.oem3 (.text:ti_ndk_config_Global_NetworkClose)
                  0020fb04    0000006e     stk.aem3 : rtable.oem3 (.text:RtWalkNext)
                  0020fb72    0000006e              : sockpcb.oem3 (.text:SockPcbFindRaw)
                  0020fbe0    0000006d              : node.oem3 (.text:NodeNew)
                  0020fc4d    00000001     --HOLE-- [fill = 0]
                  0020fc4e    00000002     config_pem3.oem3 (.text:ti_sysbios_BIOS_nullFunc__I)
                  0020fc50    0000006c     os.aem3 : ossys.oem3 (.text:DbgPrintf)
                  0020fcbc    0000006c     stk.aem3 : node.oem3 (.text:NodeTreeNew)
                  0020fd28    0000006c              : pbm.oem3 (.text:PBM_open)
                  0020fd94    0000006c              : raweth.oem3 (.text:RawEthTxPacket)
                  0020fe00    0000006c              : udp.oem3 (.text:UdpChecksum)
                  0020fe6c    0000006c     config_pem3.oem3 (.text:ti_sysbios_family_arm_m3_Hwi_Object__create__S)
                  0020fed8    0000006c     ti.targets.arm.rtsarm.aem3 : Error.oem3 (.text:xdc_runtime_Error_print__E)
                  0020ff44    0000006c                                : Memory.oem3 (.text:xdc_runtime_Memory_alloc__E)
                  0020ffb0    0000006a     TMDXDOCKH52C1_neu.obj (.text:TMDXDOCKH52C1_initGPIO)
                  0021001a    0000006a     stk.aem3 : tcpprot.oem3 (.text:TcpPrInherit)
                  00210084    0000006a     rtsv7M3_T_le_eabi.lib : copy_decompress_rle.obj (.text)
                  002100ee    00000002     sysbios.aem3 : BIOS.obj (.text:ti_sysbios_gates_GateHwi_Instance_init__E)
                  002100f0    00000068     drivers_mware.aem3 : EMACTiva.oem3 (.text:EMACTiva_emacStop)
                  00210158    00000068     stk.aem3 : socket.oem3 (.text:NDK_socket)
                  002101c0    00000068              : sock.oem3 (.text:SockListen)
                  00210228    00000068              : rtable.oem3 (.text:_RtNodeInsert)
                  00210290    00000068     rtsv7M3_T_le_eabi.lib : trgmsg.obj (.text)
                  002102f8    00000068     spiGPIO.obj (.text:spiGPIO_setRelais)
                  00210360    00000066     ti.targets.arm.rtsarm.aem3 : Core-mem.oem3 (.text:xdc_runtime_Core_deleteObject__I)
                  002103c6    00000002     --HOLE-- [fill = 0]
                  002103c8    00000064     nettool_ipv4.aem3 : config.oem3 (.text:CfgFree)
                  0021042c    00000064                       : config.oem3 (.text:CfgGetEntryCnt)
                  00210490    00000064     drivers_mware.aem3 : GPIOTiva.oem3 (.text:GPIO_hwiIntFxn)
                  002104f4    00000064     stk.aem3 : pbm.oem3 (.text:PBMQ_enq)
                  00210558    00000064              : sockint.oem3 (.text:SockSpawnAbort)
                  002105bc    00000064     config_pem3.oem3 (.text:ti_sysbios_family_arm_m3_Hwi_create)
                  00210620    00000064     stk.aem3 : lliin.oem3 (.text:updateRtTable)
                  00210684    00000064     ti.targets.arm.rtsarm.aem3 : System.oem3 (.text:xdc_runtime_System_formatNum__I)
                  002106e8    00000062     stk.aem3 : ipin.oem3 (.text:IPRouteIP)
                  0021074a    00000002     --HOLE-- [fill = 0]
                  0021074c    00000062              : sb.oem3 (.text:SBNew)
                  002107ae    00000060              : file.oem3 (.text:FdWaitEvent)
                  0021080e    00000002     --HOLE-- [fill = 0]
                  00210810    00000060              : nimu.oem3 (.text:NIMUUnregister)
                  00210870    00000060              : node.oem3 (.text:NodeFind)
                  002108d0    00000060              : rtc.oem3 (.text:RTCMsg)
                  00210930    00000060              : tcp.oem3 (.text:TcpChecksum)
                  00210990    00000060     nettool_ipv4.aem3 : dhcptags.oem3 (.text:dhcpBuildOptions)
                  002109f0    00000060     hal_timer_bios.aem3 : lltimer.oem3 (.text:llTimerTick)
                  00210a50    00000060     sysbios.aem3 : BIOS.obj (.text:ti_sysbios_knl_Clock_logTick__E)
                  00210ab0    0000005e     stk.aem3 : route.oem3 (.text:RtRemove)
                  00210b0e    0000005e     drivers_mware.aem3 : SPITivaDMA.oem3 (.text:SPITivaDMA_transfer)
                  00210b6c    0000005e     nettool_ipv4.aem3 : dhcpsm.oem3 (.text:StateSelecting)
                  00210bca    0000005e     stk.aem3 : vlan.oem3 (.text:VLANReceivePacket)
                  00210c28    0000005c     nettool_ipv4.aem3 : config.oem3 (.text:CfgSetExecuteOrder)
                  00210c84    0000005c     stk.aem3 : nimu.oem3 (.text:NIMUIoctlSpecialCmd)
                  00210ce0    0000005c     netctrl_min_ipv4.aem3 : netsrv.oem3 (.text:SPService)
                  00210d3c    0000005c     config_pem3.oem3 (.text:ti_sysbios_knl_Swi_create)
                  00210d98    0000005c     config_pem3.oem3 (.text:ti_sysbios_knl_Task_create)
                  00210df4    0000005b     ti.targets.arm.rtsarm.aem3 : Text.oem3 (.text:xdc_runtime_Text_putLab__E)
                  00210e4f    00000001     --HOLE-- [fill = 0]
                  00210e50    0000005a     stk.aem3 : route.oem3 (.text:RtRedirect)
                  00210eaa    0000005a     nettool_ipv4.aem3 : dhcpbild.oem3 (.text:dhcpBuildDecline)
                  00210f04    0000005a     os.aem3 : mem.oem3 (.text:mmCopy)
                  00210f5e    0000005a     config_pem3.oem3 (.text:ti_ndk_config_tcp_init)
                  00210fb8    00000058     stk.aem3 : bind.oem3 (.text:BindFree)
                  00211010    00000058              : igmp.oem3 (.text:IGMPTimer)
                  00211068    00000058     os.aem3 : semaphore.oem3 (.text:SemCreate)
                  002110c0    00000058     stk.aem3 : tcpprot.oem3 (.text:TcpValidateMetrics)
                  00211118    00000058     config_pem3.oem3 (.text:ti_sysbios_family_arm_m3_Hwi_construct)
                  00211170    00000058     config_pem3.oem3 (.text:ti_sysbios_hal_Hwi_construct)
                  002111c8    00000058     sysbios.aem3 : BIOS.obj (.text:ti_sysbios_knl_Swi_restoreHwi__E)
                  00211220    00000058                  : BIOS.obj (.text:ti_sysbios_knl_Swi_schedule__I)
                  00211278    00000056     drivers_mware.aem3 : SPITivaDMA.oem3 (.text:SPITivaDMA_transferCancel)
                  002112ce    00000002     --HOLE-- [fill = 0]
                  002112d0    00000054     nettool_ipv4.aem3 : config.oem3 (.text:CfgEntryDeRef)
                  00211324    00000054     stk.aem3 : igmp.oem3 (.text:IGMPLeave)
                  00211378    00000054              : rawethsock_pcb.oem3 (.text:RawEthSockPcbAttach)
                  002113cc    00000054              : sockpcb.oem3 (.text:SockCleanPcb)
                  00211420    00000054              : tcptime.oem3 (.text:TcpTimeoutPersist)
                  00211474    00000054     sysbios.aem3 : BIOS.obj (.text:ti_sysbios_family_arm_m3_Timer_setPeriod__E)
                  002114c8    00000054                  : BIOS.obj (.text:ti_sysbios_family_arm_m3_Timer_start__E)
                  0021151c    00000054                  : BIOS.obj (.text:ti_sysbios_knl_Swi_Instance_finalize__E)
                  00211570    00000054     ti.targets.arm.rtsarm.aem3 : Assert.oem3 (.text:xdc_runtime_Assert_raise__I)
                  002115c4    00000052     stk.aem3 : tcpprot.oem3 (.text:TcpPrDetach)
                  00211616    00000002     --HOLE-- [fill = 0]
                  00211618    00000050     drivers_mware.aem3 : EMACTiva.oem3 (.text:EMACTiva_handlePendingTx)
                  00211668    00000050                        : GPIOTiva.oem3 (.text:GPIO_setCallback)
                  002116b8    00000050                        : GPIOTiva.oem3 (.text:GPIO_write)
                  00211708    00000050     stk.aem3 : socket.oem3 (.text:NDK_bind)
                  00211758    00000050              : route.oem3 (.text:RtNew)
                  002117a8    00000050     ti.targets.arm.rtsarm.aem3 : Startup.oem3 (.text:xdc_runtime_Startup_exec__E)
                  002117f8    0000004e     stk.aem3 : node.oem3 (.text:NodeDeRef)
                  00211846    0000004e     nettool_ipv4.aem3 : config.oem3 (.text:_CfgEntryScan)
                  00211894    0000004c                       : ipaddr.oem3 (.text:NtAddNetwork)
                  002118e0    0000004c     stk.aem3 : sockint.oem3 (.text:SockValidateRoute)
                  0021192c    0000004c     rtsv7M3_T_le_eabi.lib : cpy_tbl.obj (.text)
                  00211978    0000004c     sysbios.aem3 : m3_TaskSupport_asm.obj (.text:ti_sysbios_family_arm_m3_TaskSupport_buildTaskStack)
                  002119c4    0000004c                  : BIOS.obj (.text:ti_sysbios_knl_Swi_runLoop__I)
                  00211a10    0000004c                  : BIOS.obj (.text:ti_sysbios_knl_Task_deleteTerminatedTasksFunc__I)
                  00211a5c    0000004c     ti.targets.arm.rtsarm.aem3 : Text.oem3 (.text:xdc_runtime_Text_visitRope2__I)
                  00211aa8    0000004a     netctrl_min_ipv4.aem3 : netsrv.oem3 (.text:ServiceKill)
                  00211af2    0000004a     stk.aem3 : sock.oem3 (.text:SockDisconnect)
                  00211b3c    0000004a              : timer.oem3 (.text:TimerNew)
                  00211b86    00000048     nettool_ipv4.aem3 : config.oem3 (.text:CfgNew)
                  00211bce    00000002     --HOLE-- [fill = 0]
                  00211bd0    00000048     stk.aem3 : lli.oem3 (.text:LLIMsg)
                  00211c18    00000048              : node.oem3 (.text:NodeWalk)
                  00211c60    00000048              : rawethsock_pcb.oem3 (.text:RawEthSockPcbDetach)
                  00211ca8    00000048              : sockpcb.oem3 (.text:SockPcbResolveChain)
                  00211cf0    00000048              : tcpprot.oem3 (.text:TcpDrop)
                  00211d38    00000048              : lli.oem3 (.text:_LLIExpListInsert)
                  00211d80    00000048              : rtable.oem3 (.text:_RtExpListInsert)
                  00211dc8    00000048              : file.oem3 (.text:fdint_lockfd)
                  00211e10    00000048     rtsv7M3_T_le_eabi.lib : fd_toi_t2.obj (.text)
                  00211e58    00000048     sysbios.aem3 : BIOS.obj (.text:ti_sysbios_family_arm_m3_Hwi_excReserved__I)
                  00211ea0    00000048                  : m3_Hwi_asm_switch.obj (.text:ti_sysbios_family_arm_m3_Hwi_initStacks__E)
                  00211ee8    00000048                  : BIOS.obj (.text:ti_sysbios_heaps_HeapMem_getStats__E)
                  00211f30    00000046     nettool_ipv4.aem3 : ipaddr.oem3 (.text:NtIfIdx2Ip)
                  00211f76    00000046     stk.aem3 : rawethsock.oem3 (.text:RawEthSockSend)
                  00211fbc    00000046              : tcpprot.oem3 (.text:TcpPrCtlError)
                  00212002    00000046     os.aem3 : mem.oem3 (.text:mmZeroInit)
                  00212048    00000046     ti.targets.arm.rtsarm.aem3 : Core-params.oem3 (.text:xdc_runtime_Core_assignParams__I)
                  0021208e    00000002     --HOLE-- [fill = 0]
                  00212090    00000044     boot.aem3 : boot.oem3 (.text)
                  002120d4    00000044     stk.aem3 : icmp.oem3 (.text:ICMPChecksum)
                  00212118    00000044              : ipfrag.oem3 (.text:IPReasmFree)
                  0021215c    00000044              : lli.oem3 (.text:LLIGetValidTime)
                  002121a0    00000044              : rtable.oem3 (.text:RouteMsg)
                  002121e4    00000044              : rtable.oem3 (.text:RtWalkEnd)
                  00212228    00000044              : sockpcb.oem3 (.text:SockPcbDetach)
                  0021226c    00000044              : timer.oem3 (.text:TimerListInsert)
                  002122b0    00000044     hal_timer_bios.aem3 : lltimer.oem3 (.text:llTimerGetTime)
                  002122f4    00000044     rtsv7M3_T_le_eabi.lib : exit.obj (.text)
                  00212338    00000044                           : fd_tou_t2.obj (.text)
                  0021237c    00000044     sysbios.aem3 : BIOS.obj (.text:ti_sysbios_family_arm_m3_Hwi_disableInterrupt__E)
                  002123c0    00000044                  : BIOS.obj (.text:ti_sysbios_family_arm_m3_Hwi_enableInterrupt__E)
                  00212404    00000044                  : BIOS.obj (.text:ti_sysbios_knl_Task_allBlockedFunction__I)
                  00212448    00000044     ti.targets.arm.rtsarm.aem3 : Error.oem3 (.text:xdc_runtime_Error_setX__E)
                  0021248c    00000044                                : SysMin.oem3 (.text:xdc_runtime_SysMin_flush__E)
                  002124d0    00000044                                : Text.oem3 (.text:xdc_runtime_Text_xprintf__I)
                  00212514    00000042     stk.aem3 : socket.oem3 (.text:NDK_listen)
                  00212556    00000042              : tcpprot.oem3 (.text:TcpPrSendOOB)
                  00212598    00000042              : fileuser.oem3 (.text:fdCloseSession)
                  002125da    00000002     --HOLE-- [fill = 0]
                  002125dc    00000040              : lliin.oem3 (.text:LLIValidateRoute)
                  0021261c    00000040              : pbm.oem3 (.text:PBM_copy)
                  0021265c    00000040     drivers_mware.aem3 : SPITivaDMA.oem3 (.text:SPITivaDMA_hwiFxn)
                  0021269c    00000040     stk.aem3 : sockpcb.oem3 (.text:SockPcbRtChange)
                  002126dc    00000040              : tcpprot.oem3 (.text:TcpPrSend)
                  0021271c    00000040     rtsv7M3_T_le_eabi.lib : u_divt2.obj (.text)
                  0021275c    00000040     sysbios.aem3 : BIOS.obj (.text:ti_sysbios_family_arm_m3_Hwi_getStackInfo__E)
                  0021279c    0000003e     nettool_ipv4.aem3 : dhcpmain.oem3 (.text:DHCPClose)
                  002127da    00000002     --HOLE-- [fill = 0]
                  002127dc    0000003e     stk.aem3 : nimu.oem3 (.text:NIMUAllocateName)
                  0021281a    0000003e              : tcpprot.oem3 (.text:TcpPrDisconnect)
                  00212858    0000003e              : file.oem3 (.text:fdint_unlockfd)
                  00212896    0000003c     nettool_ipv4.aem3 : config.oem3 (.text:CfgEntryGetData)
                  002128d2    0000003c     stk.aem3 : node.oem3 (.text:NodeUpdatePL)
                  0021290e    00000002     --HOLE-- [fill = 0]
                  00212910    0000003c              : rtable.oem3 (.text:RtWalkBegin)
                  0021294c    0000003c     drivers_mware.aem3 : SPITivaDMA.oem3 (.text:SPITivaDMA_close)
                  00212988    0000003c     stk.aem3 : tcpprot.oem3 (.text:TcpPrConnect)
                  002129c4    0000003c              : tcptime.oem3 (.text:TcpSetPersist)
                  00212a00    0000003c              : rtc.oem3 (.text:_RTCSendRtAdv)
                  00212a3c    0000003c              : rtable.oem3 (.text:_RtNodeRemove)
                  00212a78    0000003c     hal_timer_bios.aem3 : lltimer.oem3 (.text:_llTimerInit)
                  00212ab4    0000003c     TMDXDOCKH52C1_neu.obj (.text:dmaErrorHwi)
                  00212af0    0000003c     spiGPIO.obj (.text:spiGPIO_init)
                  00212b2c    0000003c     sysbios.aem3 : BIOS.obj (.text:ti_sysbios_family_arm_m3_Hwi_excSvCall__I)
                  00212b68    0000003c                  : BIOS.obj (.text:ti_sysbios_heaps_HeapMem_init__I)
                  00212ba4    0000003c                  : BIOS.obj (.text:ti_sysbios_knl_Swi_startup__E)
                  00212be0    00000038     stk.aem3 : ip.oem3 (.text:IPChecksum)
                  00212c18    00000038              : ipfrag.oem3 (.text:IPReasmTimeout)
                  00212c50    00000038              : node.oem3 (.text:NodeGetRt)
                  00212c88    00000038     drivers_mware.aem3 : SPI.oem3 (.text:SPI_init)
                  00212cc0    00000038     os.aem3 : task.oem3 (.text:TaskCreate)
                  00212cf8    00000038     stk.aem3 : tcpprot.oem3 (.text:TcpClose)
                  00212d30    00000038              : timer.oem3 (.text:TimerHSTick)
                  00212d68    00000038     nettool_ipv4.aem3 : dhcpbild.oem3 (.text:dhcpBuildDiscover)
                  00212da0    00000038                       : dhcptags.oem3 (.text:dhcpOptionsClear)
                  00212dd8    00000038     stk.aem3 : file.oem3 (.text:fdint_waitevent)
                  00212e10    00000038     rtsv7M3_T_le_eabi.lib : fs_tod_t2.obj (.text)
                  00212e48    00000038     sysbios.aem3 : BIOS.obj (.text:ti_sysbios_family_arm_m3_Hwi_excNoIsr__I)
                  00212e80    00000038                  : BIOS.obj (.text:ti_sysbios_family_arm_m3_TaskSupport_start__E)
                  00212eb8    00000038     config_pem3.oem3 (.text:ti_sysbios_knl_Clock_create)
                  00212ef0    00000038     sysbios.aem3 : BIOS.obj (.text:ti_sysbios_knl_Task_processVitalTaskFlag__I)
                  00212f28    00000038     ti.targets.arm.rtsarm.aem3 : SysMin.oem3 (.text:xdc_runtime_SysMin_putch__E)
                  00212f60    00000038                                : System.oem3 (.text:xdc_runtime_System_atexit__E)
                  00212f98    00000036     driverlib.lib : cpu.obj (.text)
                  00212fce    00000002     --HOLE-- [fill = 0]
                  00212fd0    00000034     nettool_ipv4.aem3 : config.oem3 (.text:CfgSetService)
                  00213004    00000034     drivers_mware.aem3 : EMACTiva.oem3 (.text:EMACTiva_hwiIntFxn)
                  00213038    00000034                        : EMAC.oem3 (.text:EMAC_init)
                  0021306c    00000034     stk.aem3 : exec.oem3 (.text:ExecClose)
                  002130a0    00000034              : nimu.oem3 (.text:NIMUFindByName)
                  002130d4    00000034              : nimu.oem3 (.text:NIMUInit)
                  00213108    00000034              : rawethsock.oem3 (.text:RawEthSockNotify)
                  0021313c    00000034              : sockprot.oem3 (.text:SockPrCtlError)
                  00213170    00000034     os.aem3 : mem.oem3 (.text:mmUnInitPage)
                  002131a4    00000034     sysbios.aem3 : BIOS.obj (.text:ti_sysbios_family_arm_m3_Hwi_excNmi__I)
                  002131d8    00000034                  : BIOS.obj (.text:ti_sysbios_family_arm_m3_Timer_periodicStub__I)
                  0021320c    00000034                  : BIOS.obj (.text:ti_sysbios_hal_Hwi_checkStack)
                  00213240    00000034     config_pem3.oem3 (.text:ti_sysbios_knl_Semaphore_create)
                  00213274    00000034     ti.targets.arm.rtsarm.aem3 : Core-label.oem3 (.text:xdc_runtime_Core_assignLabel__I)
                  002132a8    00000033                                : Text.oem3 (.text:xdc_runtime_Text_printVisFxn__I)
                  002132db    00000001     --HOLE-- [fill = 0]
                  002132dc    00000032     nettool_ipv4.aem3 : config.oem3 (.text:CfgGetImmediate)
                  0021330e    00000032     stk.aem3 : route.oem3 (.text:RtDeRef)
                  00213340    00000032              : route.oem3 (.text:RtSetFailure)
                  00213372    00000032              : sb.oem3 (.text:SBFlush)
                  002133a4    00000032              : sb.oem3 (.text:SBSetMax)
                  002133d6    00000032              : sock.oem3 (.text:SockIntAbort)
                  00213408    00000032     nettool_ipv4.aem3 : config.oem3 (.text:_CfgAcquire)
                  0021343a    00000032                       : dhcpsm.oem3 (.text:dhcpIPRemove)
                  0021346c    00000032     sysbios.aem3 : BIOS.obj (.text:ti_sysbios_knl_Semaphore_pendTimeout__I)
                  0021349e    00000002     --HOLE-- [fill = 0]
                  002134a0    00000030     netctrl_min_ipv4.aem3 : netsrv.oem3 (.text:NS_PreBoot)
                  002134d0    00000030     stk.aem3 : sock.oem3 (.text:SockBind)
                  00213500    00000030              : sock.oem3 (.text:SockGetName)
                  00213530    00000030     nettool_ipv4.aem3 : dhcpsock.oem3 (.text:dhcpPacketSend)
                  00213560    00000030     stk.aem3 : listlib.oem3 (.text:list_remove_node)
                  00213590    00000030     config_pem3.oem3 (.text:ti_sysbios_BIOS_atExitFunc__I)
                  002135c0    00000030     config_pem3.oem3 (.text:ti_sysbios_gates_GateHwi_Object__create__S)
                  002135f0    00000030     config_pem3.oem3 (.text:ti_sysbios_gates_GateMutex_Object__create__S)
                  00213620    00000030     config_pem3.oem3 (.text:ti_sysbios_heaps_HeapMem_Object__create__S)
                  00213650    00000030     config_pem3.oem3 (.text:ti_sysbios_heaps_HeapTrack_Object__create__S)
                  00213680    00000030     config_pem3.oem3 (.text:ti_sysbios_knl_Semaphore_construct)
                  002136b0    00000030     ti.targets.arm.rtsarm.aem3 : SysMin.oem3 (.text:xdc_runtime_SysMin_abort__E)
                  002136e0    00000030                                : System.oem3 (.text:xdc_runtime_System_processAtExit__E)
                  00213710    0000002e     stk.aem3 : sb.oem3 (.text:SBFree)
                  0021373e    0000002e     rtsv7M3_T_le_eabi.lib : i_tofd_t2.obj (.text)
                  0021376c    0000002c     stk.aem3 : file.oem3 (.text:FdSignalEvent)
                  00213798    0000002c              : igmp.oem3 (.text:IGMPTestGroup)
                  002137c4    0000002c     os.aem3 : task.oem3 (.text:NDK_hookCreate)
                  002137f0    0000002c     stk.aem3 : nimu.oem3 (.text:NIMUAllocateIndex)
                  0021381c    0000002c              : nimu.oem3 (.text:NIMUPacketServiceCheck)
                  00213848    0000002c              : pipe.oem3 (.text:PipeClose)
                  00213874    0000002c              : sockpcb.oem3 (.text:SockPcbAttach)
                  002138a0    0000002c              : lli.oem3 (.text:_LLIExpListRemove)
                  002138cc    0000002c              : lli.oem3 (.text:_LLITimeoutFlush)
                  002138f8    0000002c              : rtable.oem3 (.text:_RtExpListRemove)
                  00213924    0000002c     sysbios.aem3 : BIOS.obj (.text:ti_sysbios_family_arm_m3_Hwi_Instance_finalize__E)
                  00213950    0000002c                  : BIOS.obj (.text:ti_sysbios_hal_Hwi_initStack)
                  0021397c    0000002c     config_pem3.oem3 (.text:ti_sysbios_knl_Clock_doTick__I)
                  002139a8    0000002c     config_pem3.oem3 (.text:ti_sysbios_knl_Queue_construct)
                  002139d4    0000002c     sysbios.aem3 : BIOS.obj (.text:ti_sysbios_knl_Task_restore__E)
                  00213a00    0000002c     ti.targets.arm.rtsarm.aem3 : Text.oem3 (.text:xdc_runtime_Text_cordText__E)
                  00213a2c    0000002a     stk.aem3 : pbm.oem3 (.text:PBMQ_deq)
                  00213a56    0000002a     netctrl_min_ipv4.aem3 : netsrv.oem3 (.text:ServiceCallback)
                  00213a80    0000002a     nettool_ipv4.aem3 : config.oem3 (.text:_CfgRelease)
                  00213aaa    0000002a     ti.targets.arm.rtsarm.aem3 : System.oem3 (.text:xdc_runtime_System_putchar__I)
                  00213ad4    00000028     config_pem3.oem3 (.text:.bootCodeSection:ti_catalog_arm_cortexm3_concertoInit_Boot_initSharedRAMs)
                  00213afc    00000028     stk.aem3 : bind.oem3 (.text:BindFindByNet)
                  00213b24    00000028     drivers_mware.aem3 : EMACTiva.oem3 (.text:EMACTiva_isLinkUp)
                  00213b4c    00000028     stk.aem3 : lli.oem3 (.text:LLIFree)
                  00213b74    00000028     netctrl_min_ipv4.aem3 : netctrl.oem3 (.text:NC_SystemClose)
                  00213b9c    00000028     stk.aem3 : nimu.oem3 (.text:NIMUCreatePacket)
                  00213bc4    00000028              : nimu.oem3 (.text:NIMUPacketService)
                  00213bec    00000028              : tcpin.oem3 (.text:TcpEnterTimeWait)
                  00213c14    00000028              : timer.oem3 (.text:TimerListRemove)
                  00213c3c    00000028              : vlan.oem3 (.text:VLANFindSourceInterface)
                  00213c64    00000028              : vlan.oem3 (.text:VLANInit)
                  00213c8c    00000028     nettool_ipv4.aem3 : dhcpsock.oem3 (.text:dhcpPacketReceive)
                  00213cb4    00000028     sysbios.aem3 : BIOS.obj (.text:ti_sysbios_hal_Hwi_Instance_init__E)
                  00213cdc    00000026     nettool_ipv4.aem3 : config.oem3 (.text:CfgEntryInfo)
                  00213d02    00000026     stk.aem3 : rawethsock.oem3 (.text:RawEthSockClose)
                  00213d28    00000026     config_pem3.oem3 (.text:ti_ndk_config_udp_init)
                  00213d4e    00000026     ti.targets.arm.rtsarm.aem3 : System.oem3 (.text:xdc_runtime_System_avprintf__E)
                  00213d74    00000024     stk.aem3 : bind.oem3 (.text:BindFindByHost)
                  00213d98    00000024              : bind.oem3 (.text:BindGetIFByDBCast)
                  00213dbc    00000024     drivers_mware.aem3 : EMACTiva.oem3 (.text:EMACTiva_emacPoll)
                  00213de0    00000024                        : EMACTiva.oem3 (.text:EMACTiva_emacServicePacket)
                  00213e04    00000024     stk.aem3 : exec.oem3 (.text:ExecTimer)
                  00213e28    00000024              : nimu.oem3 (.text:NIMUFindByIndex)
                  00213e4c    00000024              : rtc.oem3 (.text:RTCAddHook)
                  00213e70    00000024              : rawethsock_pcb.oem3 (.text:RawEthSockPcbFind)
                  00213e94    00000024              : route.oem3 (.text:RtFree)
                  00213eb8    00000024              : route.oem3 (.text:RtSetTimeout)
                  00213edc    00000024              : sockpcb.oem3 (.text:SockPcbCleanup)
                  00213f00    00000024              : tcpprot.oem3 (.text:TcpPrListen)
                  00213f24    00000024              : tcptime.oem3 (.text:TcpTimeoutWait2)
                  00213f48    00000024     nettool_ipv4.aem3 : config.oem3 (.text:_CfgEntryProcess)
                  00213f6c    00000024     config_pem3.oem3 (.text:ti_sysbios_BIOS_errorRaiseHook__I)
                  00213f90    00000024     config_pem3.oem3 (.text:ti_sysbios_BIOS_registerRTSLock__I)
                  00213fb4    00000024     config_pem3.oem3 (.text:ti_sysbios_BIOS_removeRTSLock__I)
                  00213fd8    00000024     config_pem3.oem3 (.text:ti_sysbios_BIOS_startFunc__I)
                  00213ffc    00000024     sysbios.aem3 : BIOS.obj (.text:ti_sysbios_family_arm_m3_Hwi_doTaskRestore__I)
                  00214020    00000024                  : BIOS.obj (.text:ti_sysbios_family_arm_m3_Timer_startup__E)
                  00214044    00000024     config_pem3.oem3 (.text:ti_sysbios_gates_GateMutex_Object__delete__S)
                  00214068    00000024     config_pem3.oem3 (.text:ti_sysbios_heaps_HeapTrack_Object__delete__S)
                  0021408c    00000024     sysbios.aem3 : BIOS.obj (.text:ti_sysbios_knl_Clock_Module_startup__E)
                  002140b0    00000024     config_pem3.oem3 (.text:ti_sysbios_knl_Semaphore_Object__delete__S)
                  002140d4    00000024     sysbios.aem3 : BIOS.obj (.text:ti_sysbios_knl_Swi_Module_startup__E)
                  002140f8    00000024     ti.targets.arm.rtsarm.aem3 : System.oem3 (.text:xdc_runtime_System_vprintf__E)
                  0021411c    00000022     nettool_ipv4.aem3 : config.oem3 (.text:CfgEntryRef)
                  0021413e    00000022     stk.aem3 : vlan.oem3 (.text:VLANFindNode)
                  00214160    00000022     main_m3.obj (.text:setsockopt)
                  00214182    00000022     config_pem3.oem3 (.text:xdc_runtime_SysMin_output__I)
                  002141a4    00000020     drivers_mware.aem3 : EMACTiva.oem3 (.text:EMACTiva_init)
                  002141c4    00000020     netctrl_min_ipv4.aem3 : netctrl.oem3 (.text:NC_BootComplete)
                  002141e4    00000020     stk.aem3 : nimu.oem3 (.text:NIMUGetNumOfObject)
                  00214204    00000020              : rtc.oem3 (.text:RTCRemoveHook)
                  00214224    00000020              : tcp.oem3 (.text:TcpTimeoutRemove)
                  00214244    00000020     config_pem3.oem3 (.text:ti_sysbios_BIOS_rtsLock__I)
                  00214264    00000020     config_pem3.oem3 (.text:ti_sysbios_family_arm_m3_Hwi_Object__delete__S)
                  00214284    00000020     sysbios.aem3 : BIOS.obj (.text:ti_sysbios_family_arm_m3_Hwi_clearInterrupt__E)
                  002142a4    00000020                  : m3_Hwi_asm.obj (.text:ti_sysbios_family_arm_m3_Hwi_excHandlerAsm__I)
                  002142c4    00000020                  : BIOS.obj (.text:ti_sysbios_family_arm_m3_Hwi_excHandler__I)
                  002142e4    00000020     config_pem3.oem3 (.text:ti_sysbios_gates_GateHwi_Object__delete__S)
                  00214304    00000020     config_pem3.oem3 (.text:ti_sysbios_heaps_HeapMem_Object__delete__S)
                  00214324    00000020     sysbios.aem3 : BIOS.obj (.text:ti_sysbios_heaps_HeapTrack_Instance_init__E)
                  00214344    00000020                  : BIOS.obj (.text:ti_sysbios_knl_Idle_run__E)
                  00214364    00000020     config_pem3.oem3 (.text:ti_sysbios_knl_Semaphore_Object__destruct__S)
                  00214384    00000020     config_pem3.oem3 (.text:ti_sysbios_knl_Swi_Object__delete__S)
                  002143a4    00000020     config_pem3.oem3 (.text:ti_sysbios_knl_Task_Object__delete__S)
                  002143c4    00000020     ti.targets.arm.rtsarm.aem3 : Registry.oem3 (.text:xdc_runtime_Registry_findById__E)
                  002143e4    00000020                                : SysMin.oem3 (.text:xdc_runtime_SysMin_Module_startup__E)
                  00214404    0000001e     stk.aem3 : listlib.oem3 (.text:list_remove)
                  00214422    0000001e     main_m3.obj (.text:recv)
                  00214440    0000001e     main_m3.obj (.text:send)
                  0021445e    0000001e     sysbios.aem3 : m3_Hwi_asm_switch.obj (.text:ti_sysbios_family_xxx_Hwi_switchAndRunFunc)
                  0021447c    0000001c     stk.aem3 : bind.oem3 (.text:BindFindByIF)
                  00214498    0000001c     drivers_mware.aem3 : EMACTiva.oem3 (.text:EMACTiva_emacSend)
                  002144b4    0000001c     stk.aem3 : exec.oem3 (.text:ExecBroadcast)
                  002144d0    0000001c     os.aem3 : ossys.oem3 (.text:NDK_sprintf)
                  002144ec    0000001c     stk.aem3 : nimu.oem3 (.text:NIMUAddHeader)
                  00214508    0000001c              : sockprot.oem3 (.text:SockPrDetach)
                  00214524    0000001c     os.aem3 : task.oem3 (.text:TaskDestroy)
                  00214540    0000001c     config_pem3.oem3 (.text:ti_ndk_config_global_taskCreateHook)
                  0021455c    0000001c     config_pem3.oem3 (.text:ti_sysbios_family_arm_m3_Hwi_Object__destruct__S)
                  00214578    0000001c     sysbios.aem3 : BIOS.obj (.text:ti_sysbios_gates_GateMutex_Instance_init__E)
                  00214594    0000001c     config_pem3.oem3 (.text:ti_sysbios_hal_Hwi_HwiProxy_create)
                  002145b0    0000001c     config_pem3.oem3 (.text:ti_sysbios_knl_Queue_Object__destruct__S)
                  002145cc    0000001c     sysbios.aem3 : BIOS.obj (.text:ti_sysbios_knl_Task_enter__I)
                  002145e8    0000001c     ti.targets.arm.rtsarm.aem3 : Error.oem3 (.text:xdc_runtime_Error_raiseX__E)
                  00214604    0000001c                                : Memory.oem3 (.text:xdc_runtime_Memory_valloc__E)
                  00214620    0000001c                                : SysMin.oem3 (.text:xdc_runtime_SysMin_exit__E)
                  0021463c    0000001c                                : System.oem3 (.text:xdc_runtime_System_abort__E)
                  00214658    0000001a     stk.aem3 : bind.oem3 (.text:BindGetIP)
                  00214672    0000001a              : sockint.oem3 (.text:SockSetOOBMark)
                  0021468c    0000001a              : file.oem3 (.text:fdint_getfdt)
                  002146a6    0000001a     config_pem3.oem3 (.text:ti_sysbios_family_arm_m3_Hwi_Handle__label__S)
                  002146c0    0000001a     sysbios.aem3 : m3_Hwi_asm.obj (.text:ti_sysbios_family_arm_m3_Hwi_pendSV__I)
                  002146da    0000001a     config_pem3.oem3 (.text:ti_sysbios_gates_GateHwi_Handle__label__S)
                  002146f4    0000001a     config_pem3.oem3 (.text:ti_sysbios_gates_GateMutex_Handle__label__S)
                  0021470e    0000001a     config_pem3.oem3 (.text:ti_sysbios_heaps_HeapMem_Handle__label__S)
                  00214728    0000001a     config_pem3.oem3 (.text:ti_sysbios_heaps_HeapTrack_Handle__label__S)
                  00214742    0000001a     config_pem3.oem3 (.text:ti_sysbios_knl_Swi_Handle__label__S)
                  0021475c    0000001a     config_pem3.oem3 (.text:ti_sysbios_knl_Task_Handle__label__S)
                  00214776    0000001a     sysbios.aem3 : BIOS.obj (.text:ti_sysbios_knl_Task_sleepTimeout__I)
                  00214790    0000001a     config_pem3.oem3 (.text:xdc_runtime_System_aprintf__E)
                  002147aa    0000001a     config_pem3.oem3 (.text:xdc_runtime_System_printf__E)
                  002147c4    00000018     stk.aem3 : ip.oem3 (.text:IPRtChange)
                  002147dc    00000018              : rawethsock_pcb.oem3 (.text:RawEthSockPcbCleanup)
                  002147f4    00000018     nettool_ipv4.aem3 : ipaddr.oem3 (.text:RouteHook)
                  0021480c    00000018     stk.aem3 : tcpin.oem3 (.text:SEQ_GEQ)
                  00214824    00000018              : tcpout.oem3 (.text:SEQ_GEQ)
                  0021483c    00000018              : tcpin.oem3 (.text:SEQ_GT)
                  00214854    00000018              : tcpout.oem3 (.text:SEQ_GT)
                  0021486c    00000018              : tcpin.oem3 (.text:SEQ_LEQ)
                  00214884    00000018              : tcpout.oem3 (.text:SEQ_LEQ)
                  0021489c    00000018              : tcpin.oem3 (.text:SEQ_LT)
                  002148b4    00000018              : tcpout.oem3 (.text:SEQ_LT)
                  002148cc    00000018     drivers_mware.aem3 : SPI.oem3 (.text:SPI_open)
                  002148e4    00000018     stk.aem3 : tcp.oem3 (.text:TcpTimeoutAdd)
                  002148fc    00000018     nettool_ipv4.aem3 : dhcpsock.oem3 (.text:dhcpSocketClose)
                  00214914    00000018     stk.aem3 : listlib.oem3 (.text:list_add)
                  0021492c    00000018     rtsv7M3_T_le_eabi.lib : args_main.obj (.text)
                  00214944    00000018                           : strcmp.obj (.text)
                  0021495c    00000018     config_pem3.oem3 (.text:ti_sysbios_BIOS_rtsUnlock__I)
                  00214974    00000018     config_pem3.oem3 (.text:ti_sysbios_family_arm_m3_Hwi_Module__startupDone__F)
                  0021498c    00000018     config_pem3.oem3 (.text:ti_sysbios_family_arm_m3_Timer_Module__startupDone__F)
                  002149a4    00000018     sysbios.aem3 : BIOS.obj (.text:ti_sysbios_gates_GateMutex_leave__E)
                  002149bc    00000018     ti.targets.arm.rtsarm.aem3 : Error.oem3 (.text:xdc_runtime_Error_check__E)
                  002149d4    00000018                                : System.oem3 (.text:xdc_runtime_System_exit__E)
                  002149ec    00000018                                : Text.oem3 (.text:xdc_runtime_Text_ropeText__E)
                  00214a04    00000016     stk.aem3 : file.oem3 (.text:fdint_freefdt)
                  00214a1a    00000016     rtsv7M3_T_le_eabi.lib : strcpy.obj (.text)
                  00214a30    00000016     config_pem3.oem3 (.text:ti_sysbios_BIOS_exitFunc__I)
                  00214a46    00000016     TMDXDOCKH52C1_neu.obj (.text:ti_sysbios_hal_Hwi_Params_init)
                  00214a5c    00000016     main_m3.obj (.text:ti_sysbios_knl_Task_Params_init)
                  00214a72    00000016     tcpEchoHooks.obj (.text:ti_sysbios_knl_Task_Params_init)
                  00214a88    00000016     ti.targets.arm.rtsarm.aem3 : System.oem3 (.text:xdc_runtime_System_vsprintf__E)
                  00214a9e    00000014     config_pem3.oem3 (.text:.bootCodeSection:ti_catalog_arm_cortexm3_concertoInit_Boot_init)
                  00214ab2    00000014     stk.aem3 : bind.oem3 (.text:BindIPHost2IF)
                  00214ac6    00000002     --HOLE-- [fill = 0]
                  00214ac8    00000014     netctrl_min_ipv4.aem3 : netctrl.oem3 (.text:NC_NetStop)
                  00214adc    00000014     os.aem3 : task.oem3 (.text:NDK_hookExit)
                  00214af0    00000014     stk.aem3 : nimu.oem3 (.text:NIMUSendPacket)
                  00214b04    00000014     nettool_ipv4.aem3 : ipaddr.oem3 (.text:NtRemoveNetwork)
                  00214b18    00000014     stk.aem3 : rawethsock_pcb.oem3 (.text:RawEthSockPcbInit)
                  00214b2c    00000014     drivers_mware.aem3 : SPI.oem3 (.text:SPI_Params_init)
                  00214b40    00000014     stk.aem3 : timer.oem3 (.text:TimerFree)
                  00214b54    00000014     main_m3.obj (.text:accept)
                  00214b68    00000014     main_m3.obj (.text:bind)
                  00214b7c    00000014     rtsv7M3_T_le_eabi.lib : _lock.obj (.text)
                  00214b90    00000014                           : strlen.obj (.text)
                  00214ba4    00000014     main_m3.obj (.text:socket)
                  00214bb8    00000014     config_pem3.oem3 (.text:ti_ndk_config_global_taskExitHook)
                  00214bcc    00000014     config_pem3.oem3 (.text:ti_sysbios_family_arm_m3_Hwi_Object__get__S)
                  00214be0    00000014     sysbios.aem3 : BIOS.obj (.text:ti_sysbios_family_arm_m3_Hwi_switchFromBootStack__E)
                  00214bf4    00000014     config_pem3.oem3 (.text:ti_sysbios_heaps_HeapMem_Object__get__S)
                  00214c08    00000014     config_pem3.oem3 (.text:ti_sysbios_knl_Swi_Object__get__S)
                  00214c1c    00000014     config_pem3.oem3 (.text:ti_sysbios_knl_Task_Object__first__S)
                  00214c30    00000014     config_pem3.oem3 (.text:ti_sysbios_knl_Task_Object__next__S)
                  00214c44    00000012     stk.aem3 : sockprot.oem3 (.text:SockPrAttach)
                  00214c56    00000012              : sockint.oem3 (.text:SockSetOOBData)
                  00214c68    00000012     nettool_ipv4.aem3 : inetaddr.oem3 (.text:inet_addr)
                  00214c7a    00000012     sysbios.aem3 : BIOS.obj (.text:ti_sysbios_hal_Hwi_Module_startup__E)
                  00214c8c    00000012                  : BIOS.obj (.text:ti_sysbios_knl_Semaphore_reset__E)
                  00214c9e    00000012     config_pem3.oem3 (.text:xdc_runtime_Startup_exec__I)
                  00214cb0    00000010     stk.aem3 : bind.oem3 (.text:BindIF2IPHost)
                  00214cc0    00000010              : bind.oem3 (.text:BindIFNet2IPHost)
                  00214cd0    00000010              : exec.oem3 (.text:ExecHRef)
                  00214ce0    00000010     netctrl_min_ipv4.aem3 : netctrl.oem3 (.text:NC_IPUpdate)
                  00214cf0    00000010     stk.aem3 : nimu.oem3 (.text:NIMUGetRsvdSizeInfo)
                  00214d00    00000010     main_m3.obj (.text:listen)
                  00214d10    00000010     sysbios.aem3 : BIOS.obj (.text:ti_sysbios_BIOS_getCpuFreq__E)
                  00214d20    00000010                  : BIOS.obj (.text:ti_sysbios_BIOS_setThreadType__E)
                  00214d30    00000010                  : BIOS.obj (.text:ti_sysbios_BIOS_start__E)
                  00214d40    00000010                  : m3_TaskSupport_asm.obj (.text:ti_sysbios_family_arm_m3_TaskSupport_glue)
                  00214d50    00000010                  : m3_TaskSupport_asm.obj (.text:ti_sysbios_family_arm_m3_TaskSupport_swap__E)
                  00214d60    00000010                  : BIOS.obj (.text:ti_sysbios_gates_GateMutex_Instance_finalize__E)
                  00214d70    00000010     config_pem3.oem3 (.text:ti_sysbios_hal_Hwi_HwiProxy_Object__create__S)
                  00214d80    00000010     sysbios.aem3 : BIOS.obj (.text:ti_sysbios_knl_Semaphore_Instance_finalize__E)
                  00214d90    00000010                  : BIOS.obj (.text:ti_sysbios_knl_Swi_disable__E)
                  00214da0    00000010     config_pem3.oem3 (.text:ti_sysbios_knl_Task_Object__get__S)
                  00214db0    00000010     sysbios.aem3 : BIOS.obj (.text:ti_sysbios_knl_Task_disable__E)
                  00214dc0    00000010     ti.targets.arm.rtsarm.aem3 : Gate.oem3 (.text:xdc_runtime_Gate_leaveSystem__E)
                  00214dd0    00000010                                : Memory.oem3 (.text:xdc_runtime_Memory_free__E)
                  00214de0    00000010                                : Memory.oem3 (.text:xdc_runtime_Memory_getStats__E)
                  00214df0    00000010                                : SysMin.oem3 (.text:xdc_runtime_SysMin_ready__E)
                  00214e00    00000010                                : System.oem3 (.text:xdc_runtime_System_vsnprintf__E)
                  00214e10    00000010     config_pem3.oem3 (.text:xdc_runtime_Text_visitRope__I)
                  00214e20    0000000e     drivers_mware.aem3 : EMACTiva.oem3 (.text:EMACTiva_emacioctl)
                  00214e2e    0000000e     stk.aem3 : exec.oem3 (.text:ExecLowResource)
                  00214e3c    0000000e     rtsv7M3_T_le_eabi.lib : copy_decompress_none.obj (.text:decompress:none)
                  00214e4a    0000000e     sysbios.aem3 : BIOS.obj (.text:ti_sysbios_knl_Queue_empty__E)
                  00214e58    0000000c     config_pem3.oem3 (.text:.bootCodeSection:ti_catalog_arm_cortexm3_concertoInit_Boot_initStartup)
                  00214e64    0000000c     stk.aem3 : bind.oem3 (.text:BindGetFirst)
                  00214e70    0000000c     nettool_ipv4.aem3 : config.oem3 (.text:CfgSetDefault)
                  00214e7c    0000000c     os.aem3 : task.oem3 (.text:NDK_hookInit)
                  00214e88    0000000c     stk.aem3 : nimu.oem3 (.text:NIMUSetRsvdSizeInfo)
                  00214e94    0000000c     os.aem3 : task.oem3 (.text:NotifyLowResource)
                  00214ea0    0000000c     stk.aem3 : pbm.oem3 (.text:PBM_close)
                  00214eac    0000000c     os.aem3 : semaphore.oem3 (.text:SemDelete)
                  00214eb8    0000000c     hal_timer_bios.aem3 : lltimer.oem3 (.text:_llTimerShutdown)
                  00214ec4    0000000c     main_m3.obj (.text:close)
                  00214ed0    0000000c     rtsv7M3_T_le_eabi.lib : copy_zero_init.obj (.text:decompress:ZI)
                  00214edc    0000000c     hal_timer_bios.aem3 : lltimer.oem3 (.text:llTimerGetStartTime)
                  00214ee8    0000000c     sysbios.aem3 : BIOS.obj (.text:ti_sysbios_BIOS_getThreadType__E)
                  00214ef4    0000000c     config_pem3.oem3 (.text:ti_sysbios_family_arm_m3_Hwi_Params__init__S)
                  00214f00    0000000c     sysbios.aem3 : BIOS.obj (.text:ti_sysbios_family_arm_m3_Hwi_disableFxn__E)
                  00214f0c    0000000c                  : BIOS.obj (.text:ti_sysbios_family_arm_m3_TaskSupport_checkStack__E)
                  00214f18    0000000c                  : BIOS.obj (.text:ti_sysbios_family_arm_m3_TaskSupport_getStackAlignment__E)
                  00214f24    0000000c                  : BIOS.obj (.text:ti_sysbios_gates_GateHwi_enter__E)
                  00214f30    0000000c     config_pem3.oem3 (.text:ti_sysbios_hal_Hwi_Params__init__S)
                  00214f3c    0000000c     sysbios.aem3 : BIOS.obj (.text:ti_sysbios_heaps_HeapTrack_isBlocking__E)
                  00214f48    0000000c     config_pem3.oem3 (.text:ti_sysbios_knl_Clock_Params__init__S)
                  00214f54    0000000c     sysbios.aem3 : BIOS.obj (.text:ti_sysbios_knl_Clock_getTicks__E)
                  00214f60    0000000c     config_pem3.oem3 (.text:ti_sysbios_knl_Queue_Object__get__S)
                  00214f6c    0000000c     config_pem3.oem3 (.text:ti_sysbios_knl_Semaphore_Params__init__S)
                  00214f78    0000000c     config_pem3.oem3 (.text:ti_sysbios_knl_Task_Params__init__S)
                  00214f84    0000000c     sysbios.aem3 : BIOS.obj (.text:ti_sysbios_knl_Task_getIdleTask__E)
                  00214f90    0000000c                  : BIOS.obj (.text:ti_sysbios_knl_Task_self__E)
                  00214f9c    0000000c     ti.targets.arm.rtsarm.aem3 : Error.oem3 (.text:xdc_runtime_Error_init__E)
                  00214fa8    0000000c                                : Gate.oem3 (.text:xdc_runtime_Gate_enterSystem__E)
                  00214fb4    0000000c                                : Memory.oem3 (.text:xdc_runtime_Memory_calloc__E)
                  00214fc0    0000000c                                : Memory.oem3 (.text:xdc_runtime_Memory_getMaxDefaultTypeAlign__E)
                  00214fcc    0000000a     drivers_mware.aem3 : SPITivaDMA.oem3 (.text:SPITivaDMA_init)
                  00214fd6    0000000a                        : SPI.oem3 (.text:SPI_transfer)
                  00214fe0    0000000a     stk.aem3 : file.oem3 (.text:fdint_signalevent)
                  00214fea    0000000a              : file.oem3 (.text:fdint_signaltimeout)
                  00214ff4    0000000a     sysbios.aem3 : BIOS.obj (.text:ti_sysbios_hal_Hwi_Instance_finalize__E)
                  00214ffe    0000000a     config_pem3.oem3 (.text:xdc_runtime_IHeap_alloc)
                  00215008    0000000a     config_pem3.oem3 (.text:xdc_runtime_IHeap_free)
                  00215012    0000000a     config_pem3.oem3 (.text:xdc_runtime_IHeap_getStats)
                  0021501c    00000008     stk.aem3 : node.oem3 (.text:NodeFree)
                  00215024    00000008     os.aem3 : task.oem3 (.text:TaskBlock)
                  0021502c    00000008     sysbios.aem3 : BIOS.obj (.text:ti_sysbios_family_arm_m3_Hwi_doSwiRestore__I)
                  00215034    00000008                  : BIOS.obj (.text:ti_sysbios_family_arm_m3_Hwi_startup__E)
                  0021503c    00000008                  : BIOS.obj (.text:ti_sysbios_knl_Idle_loop__E)
                  00215044    00000008                  : BIOS.obj (.text:ti_sysbios_knl_Task_getHookContext__E)
                  0021504c    00000008                  : BIOS.obj (.text:ti_sysbios_knl_Task_setHookContext__E)
                  00215054    00000006     Boot.aem3 : Boot.oem3 (.text)
                  0021505a    00000006     drivers_mware.aem3 : SPITivaDMA.oem3 (.text:SPITivaDMA_control)
                  00215060    00000006                        : SPITivaDMA.oem3 (.text:SPITivaDMA_transferCallback)
                  00215066    00000002     --HOLE-- [fill = 0]
                  00215068    00000006     driverlib.lib : sysctl.obj (.text:SysCtlDelay)
                  0021506e    00000006     stk.aem3 : tcpprot.oem3 (.text:TcpPrRecv)
                  00215074    00000006     ti.targets.arm.rtsarm.aem3 : xdc_noinit.oem3 (.text:__xdc__init)
                  0021507a    00000006     rtsv7M3_T_le_eabi.lib : copy_decompress_rle.obj (.text:decompress:rle24)
                  00215080    00000006     sysbios.aem3 : BIOS.obj (.text:ti_sysbios_family_arm_m3_Hwi_restoreFxn__E)
                  00215086    00000006                  : BIOS.obj (.text:ti_sysbios_gates_GateHwi_leave__E)
                  0021508c    00000006                  : BIOS.obj (.text:ti_sysbios_heaps_HeapMem_isBlocking__E)
                  00215092    00000006                  : BIOS.obj (.text:ti_sysbios_heaps_HeapTrack_getStats__E)
                  00215098    00000006                  : BIOS.obj (.text:ti_sysbios_knl_Queue_Instance_init__E)
                  0021509e    00000006     ti.targets.arm.rtsarm.aem3 : System.oem3 (.text:xdc_runtime_System_Module_startup__E)
                  002150a4    00000004     config_pem3.oem3 (.text:.bootCodeSection:ti_catalog_arm_cortexm3_concertoInit_Boot_limpAbort)
                  002150a8    00000004     stk.aem3 : bind.oem3 (.text:BindGetIF)
                  002150ac    00000004              : bind.oem3 (.text:BindGetNext)
                  002150b0    00000004     os.aem3 : ossys.oem3 (.text:NDK_vsprintf)
                  002150b4    00000004     stk.aem3 : node.oem3 (.text:NodeSetRt)
                  002150b8    00000004              : rawethsock_prot.oem3 (.text:RawEthSockPrAttach)
                  002150bc    00000004              : rawethsock_prot.oem3 (.text:RawEthSockPrDetach)
                  002150c0    00000004     os.aem3 : semaphore.oem3 (.text:SemPend)
                  002150c4    00000004             : semaphore.oem3 (.text:SemPost)
                  002150c8    00000004             : semaphore.oem3 (.text:SemReset)
                  002150cc    00000004             : task.oem3 (.text:TaskSelf)
                  002150d0    00000004             : task.oem3 (.text:TaskSetPri)
                  002150d4    00000004     hal_ser_stub.aem3 : llserstb.oem3 (.text:_llSerialInit)
                  002150d8    00000004     drivers_mware.aem3 : GPIOTiva.oem3 (.text:getGpioIntIndex)
                  002150dc    00000004     stk.aem3 : listlib.oem3 (.text:list_get_head)
                  002150e0    00000004              : listlib.oem3 (.text:list_get_next)
                  002150e4    00000004     config_pem3.oem3 (.text:ti_ndk_config_Global_NetworkOpen)
                  002150e8    00000004     config_pem3.oem3 (.text:ti_sysbios_BIOS_RtsGateProxy_enter__E)
                  002150ec    00000004     config_pem3.oem3 (.text:ti_sysbios_BIOS_RtsGateProxy_leave__E)
                  002150f0    00000004     config_pem3.oem3 (.text:ti_sysbios_family_arm_m3_Hwi_delete)
                  002150f4    00000004     config_pem3.oem3 (.text:ti_sysbios_family_arm_m3_Hwi_destruct)
                  002150f8    00000004     config_pem3.oem3 (.text:ti_sysbios_family_arm_m3_TaskSupport_Module__startupDone__S)
                  002150fc    00000004     sysbios.aem3 : BIOS.obj (.text:ti_sysbios_family_arm_m3_Timer_getMaxTicks__E)
                  00215100    00000004                  : BIOS.obj (.text:ti_sysbios_gates_GateHwi_query__E)
                  00215104    00000004                  : BIOS.obj (.text:ti_sysbios_gates_GateMutex_query__E)
                  00215108    00000004     config_pem3.oem3 (.text:ti_sysbios_hal_Hwi_HwiProxy_delete)
                  0021510c    00000004     config_pem3.oem3 (.text:ti_sysbios_heaps_HeapMem_Module_GateProxy_enter__E)
                  00215110    00000004     config_pem3.oem3 (.text:ti_sysbios_heaps_HeapMem_Module_GateProxy_leave__E)
                  00215114    00000004     config_pem3.oem3 (.text:ti_sysbios_knl_Clock_TimerProxy_getMaxTicks__E)
                  00215118    00000004     config_pem3.oem3 (.text:ti_sysbios_knl_Queue_destruct)
                  0021511c    00000004     config_pem3.oem3 (.text:ti_sysbios_knl_Semaphore_delete)
                  00215120    00000004     config_pem3.oem3 (.text:ti_sysbios_knl_Semaphore_destruct)
                  00215124    00000004     config_pem3.oem3 (.text:ti_sysbios_knl_Swi_delete)
                  00215128    00000004     config_pem3.oem3 (.text:ti_sysbios_knl_Task_delete)
                  0021512c    00000004     sysbios.aem3 : BIOS.obj (.text:ti_sysbios_knl_Task_startup__E)
                  00215130    00000004     ti.targets.arm.rtsarm.aem3 : Error.oem3 (.text:xdc_runtime_Error_getMsg__E)
                  00215134    00000004                                : Error.oem3 (.text:xdc_runtime_Error_getSite__E)
                  00215138    00000004     config_pem3.oem3 (.text:xdc_runtime_System_Module_GateProxy_enter__E)
                  0021513c    00000004     config_pem3.oem3 (.text:xdc_runtime_System_Module_GateProxy_leave__E)
                  00215140    00000004     ti.targets.arm.rtsarm.aem3 : System.oem3 (.text:xdc_runtime_System_aprintf_va__F)
                  00215144    00000004                                : System.oem3 (.text:xdc_runtime_System_printf_va__F)
                  00215148    00000008     Boot.aem3 : Boot.oem3 (.tramp.ti_catalog_arm_cortexm3_concertoInit_Boot_initFlash.1)

.const     0    00215150    00002478     
                  00215150    000017bb     config_pem3.oem3 (.const:xdc_runtime_Text_charTab__A)
                  0021690b    00000001     config_pem3.oem3 (.const:xdc_runtime_Error_policy__C)
                  0021690c    00000100     config_pem3.oem3 (.const:.string)
                  00216a0c    000000b8     config_pem3.oem3 (.const:xdc_runtime_Text_nodeTab__A)
                  00216ac4    000000a0     TMDXDOCKH52C1_neu.obj (.const:spiTivaDMAHWAttrs)
                  00216b64    00000088     driverlib.lib : gpio.obj (.const:g_pulGPIOBaseAddrs)
                  00216bec    00000070                   : interrupt.obj (.const:g_pulRegs)
                  00216c5c    00000064                   : sysctl.obj (.const)
                  00216cc0    00000064     drivers_mware.aem3 : SPITivaDMA.oem3 (.const)
                  00216d24    00000054     stk.aem3 : sockprot.oem3 (.const:Code2Err)
                  00216d78    00000044     drivers_mware.aem3 : GPIOTiva.oem3 (.const:gpioBaseAddresses)
                  00216dbc    0000003e     stk.aem3 : rtc.oem3 (.const:.string)
                  00216dfa    00000002     config_pem3.oem3 (.const:ti_sysbios_family_arm_m3_Hwi_Module__id__C)
                  00216dfc    0000003c     TMDXDOCKH52C1_neu.obj (.const:SPI_config)
                  00216e38    0000003c     config_pem3.oem3 (.const:ti_sysbios_knl_Task_Object__PARAMS__C)
                  00216e74    00000030     config_pem3.oem3 (.const:ti_sysbios_family_arm_m3_Hwi_Object__PARAMS__C)
                  00216ea4    0000002c     config_pem3.oem3 (.const:ti_sysbios_hal_Hwi_Object__PARAMS__C)
                  00216ed0    00000028     config_pem3.oem3 (.const:ti_sysbios_heaps_HeapMem_Module__FXNS__C)
                  00216ef8    00000028     config_pem3.oem3 (.const:ti_sysbios_heaps_HeapTrack_Module__FXNS__C)
                  00216f20    00000028     config_pem3.oem3 (.const:ti_sysbios_knl_Swi_Object__PARAMS__C)
                  00216f48    00000024     config_pem3.oem3 (.const:ti_sysbios_gates_GateHwi_Module__FXNS__C)
                  00216f6c    00000024     config_pem3.oem3 (.const:ti_sysbios_gates_GateMutex_Module__FXNS__C)
                  00216f90    00000024     config_pem3.oem3 (.const:ti_sysbios_heaps_HeapMem_Object__PARAMS__C)
[...]
002173f8  ti_sysbios_heaps_HeapTrack_A_doubleFree__C                        
002173fc  ti_sysbios_heaps_HeapTrack_A_notEmpty__C                          
00217400  ti_sysbios_heaps_HeapTrack_Instance_State_trackQueue__O           
00217404  ti_sysbios_heaps_HeapTrack_Module__diagsEnabled__C                
00217408  ti_sysbios_heaps_HeapTrack_Module__diagsIncluded__C               
0021740c  ti_sysbios_heaps_HeapTrack_Module__diagsMask__C                   
00217410  ti_sysbios_knl_Clock_A_badThreadType__C                           
00217414  ti_sysbios_knl_Clock_LM_begin__C                                  
00217418  ti_sysbios_knl_Clock_LM_tick__C                                   
0021741c  ti_sysbios_knl_Clock_LW_delayed__C                                
00217420  ti_sysbios_knl_Clock_Module_State_clockQ__O                       
00217424  ti_sysbios_knl_Clock_Module__diagsEnabled__C                      
00217428  ti_sysbios_knl_Clock_Module__diagsIncluded__C                     
0021742c  ti_sysbios_knl_Clock_Module__diagsMask__C                         
00217430  ti_sysbios_knl_Clock_Module__loggerFxn1__C                        
00217434  ti_sysbios_knl_Clock_Module__loggerFxn2__C                        
00217438  ti_sysbios_knl_Clock_Module__loggerObj__C                         
0021743c  ti_sysbios_knl_Semaphore_A_badContext__C                          
00217440  ti_sysbios_knl_Semaphore_A_noEvents__C                            
00217444  ti_sysbios_knl_Semaphore_A_overflow__C                            
00217448  ti_sysbios_knl_Semaphore_A_pendTaskDisabled__C                    
0021744c  ti_sysbios_knl_Semaphore_Instance_State_pendQ__O                  
00217450  ti_sysbios_knl_Semaphore_LM_pend__C                               
00217454  ti_sysbios_knl_Semaphore_LM_post__C                               
00217458  ti_sysbios_knl_Semaphore_Module__diagsEnabled__C                  
0021745c  ti_sysbios_knl_Semaphore_Module__diagsIncluded__C                 
00217460  ti_sysbios_knl_Semaphore_Module__diagsMask__C                     
00217464  ti_sysbios_knl_Semaphore_Module__loggerFxn2__C                    
00217468  ti_sysbios_knl_Semaphore_Module__loggerFxn4__C                    
0021746c  ti_sysbios_knl_Semaphore_Module__loggerObj__C                     
00217470  ti_sysbios_knl_Swi_A_badPriority__C                               
00217474  ti_sysbios_knl_Swi_LD_end__C                                      
00217478  ti_sysbios_knl_Swi_LM_begin__C                                    
0021747c  ti_sysbios_knl_Swi_LM_post__C                                     
00217480  ti_sysbios_knl_Swi_Module__diagsEnabled__C                        
00217484  ti_sysbios_knl_Swi_Module__diagsIncluded__C                       
00217488  ti_sysbios_knl_Swi_Module__diagsMask__C                           
0021748c  ti_sysbios_knl_Swi_Module__loggerFxn1__C                          
00217490  ti_sysbios_knl_Swi_Module__loggerFxn4__C                          
00217494  ti_sysbios_knl_Swi_Module__loggerObj__C                           
00217498  ti_sysbios_knl_Swi_Object__count__C                               
0021749c  ti_sysbios_knl_Task_A_badPriority__C                              
002174a0  ti_sysbios_knl_Task_A_badTaskState__C                             
002174a4  ti_sysbios_knl_Task_A_badThreadType__C                            
002174a8  ti_sysbios_knl_Task_A_badTimeout__C                               
002174ac  ti_sysbios_knl_Task_A_noPendElem__C                               
002174b0  ti_sysbios_knl_Task_A_sleepTaskDisabled__C                        
002174b4  ti_sysbios_knl_Task_E_deleteNotAllowed__C                         
002174b8  ti_sysbios_knl_Task_E_spOutOfBounds__C                            
002174bc  ti_sysbios_knl_Task_E_stackOverflow__C                            
002174c0  ti_sysbios_knl_Task_LD_block__C                                   
002174c4  ti_sysbios_knl_Task_LD_exit__C                                    
002174c8  ti_sysbios_knl_Task_LD_ready__C                                   
002174cc  ti_sysbios_knl_Task_LM_setPri__C                                  
002174d0  ti_sysbios_knl_Task_LM_sleep__C                                   
002174d4  ti_sysbios_knl_Task_LM_switch__C                                  
002174d8  ti_sysbios_knl_Task_Module_State_inactiveQ__O                     
002174dc  ti_sysbios_knl_Task_Module_State_terminatedQ__O                   
002174e0  ti_sysbios_knl_Task_Module__diagsEnabled__C                       
002174e4  ti_sysbios_knl_Task_Module__diagsIncluded__C                      
002174e8  ti_sysbios_knl_Task_Module__diagsMask__C                          
002174ec  ti_sysbios_knl_Task_Module__loggerFxn2__C                         
002174f0  ti_sysbios_knl_Task_Module__loggerFxn4__C                         
002174f4  ti_sysbios_knl_Task_Module__loggerObj__C                          
002174f8  ti_sysbios_knl_Task_Object__count__C                              
002174fc  ti_sysbios_knl_Task_Object__heap__C                               
00217500  ti_sysbios_knl_Task_allBlockedFunc__C                             
00217504  ti_sysbios_knl_Task_defaultStackHeap__C                           
00217508  ti_sysbios_knl_Task_defaultStackSize__C                           
0021750c  ti_sysbios_knl_Task_numConstructedTasks__C                        
00217510  xdc_runtime_Assert_E_assertFailed__C                              
00217514  xdc_runtime_Core_A_initializedParams__C                           
00217518  xdc_runtime_Core_Module__diagsEnabled__C                          
0021751c  xdc_runtime_Core_Module__diagsIncluded__C                         
00217520  xdc_runtime_Core_Module__diagsMask__C                             
00217524  xdc_runtime_Error_E_memory__C                                     
00217528  xdc_runtime_Error_Module__diagsEnabled__C                         
0021752c  xdc_runtime_Error_Module__diagsIncluded__C                        
00217530  xdc_runtime_Error_Module__diagsMask__C                            
00217534  xdc_runtime_Error_Module__loggerFxn8__C                           
00217538  xdc_runtime_Error_Module__loggerObj__C                            
0021753c  xdc_runtime_Error_policyFxn__C                                    
00217540  xdc_runtime_Error_raiseHook__C                                    
00217544  xdc_runtime_IGateProvider_Interface__BASE__C                      
00217548  xdc_runtime_IHeap_Interface__BASE__C                              
0021754c  xdc_runtime_IModule_Interface__BASE__C                            
00217550  xdc_runtime_Log_L_error__C                                        
00217554  xdc_runtime_Memory_defaultHeapInstance__C                         
00217558  xdc_runtime_Startup_execImpl__C                                   
0021755c  xdc_runtime_Startup_maxPasses__C                                  
00217560  xdc_runtime_Startup_sfxnRts__C                                    
00217564  xdc_runtime_Startup_sfxnTab__C                                    
00217568  xdc_runtime_SysMin_bufSize__C                                     
0021756c  xdc_runtime_SysMin_outputFunc__C                                  
00217570  xdc_runtime_System_Module__gateObj__C                             
00217574  xdc_runtime_System_abortFxn__C                                    
00217578  xdc_runtime_System_exitFxn__C                                     
0021757c  xdc_runtime_System_extendFxn__C                                   
00217580  xdc_runtime_System_maxAtexitHandlers__C                           
00217584  xdc_runtime_Text_charTab__C                                       
00217588  xdc_runtime_Text_nameEmpty__C                                     
0021758c  xdc_runtime_Text_nameStatic__C                                    
00217590  xdc_runtime_Text_nameUnknown__C                                   
00217594  xdc_runtime_Text_nodeTab__C                                       
00217598  xdc_runtime_Text_visitRopeFxn__C                                  
0021759c  ti_sysbios_gates_GateMutex_Module__id__C                          
0021759e  ti_sysbios_hal_Hwi_Module__id__C                                  
002175a0  ti_sysbios_heaps_HeapMem_Module__id__C                            
002175a2  ti_sysbios_heaps_HeapTrack_Module__id__C                          
002175a4  ti_sysbios_knl_Clock_Module__id__C                                
002175a6  ti_sysbios_knl_Clock_Module__loggerDefined__C                     
002175a8  ti_sysbios_knl_Semaphore_Module__id__C                            
002175aa  ti_sysbios_knl_Semaphore_Module__loggerDefined__C                 
002175ac  ti_sysbios_knl_Swi_Module__id__C                                  
002175ae  ti_sysbios_knl_Swi_Module__loggerDefined__C                       
002175b0  ti_sysbios_knl_Task_Module__id__C                                 
002175b2  ti_sysbios_knl_Task_Module__loggerDefined__C                      
002175b4  ti_sysbios_knl_Task_initStackFlag__C                              
002175b6  xdc_runtime_Core_Module__id__C                                    
002175b8  xdc_runtime_Error_Module__loggerDefined__C                        
002175ba  xdc_runtime_Error_maxDepth__C                                     
002175bc  xdc_runtime_Memory_Module__id__C                                  
002175be  xdc_runtime_SysMin_flushAtExit__C                                 
002175c0  xdc_runtime_Text_charCnt__C                                       
002175c2  xdc_runtime_Text_isLoaded__C                                      
002175c4  xdc_runtime_Text_registryModsLastId__C                            
002175c6  xdc_runtime_Text_unnamedModsLastId__C                             
00217bf8  __TI_Handler_Table_Base                                           
00217c04  __TI_Handler_Table_Limit                                          
00217c48  __TI_CINIT_Base                                                   
00217c88  __TI_CINIT_Limit                                                  
00217c88  __TI_static_base__                                                
00217c88  __TI_table_binit                                                  
00217c88  __binit__                                                         
00217c88  binit                                                             
20000000  ti_sysbios_family_arm_m3_Hwi_ramVectors                           
200001b1  ti_catalog_arm_cortexm3_concertoInit_Boot_initFlash               
20000200  ti_ndk_config_Global_pit                                          
200002a8  ti_ndk_config_Global_pitBuffer                                    
20004aa8  ti_sysbios_heaps_HeapMem_Instance_State_0_buf__A                  
200072a8  xdc_runtime_SysMin_Module_State_0_outbuf__A                       
200076a8  ti_sysbios_family_arm_m3_Hwi_dispatchTable                        
20007858  spiTivaDMAObjects                                                 
20007988  __CIOBUF_                                                         
20007ba8  tcps                                                              
20007d9c  ips                                                               
20007e04  nimu_mcb                                                          
20007e68  _ICMPIn                                                           
20007eb4  _ICMPOut                                                          
20007f00  emacObjects                                                       
20007f38  vlan_mcb                                                          
20007f84  udps                                                              
20007fa8  BlockCount                                                        
20007fc4  BlockMax                                                          
20007fe0  PageCount                                                         
20008000  __stack                                                           
20008100  __STACK_TOP                                                       
20009000  __STACK_END                                                       
20009000  ti_ndk_config_Global_Id2Size                                      
2000901c  ti_ndk_config_Global_HostName                                     
20009020  LocalIPAddr                                                       
20009024  LocalIPMask                                                       
20009028  GatewayIP                                                         
2000902c  DomainName                                                        
20009070  ti_sysbios_family_arm_m3_Hwi_Module__root__V                      
20009078  ti_sysbios_family_arm_m3_Hwi_Module_State_0_excActive__A          
2000907c  ti_sysbios_family_arm_m3_Hwi_Module_State_0_excContext__A         
20009080  ti_sysbios_family_arm_m3_Hwi_Module_State_0_excStack__A           
20009084  ti_sysbios_family_arm_m3_Timer_Module__root__V                    
2000908c  ti_sysbios_family_arm_m3_Timer_Module__state__V                   
20009098  ti_sysbios_gates_GateHwi_Module__root__V                          
200090a0  ti_sysbios_gates_GateHwi_Object__table__V                         
200090a4  ti_sysbios_gates_GateMutex_Module__root__V                        
200090ac  ti_sysbios_hal_Hwi_Module__root__V                                
200090b4  ti_sysbios_hal_Hwi_Object__table__V                               
200090bc  ti_sysbios_heaps_HeapMem_Module__root__V                          
200090c4  ti_sysbios_heaps_HeapMem_Object__table__V                         
200090dc  ti_sysbios_heaps_HeapTrack_Module__root__V                        
200090e4  ti_sysbios_heaps_HeapTrack_Object__table__V                       
200090fc  ti_sysbios_knl_Clock_Module__root__V                              
20009104  ti_sysbios_knl_Queue_Module__root__V                              
2000910c  ti_sysbios_knl_Semaphore_Module__root__V                          
20009114  ti_sysbios_knl_Semaphore_Object__table__V                         
20009128  ti_sysbios_knl_Swi_Module__root__V                                
20009130  ti_sysbios_knl_Swi_Module__state__V                               
2000914c  ti_sysbios_knl_Task_Module__root__V                               
20009154  ti_sysbios_knl_Task_Module_State_0_idleTask__A                    
20009158  xdc_runtime_Error_Module__state__V                                
2000915c  xdc_runtime_Memory_Module__state__V                               
20009160  xdc_runtime_Registry_Module__state__V                             
20009168  xdc_runtime_Startup_Module__state__V                              
20009170  xdc_runtime_SysMin_Module__state__V                               
2000917c  xdc_runtime_System_Module_State_0_atexitHandlers__A               
2000919c  xdc_runtime_System_Module__state__V                               
200091a4  xdc_runtime_Text_Module__state__V                                 
200091ac  __xdc__init__addr                                                 
200091b0  _ipcfg                                                            
20009264  ti_sysbios_knl_Task_Object__table__V                              
200092b0  TSK_idle                                                          
200092fc  ti_sysbios_knl_Swi_Module_State_0_readyQ__A                       
2000937c  ti_sysbios_knl_Task_Module_State_0_readyQ__A                      
2000944c  gpioPinConfigs                                                    
20009490  ti_sysbios_knl_Task_Module__state__V                              
20009554  ti_sysbios_gates_GateMutex_Object__table__V                       
200095c0  ti_sysbios_family_arm_m3_Hwi_Module__state__V                     
20009624  ti_sysbios_family_arm_m3_Hwi_Object__table__V                     
20009654  ti_sysbios_family_arm_m3_Timer_Object__table__V                   
20009684  ti_sysbios_knl_Swi_Object__table__V                               
200096b4  ti_sysbios_knl_Clock_Module__state__V                             
200096e0  pstrMsgName                                                       
20009708  _oscfg                                                            
2000972c  PITCount                                                          
20009730  PITUsed                                                           
20009734  PITHigh                                                           
20009750  ti_sysbios_BIOS_Module__state__V                                  
200097dc  _IGMPForceVersion1                                                
200097e5  macAddress                                                        
200097ec  gpioCallbackFunctions                                             
200097fc  NIMUDeviceTable                                                   
2000980c  _lock                                                             
20009810  _unlock                                                           
20009814  __TI_cleanup_ptr                                                  
20009818  __TI_dtors_ptr                                                    
20009824  _ICMPInErrors                                                     
20009828  _ICMPOutErrors                                                    
2000982c  _IPExecuting                                                      
20009844  tcp_iss                                                           
20009848  ptTimeFirst                                                       
20009874  main_func_sp                                                      
2000987c  _IPReasmPtr                                                       
20009900  PageMax                                                           
2000991c  c28_to_m3_shadow                                                  
20009934  stkEvent                                                          
20009970  raweths                                                           
20009980  raws                                                              
20009990  PBMQ_free                                                         
200099a8  tpseudo                                                           
200099b4  upseudo                                                           
200099e8  _IGMPInDiscard                                                    
200099ec  _IGMPInQuery                                                      
200099f0  _IGMPInQueryGroup                                                 
200099f4  _IGMPInResponse                                                   
200099f8  _IGMPOutResponse                                                  
20009a08  raweth_pcb                                                        
20009a0c  ti_sysbios_knl_Task_Instance_State_0_hookEnv__A                   
20009a10  ti_sysbios_knl_Task_Instance_State_1_hookEnv__A                   
20009e00  spiTivaDMAscratchBuf                                              
20009e10  masterRxBuffer                                                    
20009e12  masterTxBuffer                                                    
20009e80  ti_ndk_config_Global_pBufMem                                      
2000c280  ti_ndk_config_Global_pHdrMem                                      
2000c448  ti_sysbios_knl_Task_Instance_State_0_stack__A                     
2000ca48  ti_sysbios_knl_Task_Instance_State_1_stack__A                     
20014bb4  c28_to_m3_shared_data                                             
2007f828  m3_to_c28                                                         
e000e000  ti_sysbios_family_arm_m3_Hwi_nvic                                 
ffffffff  __c_args__                                                        
UNDEFED   SHT$$INIT_ARRAY$$Base                                             
UNDEFED   SHT$$INIT_ARRAY$$Limit                                            

[1301 symbols]
