******************************************************************************
                  TI ARM Linker PC v15.12.3                    
******************************************************************************
>> Linked Thu Nov 15 13:38:59 2018

OUTPUT FILE NAME:   <new_core_v2_m3.out>
ENTRY POINT SYMBOL: "_c_int00"  address: 00211fdd


MEMORY CONFIGURATION

         name            origin    length      used     unused   attr    fill
----------------------  --------  ---------  --------  --------  ----  --------
  BOOTROM               00000000   00010000  00000000  00010000  R  X
  FLASH_BOOT            00200030   00000004  00000004  00000000  RW X
  FLASH                 00200034   0007ff9c  00017b20  0006847c  RW X
  C03SRAM               20000000   00008000  00007ff8  00000008  RW X
  S07SHRAM_1            20008000   00006000  00004f46  000010ba  RW X
  S07SHRAM_2            2000e000   00006000  00000000  00006000  RW X
  SO_RAM1               20014000   00001018  00000000  00001018  R   
  CTOM_SHARED           20015018   00000100  00000038  000000c8  R   
  S07SHRAM_3            20015118   00002ee8  00000000  00002ee8  RW X
  CTOMMSGRAM            2007f000   00000800  00000000  00000800  R   
  SO_Metadata           2007f800   0000003c  00000000  0000003c  RW  
  MTOC_SHARED           2007f83c   000000ec  00000006  000000e6  RW  
  MTOCMSGRAM            2007f928   000006d8  00000000  000006d8  RW  


SEGMENT ALLOCATION MAP

run origin  load origin   length   init length attrs members
----------  ----------- ---------- ----------- ----- -------
00200030    00200030    00000004   00000004    r-x
  00200030    00200030    00000004   00000004    r-x .ti_catalog_arm_cortexm3_concertoInit_begin
00200040    00200040    00017484   00017484    r-x
  00200040    00200040    0000003c   0000003c    r-- .resetVecs
  0020007c    0020007c    00014fd0   00014fd0    r-x .text
  0021504c    0021504c    00002478   00002478    r-- .const
00217510    00217510    00000654   00000654    r--
  00217510    00217510    00000644   00000644    r-- .cinit
  00217b54    00217b54    00000010   00000010    r-- .binit
20000000    20000000    000001b0   00000000    rw-
  20000000    20000000    000001b0   00000000    rw- .vecs
200001b0    002174c4    00000048   00000048    r-x
  200001b0    002174c4    00000048   00000048    r-x .ti_catalog_arm_cortexm3_concertoInit_flashfuncs
20000200    20000200    00009636   00000000    rw-
  20000200    20000200    00007e00   00000000    rw- .bss.1
  20008000    20008000    00001000   00000000    rw- .stack
  20009000    20009000    00000836   00000000    rw- .data
20009880    20009880    00000134   00000000    rw-
  20009880    20009880    00000134   00000000    rw- .bss.2
20009c00    20009c00    00000214   00000000    rw-
  20009c00    20009c00    00000214   00000000    rw- .dma
20009e80    20009e80    000033c8   00000000    rw-
  20009e80    20009e80    000033c8   00000000    rw- .bss.3
20015018    20015018    00000038   00000000    rw-
  20015018    20015018    00000038   00000000    rw- .c28_to_m3_shared
2007f83c    2007f83c    00000006   00000000    rw-
  2007f83c    2007f83c    00000006   00000000    rw- .m3_to_c28_shared


SECTION ALLOCATION MAP

 output                                  attributes/
section   page    origin      length       input sections
--------  ----  ----------  ----------   ----------------
.text      0    0020007c    00014fd0     
                  0020007c    00000c7c     stk.aem3 : tcpin.oem3 (.text:TcpInput)
                  00200cf8    0000096c     driverlib.lib : sysctl.obj (.text)
                  00201664    000008b4     stk.aem3 : tcpout.oem3 (.text:TcpOutput)
                  00201f18    00000578     driverlib.lib : ipc_lite.obj (.text)
                  00202490    00000478     main_m3.obj (.text:tcpWorker)
                  00202908    00000448     driverlib.lib : gpio.obj (.text)
                  00202d50    00000424     sysbios.aem3 : BIOS.obj (.text:ti_sysbios_family_arm_m3_Hwi_excDumpRegs__I)
                  00203174    00000408     stk.aem3 : ipout.oem3 (.text:IPTxPacket)
                  0020357c    00000384              : ipin.oem3 (.text:IPRxPacket)
                  00203900    0000034c     ti.targets.arm.rtsarm.aem3 : System.oem3 (.text:xdc_runtime_System_doPrint__I)
                  00203c4c    00000324     rtsv7M3_T_le_eabi.lib : trgdrv.obj (.text)
                  00203f70    00000310     driverlib.lib : ethernet.obj (.text)
                  00204280    00000308     sysbios.aem3 : BIOS.obj (.text:ti_sysbios_knl_Semaphore_pend__E)
                  00204588    000002ec     driverlib.lib : udma.obj (.text)
                  00204874    000002bc     sysbios.aem3 : BIOS.obj (.text:ti_sysbios_knl_Task_Instance_finalize__E)
                  00204b30    00000284     stk.aem3 : sock.oem3 (.text:SockSet)
                  00204db4    00000278     driverlib.lib : interrupt.obj (.text)
                  0020502c    00000254     sysbios.aem3 : BIOS.obj (.text:ti_sysbios_heaps_HeapMem_free__E)
                  00205280    0000024c     stk.aem3 : ipfrag.oem3 (.text:IPReasm)
                  002054cc    0000023c              : icmpin.oem3 (.text:ICMPInput)
                  00205708    00000238              : udp.oem3 (.text:UdpInput)
                  00205940    00000238     sysbios.aem3 : BIOS.obj (.text:ti_sysbios_heaps_HeapMem_alloc__E)
                  00205b78    00000234     main_m3.obj (.text:tcpHandler)
                  00205dac    00000204     TMDXDOCKH52C1.obj (.text:TMDXDOCKH52C1_initEMAC)
                  00205fb0    00000200     sysbios.aem3 : BIOS.obj (.text:ti_sysbios_knl_Task_sleep__E)
                  002061b0    000001f4     stk.aem3 : sock.oem3 (.text:SockRecv)
                  002063a4    000001ec     sysbios.aem3 : BIOS.obj (.text:ti_sysbios_knl_Task_Instance_init__E)
                  00206590    000001dc                  : BIOS.obj (.text:ti_sysbios_family_arm_m3_Hwi_excHandlerMax__I)
                  0020676c    000001dc     config_pem3.oem3 (.text:xdc_runtime_System_printfExtend__I)
                  00206948    000001b6     rtsv7M3_T_le_eabi.lib : fd_add_t2.obj (.text)
                  00206afe    00000002     Boot.aem3 : Boot.oem3 (.text:.bootCodeSection:ti_catalog_arm_cortexm3_concertoInit_Boot_defaultLimpAbortFunction)
                  00206b00    000001b0     stk.aem3 : lliout.oem3 (.text:LLITxIpPacket)
                  00206cb0    000001ac              : lliin.oem3 (.text:LLIRxPacket)
                  00206e5c    000001ac     driverlib.lib : ipc_util.obj (.text)
                  00207008    000001a4     main_m3.obj (.text:main)
                  002071ac    0000019c     os.aem3 : mem.oem3 (.text:mmAlloc)
                  00207348    00000198     stk.aem3 : igmp.oem3 (.text:IGMPInput)
                  002074e0    00000190              : sock.oem3 (.text:SockNew)
                  00207670    00000184     sysbios.aem3 : BIOS.obj (.text:ti_sysbios_knl_Task_setPri__E)
                  002077f4    00000170     stk.aem3 : rtc.oem3 (.text:RTCReport)
                  00207964    0000016a              : sb.oem3 (.text:SBRead)
                  00207ace    00000002     hal_userled_stub.aem3 : llled.oem3 (.text:LED_TOGGLE)
                  00207ad0    00000168     sysbios.aem3 : BIOS.obj (.text:ti_sysbios_family_arm_m3_Hwi_excBusFault__I)
                  00207c38    00000160     stk.aem3 : sock.oem3 (.text:SockConnect)
                  00207d98    00000158     sysbios.aem3 : BIOS.obj (.text:ti_sysbios_family_arm_m3_Hwi_excUsageFault__I)
                  00207ef0    00000154     netctrl_min_ipv4.aem3 : netctrl.oem3 (.text:NC_NetStart)
                  00208044    00000144     stk.aem3 : bind.oem3 (.text:BindNew)
                  00208188    00000140     nettool_ipv4.aem3 : dhcpmain.oem3 (.text:DHCPOpen)
                  002082c8    00000140     stk.aem3 : tcp.oem3 (.text:TcpTimeoutCheck)
                  00208408    00000140     sysbios.aem3 : BIOS.obj (.text:ti_sysbios_family_arm_m3_Hwi_excMemFault__I)
                  00208548    00000140                  : BIOS.obj (.text:ti_sysbios_knl_Semaphore_post__E)
                  00208688    0000013c     nettool_ipv4.aem3 : config.oem3 (.text:CfgAddEntry)
                  002087c4    0000013c     stk.aem3 : sockint.oem3 (.text:SockNotify)
                  00208900    0000013c              : sock.oem3 (.text:SockSend)
                  00208a3c    0000013c     sysbios.aem3 : BIOS.obj (.text:ti_sysbios_heaps_HeapMem_Instance_init__E)
                  00208b78    00000138                  : BIOS.obj (.text:ti_sysbios_family_arm_m3_Hwi_dispatchC__I)
                  00208cb0    00000134     drivers_mware.aem3 : GPIOTiva.oem3 (.text:GPIO_setConfig)
                  00208de4    00000134     stk.aem3 : icmp.oem3 (.text:ICMPGenPacket)
                  00208f18    00000130     sysbios.aem3 : BIOS.obj (.text:ti_sysbios_knl_Clock_workFunc__E)
                  00209048    00000128                  : BIOS.obj (.text:ti_sysbios_heaps_HeapTrack_free__E)
                  00209170    00000124     stk.aem3 : sockpcb.oem3 (.text:SockPcbResolve)
                  00209294    00000124              : udp.oem3 (.text:UdpOutput)
                  002093b8    00000124     driverlib.lib : ssi.obj (.text)
                  002094dc    00000124     config_pem3.oem3 (.text:ti_ndk_config_Global_stackThread)
                  00209600    00000124     sysbios.aem3 : BIOS.obj (.text:ti_sysbios_knl_Task_exit__E)
                  00209724    0000011c                  : BIOS.obj (.text:ti_sysbios_knl_Clock_Instance_init__E)
                  00209840    0000011c                  : BIOS.obj (.text:ti_sysbios_knl_Swi_run__I)
                  0020995c    00000118     drivers_mware.aem3 : EMACTiva.oem3 (.text:EMACTiva_NIMUInit)
                  00209a74    00000118     stk.aem3 : tcpout.oem3 (.text:TcpGenPacket)
                  00209b8c    00000118     ti.targets.arm.rtsarm.aem3 : Error.oem3 (.text:xdc_runtime_Error_policyDefault__E)
                  00209ca4    00000114     stk.aem3 : nimu.oem3 (.text:NIMUIoctl)
                  00209db8    00000110              : node.oem3 (.text:NodeTreeFree)
                  00209ec8    00000110              : raw.oem3 (.text:RawInput)
                  00209fd8    0000010c              : rtable.oem3 (.text:RtFind)
                  0020a0e4    0000010a              : route.oem3 (.text:RtCreate)
                  0020a1ee    00000002              : nat.oem3 (.text:NatMsg)
                  0020a1f0    00000108     driverlib.lib : ram.obj (.text)
                  0020a2f8    00000104     os.aem3 : task.oem3 (.text:llEnter)
                  0020a3fc    00000104     sysbios.aem3 : BIOS.obj (.text:ti_sysbios_knl_Task_schedule__I)
                  0020a500    00000102     nettool_ipv4.aem3 : dhcppkt.oem3 (.text:dhcpPacketProcess)
                  0020a602    00000102                       : inetaddr.oem3 (.text:inet_aton)
                  0020a704    00000100     stk.aem3 : igmp.oem3 (.text:IGMPSendReply)
                  0020a804    00000100     ti.targets.arm.rtsarm.aem3 : Core-mem.oem3 (.text:xdc_runtime_Core_createObject__I)
                  0020a904    000000fc     netctrl_min_ipv4.aem3 : netctrl.oem3 (.text:NetScheduler)
                  0020aa00    000000fc     rtsv7M3_T_le_eabi.lib : fd_mul_t2.obj (.text)
                  0020aafc    000000fa     stk.aem3 : pipe.oem3 (.text:PipeRecv)
                  0020abf6    00000002     drivers_mware.aem3 : SPITivaDMA.oem3 (.text:SPITivaDMA_serviceISR)
                  0020abf8    000000f8     ti.targets.arm.rtsarm.aem3 : Startup.oem3 (.text:xdc_runtime_Startup_startMods__I)
                  0020acf0    000000f4     Boot.aem3 : Boot.oem3 (.text:.bootCodeSection:ti_catalog_arm_cortexm3_concertoInit_Boot_configurePllDivs)
                  0020ade4    000000f4     os.aem3 : task.oem3 (.text:TaskGetEnv)
                  0020aed8    000000f4     sysbios.aem3 : BIOS.obj (.text:ti_sysbios_knl_Task_postInit__I)
                  0020afcc    000000f4                  : BIOS.obj (.text:ti_sysbios_knl_Task_startCore__E)
                  0020b0c0    000000f0     stk.aem3 : lliout.oem3 (.text:LLIGenArpPacket)
                  0020b1b0    000000f0              : sock.oem3 (.text:SockClose)
                  0020b2a0    000000e8     os.aem3 : task.oem3 (.text:TaskSetEnv)
                  0020b388    000000e0     stk.aem3 : tcptime.oem3 (.text:TcpTimeoutRexmt)
                  0020b468    000000dc              : sb.oem3 (.text:SBWrite)
                  0020b544    000000dc     drivers_mware.aem3 : SPITivaDMA.oem3 (.text:SPITivaDMA_open)
                  0020b620    000000dc     nettool_ipv4.aem3 : dhcpsock.oem3 (.text:dhcpSocketOpen)
                  0020b6fc    000000dc                       : dhcpsm.oem3 (.text:dhcpState)
                  0020b7d8    000000d8     stk.aem3 : node.oem3 (.text:NodeAdd)
                  0020b8b0    000000d8              : tcpprot.oem3 (.text:TcpPrSetOption)
                  0020b988    000000d4              : sockpcb.oem3 (.text:SockPcbBind)
                  0020ba5c    000000d4     sysbios.aem3 : BIOS.obj (.text:ti_sysbios_knl_Swi_Instance_init__E)
                  0020bb30    000000d1     stk.aem3 : nimu.oem3 (.text:NIMUReceivePacket)
                  0020bc01    00000001     --HOLE-- [fill = 0]
                  0020bc02    00000002     os.aem3 : task.oem3 (.text:_TaskInit)
                  0020bc04    000000d0     sysbios.aem3 : m3_Hwi_asm.obj (.text:ti_sysbios_family_arm_m3_Hwi_dispatch__I)
                  0020bcd4    000000cc     stk.aem3 : icmp.oem3 (.text:ICMPSendRtAdv)
                  0020bda0    000000cc     nettool_ipv4.aem3 : dhcpbild.oem3 (.text:dhcpBuildHeader)
                  0020be6c    000000cc                       : dhcpsm.oem3 (.text:dhcpIPAdd)
                  0020bf38    000000cc                       : dhcppkt.oem3 (.text:dhcpVerifyMessage)
                  0020c004    000000cc     ti.targets.arm.rtsarm.aem3 : Core-smem.oem3 (.text:xdc_runtime_Core_constructObject__I)
                  0020c0d0    000000c8     stk.aem3 : rawethsock.oem3 (.text:RawEthSockNew)
                  0020c198    000000c8     netctrl_min_ipv4.aem3 : netsrv.oem3 (.text:SPIpNet)
                  0020c260    000000c4     stk.aem3 : igmp.oem3 (.text:IGMPJoinHostGroup)
                  0020c324    000000c0     drivers_mware.aem3 : SPITivaDMA.oem3 (.text:SPITivaDMA_configDMA)
                  0020c3e4    000000c0     nettool_ipv4.aem3 : dhcpsm.oem3 (.text:StateBound)
                  0020c4a4    000000c0     sysbios.aem3 : BIOS.obj (.text:ti_sysbios_family_arm_m3_Hwi_Module_startup__E)
                  0020c564    000000bc     stk.aem3 : sockpcb.oem3 (.text:SockPcbFind)
                  0020c620    000000bc              : vlan.oem3 (.text:VLANDeinit)
                  0020c6dc    000000b8              : icmpin.oem3 (.text:ICMPRevSrcRoute)
                  0020c794    000000b8              : lli.oem3 (.text:_LLITimeoutCheck)
                  0020c84c    000000b8     sysbios.aem3 : BIOS.obj (.text:ti_sysbios_knl_Task_unblockI__E)
                  0020c904    000000b4     stk.aem3 : tcptime.oem3 (.text:TcpTimeoutKeep)
                  0020c9b8    000000b4     sysbios.aem3 : BIOS.obj (.text:ti_sysbios_family_arm_m3_Hwi_excDebugMon__I)
                  0020ca6c    000000b4                  : BIOS.obj (.text:ti_sysbios_family_arm_m3_Hwi_excHardFault__I)
                  0020cb20    000000b4                  : BIOS.obj (.text:ti_sysbios_gates_GateMutex_enter__E)
                  0020cbd4    000000b4                  : BIOS.obj (.text:ti_sysbios_knl_Task_checkStacks__E)
                  0020cc88    000000b0     stk.aem3 : rawethsock.oem3 (.text:RawEthSockSet)
                  0020cd38    000000b0              : rtable.oem3 (.text:RtTimeoutCheck)
                  0020cde8    000000ac     driverlib.lib : watchdog.obj (.text)
                  0020ce94    000000ac     config_pem3.oem3 (.text:ti_ndk_config_ip_init)
                  0020cf40    000000ac     sysbios.aem3 : BIOS.obj (.text:ti_sysbios_knl_Swi_post__E)
                  0020cfec    000000a8     stk.aem3 : sockint.oem3 (.text:SockCreatePacket)
                  0020d094    000000a8     sysbios.aem3 : BIOS.obj (.text:ti_sysbios_knl_Task_blockI__E)
                  0020d13c    000000a0     stk.aem3 : ip.oem3 (.text:IPGetRoute)
                  0020d1dc    000000a0     auto_init.aem3 : auto_init.oem3 (.text)
                  0020d27c    000000a0     ti.targets.arm.rtsarm.aem3 : Text.oem3 (.text:xdc_runtime_Text_putMod__E)
                  0020d31c    0000009e     stk.aem3 : nimu.oem3 (.text:NIMUAddEthernetHeader)
                  0020d3ba    0000009e     nettool_ipv4.aem3 : dhcpbild.oem3 (.text:dhcpBuildRequest)
                  0020d458    0000009c     stk.aem3 : exec.oem3 (.text:ExecOpen)
                  0020d4f4    0000009c     rtsv7M3_T_le_eabi.lib : memcpy_t2.obj (.text)
                  0020d590    0000009c     spiGPIO.obj (.text:spiTask)
                  0020d62c    0000009c     sysbios.aem3 : BIOS.obj (.text:ti_sysbios_knl_Semaphore_Instance_init__E)
                  0020d6c8    0000009a     ti.targets.arm.rtsarm.aem3 : Text.oem3 (.text:xdc_runtime_Text_putSite__E)
                  0020d762    00000002     os.aem3 : task.oem3 (.text:_TaskShutdown)
                  0020d764    00000098     netctrl_min_ipv4.aem3 : netctrl.oem3 (.text:NC_SystemOpen)
                  0020d7fc    00000098                           : netsrv.oem3 (.text:ServiceScan)
                  0020d894    00000094     nettool_ipv4.aem3 : config.oem3 (.text:CfgRemoveEntry)
                  0020d928    00000094     main_m3.obj (.text:master_ram_init_control_L0_L4_memories)
                  0020d9bc    00000094     main_m3.obj (.text:master_ram_init_control_m0m1_msgram_memories)
                  0020da50    00000094     sysbios.aem3 : BIOS.obj (.text:ti_sysbios_family_arm_m3_Hwi_Instance_init__E)
                  0020dae4    00000090     nettool_ipv4.aem3 : config.oem3 (.text:CfgExecute)
                  0020db74    00000090     stk.aem3 : igmp.oem3 (.text:IGMPMsg)
                  0020dc04    00000090     os.aem3 : mem.oem3 (.text:mmBulkAlloc)
                  0020dc94    0000008c     stk.aem3 : ip.oem3 (.text:IPMsg)
                  0020dd20    0000008c     os.aem3 : mem.oem3 (.text:_mmInit)
                  0020ddac    0000008c             : mem.oem3 (.text:mmInitPage)
                  0020de38    0000008c     sysbios.aem3 : BIOS.obj (.text:ti_sysbios_heaps_HeapTrack_Instance_finalize__E)
                  0020dec4    0000008a     netctrl_min_ipv4.aem3 : netsrv.oem3 (.text:SPRoute)
                  0020df4e    00000002     hal_ser_stub.aem3 : llserstb.oem3 (.text:_llSerialServiceCheck)
                  0020df50    00000088     netctrl_min_ipv4.aem3 : netsrv.oem3 (.text:ServiceSpawn)
                  0020dfd8    00000088     stk.aem3 : sockpcb.oem3 (.text:SockPcbCtlError)
                  0020e060    00000088     main_m3.obj (.text:isr_ipc)
                  0020e0e8    00000088     sysbios.aem3 : BIOS.obj (.text:ti_sysbios_heaps_HeapTrack_alloc__E)
                  0020e170    00000086     nettool_ipv4.aem3 : dhcpsm.oem3 (.text:StateRequesting)
                  0020e1f6    00000086     rtsv7M3_T_le_eabi.lib : fd_cmp_t2.obj (.text:__aeabi_cdcmple)
                  0020e27c    00000086                           : fd_cmp_t2.obj (.text:__aeabi_cdrcmple)
                  0020e302    00000002     hal_ser_stub.aem3 : llserstb.oem3 (.text:_llSerialShutdown)
                  0020e304    00000084     nettool_ipv4.aem3 : config.oem3 (.text:CfgGetEntry)
                  0020e388    00000084     drivers_mware.aem3 : EMACTiva.oem3 (.text:EMACTiva_handleRx)
                  0020e40c    00000084     TMDXDOCKH52C1.obj (.text:TMDXDOCKH52C1_initDMA)
                  0020e490    00000084     stk.aem3 : tcpprot.oem3 (.text:TcpPrAttach)
                  0020e514    00000084     os.aem3 : mem.oem3 (.text:mmBulkFree)
                  0020e598    00000084             : mem.oem3 (.text:mmFree)
                  0020e61c    00000084     sysbios.aem3 : BIOS.obj (.text:ti_sysbios_family_arm_m3_Hwi_initNVIC__E)
                  0020e6a0    00000084                  : BIOS.obj (.text:ti_sysbios_knl_Task_Module_startup__E)
                  0020e724    00000082     nettool_ipv4.aem3 : dhcpsm.oem3 (.text:StateRenewRebind)
                  0020e7a6    00000002     hal_userled_stub.aem3 : llled.oem3 (.text:_llUserLedInit)
                  0020e7a8    00000080     stk.aem3 : lli.oem3 (.text:LLINew)
                  0020e828    00000080     netctrl_min_ipv4.aem3 : netsrv.oem3 (.text:NS_BootTask)
                  0020e8a8    00000080     stk.aem3 : pbm.oem3 (.text:PBM_alloc)
                  0020e928    00000080              : raw.oem3 (.text:RawOutput)
                  0020e9a8    0000007f     config_pem3.oem3 (.text:ti_ndk_config_Global_NetworkIPAddr)
                  0020ea27    00000001     --HOLE-- [fill = 0]
                  0020ea28    0000007e     stk.aem3 : fileuser.oem3 (.text:fdClose)
                  0020eaa6    00000002     hal_userled_stub.aem3 : llled.oem3 (.text:_llUserLedShutdown)
                  0020eaa8    0000007c     nettool_ipv4.aem3 : config.oem3 (.text:CfgGetNextEntry)
                  0020eb24    0000007c     stk.aem3 : igmp.oem3 (.text:IGMPDoMCast)
                  0020eba0    0000007c              : igmp.oem3 (.text:IGMPJoin)
                  0020ec1c    0000007c              : socket.oem3 (.text:NDK_setsockopt)
                  0020ec98    0000007c              : nimu.oem3 (.text:NIMURegister)
                  0020ed14    0000007c              : pbm.oem3 (.text:PBM_free)
                  0020ed90    0000007c     drivers_mware.aem3 : SPITivaDMA.oem3 (.text:SPITivaDMA_initHw)
                  0020ee0c    0000007c     TMDXDOCKH52C1.obj (.text:TMDXDOCKH52C1_initGeneral)
                  0020ee88    0000007c     sysbios.aem3 : BIOS.obj (.text:ti_sysbios_family_arm_m3_Timer_Module_startup__E)
                  0020ef04    0000007a     stk.aem3 : sock.oem3 (.text:SockAccept)
                  0020ef7e    0000007a     rtsv7M3_T_le_eabi.lib : memset_t2.obj (.text)
                  0020eff8    00000078     drivers_mware.aem3 : EMACTiva.oem3 (.text:EMACTiva_emacStart)
                  0020f070    00000078     stk.aem3 : socket.oem3 (.text:NDK_sendto)
                  0020f0e8    00000078              : tcptime.oem3 (.text:TcpXmitTimer)
                  0020f160    00000078              : fileuser.oem3 (.text:fdOpenSession)
                  0020f1d8    00000078     os.aem3 : task.oem3 (.text:llExit)
                  0020f250    00000076     stk.aem3 : pipe.oem3 (.text:PipeSend)
                  0020f2c6    00000002     main_m3.obj (.text:idle_send)
                  0020f2c8    00000075     stk.aem3 : tcptime.oem3 (.text:TcpTimeoutSackRexmt)
                  0020f33d    00000001     --HOLE-- [fill = 0]
                  0020f33e    00000002     hal_ser_stub.aem3 : llserstb.oem3 (.text:llSerialService)
                  0020f340    00000074     drivers_mware.aem3 : GPIOTiva.oem3 (.text:GPIO_init)
                  0020f3b4    00000074     stk.aem3 : igmp.oem3 (.text:IGMPLeaveHostGroup)
                  0020f428    00000074              : nimu.oem3 (.text:NIMUShutdown)
                  0020f49c    00000074              : raweth.oem3 (.text:RawEthRxPacket)
                  0020f510    00000074              : sockpcb.oem3 (.text:SockPcbConnect)
                  0020f584    00000074     tcpEchoHooks.obj (.text:netOpenHook)
                  0020f5f8    00000074     sysbios.aem3 : BIOS.obj (.text:ti_sysbios_family_arm_m3_Hwi_postInit__I)
                  0020f66c    00000074                  : BIOS.obj (.text:ti_sysbios_knl_Clock_start__E)
                  0020f6e0    00000072     os.aem3 : semaphore.oem3 (.text:SemCreateBinary)
                  0020f752    00000070     stk.aem3 : socket.oem3 (.text:NDK_accept)
                  0020f7c2    00000070              : socket.oem3 (.text:NDK_send)
                  0020f832    00000002     rtsv7M3_T_le_eabi.lib : i_div0.obj (.text)
                  0020f834    00000070     stk.aem3 : rtable.oem3 (.text:RtFlush)
                  0020f8a4    00000070     netctrl_min_ipv4.aem3 : netsrv.oem3 (.text:SPConfig)
                  0020f914    00000070     stk.aem3 : sock.oem3 (.text:SockShutdown)
                  0020f984    00000070     nettool_ipv4.aem3 : dhcptags.oem3 (.text:dhcpDecodeType)
                  0020f9f4    0000006e     stk.aem3 : socket.oem3 (.text:NDK_recv)
                  0020fa62    00000002     config_pem3.oem3 (.text:ti_ndk_config_Global_NetworkClose)
                  0020fa64    0000006e     stk.aem3 : rtable.oem3 (.text:RtWalkNext)
                  0020fad2    0000006e              : sockpcb.oem3 (.text:SockPcbFindRaw)
                  0020fb40    0000006d              : node.oem3 (.text:NodeNew)
                  0020fbad    00000001     --HOLE-- [fill = 0]
                  0020fbae    00000002     config_pem3.oem3 (.text:ti_sysbios_BIOS_nullFunc__I)
                  0020fbb0    0000006c     os.aem3 : ossys.oem3 (.text:DbgPrintf)
                  0020fc1c    0000006c     stk.aem3 : node.oem3 (.text:NodeTreeNew)
                  0020fc88    0000006c              : pbm.oem3 (.text:PBM_open)
                  0020fcf4    0000006c              : raweth.oem3 (.text:RawEthTxPacket)
                  0020fd60    0000006c              : udp.oem3 (.text:UdpChecksum)
                  0020fdcc    0000006c     config_pem3.oem3 (.text:ti_sysbios_family_arm_m3_Hwi_Object__create__S)
                  0020fe38    0000006c     ti.targets.arm.rtsarm.aem3 : Error.oem3 (.text:xdc_runtime_Error_print__E)
                  0020fea4    0000006c                                : Memory.oem3 (.text:xdc_runtime_Memory_alloc__E)
                  0020ff10    0000006a     TMDXDOCKH52C1.obj (.text:TMDXDOCKH52C1_initGPIO)
                  0020ff7a    0000006a     stk.aem3 : tcpprot.oem3 (.text:TcpPrInherit)
                  0020ffe4    0000006a     rtsv7M3_T_le_eabi.lib : copy_decompress_rle.obj (.text)
                  0021004e    00000002     sysbios.aem3 : BIOS.obj (.text:ti_sysbios_gates_GateHwi_Instance_init__E)
                  00210050    00000068     drivers_mware.aem3 : EMACTiva.oem3 (.text:EMACTiva_emacStop)
                  002100b8    00000068     stk.aem3 : socket.oem3 (.text:NDK_socket)
                  00210120    00000068              : sock.oem3 (.text:SockListen)
                  00210188    00000068              : rtable.oem3 (.text:_RtNodeInsert)
                  002101f0    00000068     rtsv7M3_T_le_eabi.lib : trgmsg.obj (.text)
                  00210258    00000066     ti.targets.arm.rtsarm.aem3 : Core-mem.oem3 (.text:xdc_runtime_Core_deleteObject__I)
                  002102be    00000002     --HOLE-- [fill = 0]
                  002102c0    00000064     nettool_ipv4.aem3 : config.oem3 (.text:CfgFree)
                  00210324    00000064                       : config.oem3 (.text:CfgGetEntryCnt)
                  00210388    00000064     drivers_mware.aem3 : GPIOTiva.oem3 (.text:GPIO_hwiIntFxn)
                  002103ec    00000064     stk.aem3 : pbm.oem3 (.text:PBMQ_enq)
                  00210450    00000064              : sockint.oem3 (.text:SockSpawnAbort)
                  002104b4    00000064     config_pem3.oem3 (.text:ti_sysbios_family_arm_m3_Hwi_create)
                  00210518    00000064     stk.aem3 : lliin.oem3 (.text:updateRtTable)
                  0021057c    00000064     ti.targets.arm.rtsarm.aem3 : System.oem3 (.text:xdc_runtime_System_formatNum__I)
                  002105e0    00000062     stk.aem3 : ipin.oem3 (.text:IPRouteIP)
                  00210642    00000002     --HOLE-- [fill = 0]
                  00210644    00000062              : sb.oem3 (.text:SBNew)
                  002106a6    00000060              : file.oem3 (.text:FdWaitEvent)
                  00210706    00000002     --HOLE-- [fill = 0]
                  00210708    00000060              : nimu.oem3 (.text:NIMUUnregister)
                  00210768    00000060              : node.oem3 (.text:NodeFind)
                  002107c8    00000060              : rtc.oem3 (.text:RTCMsg)
                  00210828    00000060              : tcp.oem3 (.text:TcpChecksum)
                  00210888    00000060     nettool_ipv4.aem3 : dhcptags.oem3 (.text:dhcpBuildOptions)
                  002108e8    00000060     hal_timer_bios.aem3 : lltimer.oem3 (.text:llTimerTick)
                  00210948    00000060     sysbios.aem3 : BIOS.obj (.text:ti_sysbios_knl_Clock_logTick__E)
                  002109a8    0000005e     stk.aem3 : route.oem3 (.text:RtRemove)
                  00210a06    0000005e     drivers_mware.aem3 : SPITivaDMA.oem3 (.text:SPITivaDMA_transfer)
                  00210a64    0000005e     nettool_ipv4.aem3 : dhcpsm.oem3 (.text:StateSelecting)
                  00210ac2    0000005e     stk.aem3 : vlan.oem3 (.text:VLANReceivePacket)
                  00210b20    0000005c     nettool_ipv4.aem3 : config.oem3 (.text:CfgSetExecuteOrder)
                  00210b7c    0000005c     stk.aem3 : nimu.oem3 (.text:NIMUIoctlSpecialCmd)
                  00210bd8    0000005c     netctrl_min_ipv4.aem3 : netsrv.oem3 (.text:SPService)
                  00210c34    0000005c     config_pem3.oem3 (.text:ti_sysbios_knl_Swi_create)
                  00210c90    0000005c     config_pem3.oem3 (.text:ti_sysbios_knl_Task_create)
                  00210cec    0000005b     ti.targets.arm.rtsarm.aem3 : Text.oem3 (.text:xdc_runtime_Text_putLab__E)
                  00210d47    00000001     --HOLE-- [fill = 0]
                  00210d48    0000005a     stk.aem3 : route.oem3 (.text:RtRedirect)
                  00210da2    0000005a     nettool_ipv4.aem3 : dhcpbild.oem3 (.text:dhcpBuildDecline)
                  00210dfc    0000005a     os.aem3 : mem.oem3 (.text:mmCopy)
                  00210e56    0000005a     config_pem3.oem3 (.text:ti_ndk_config_tcp_init)
                  00210eb0    00000058     stk.aem3 : bind.oem3 (.text:BindFree)
                  00210f08    00000058              : igmp.oem3 (.text:IGMPTimer)
                  00210f60    00000058     os.aem3 : semaphore.oem3 (.text:SemCreate)
                  00210fb8    00000058     stk.aem3 : tcpprot.oem3 (.text:TcpValidateMetrics)
                  00211010    00000058     config_pem3.oem3 (.text:ti_sysbios_family_arm_m3_Hwi_construct)
                  00211068    00000058     config_pem3.oem3 (.text:ti_sysbios_hal_Hwi_construct)
                  002110c0    00000058     sysbios.aem3 : BIOS.obj (.text:ti_sysbios_knl_Swi_restoreHwi__E)
                  00211118    00000058                  : BIOS.obj (.text:ti_sysbios_knl_Swi_schedule__I)
                  00211170    00000056     drivers_mware.aem3 : SPITivaDMA.oem3 (.text:SPITivaDMA_transferCancel)
                  002111c6    00000002     --HOLE-- [fill = 0]
                  002111c8    00000054     nettool_ipv4.aem3 : config.oem3 (.text:CfgEntryDeRef)
                  0021121c    00000054     stk.aem3 : igmp.oem3 (.text:IGMPLeave)
                  00211270    00000054              : rawethsock_pcb.oem3 (.text:RawEthSockPcbAttach)
                  002112c4    00000054              : sockpcb.oem3 (.text:SockCleanPcb)
                  00211318    00000054              : tcptime.oem3 (.text:TcpTimeoutPersist)
                  0021136c    00000054     rtsv7M3_T_le_eabi.lib : exit.obj (.text)
                  002113c0    00000054     sysbios.aem3 : BIOS.obj (.text:ti_sysbios_family_arm_m3_Timer_setPeriod__E)
                  00211414    00000054                  : BIOS.obj (.text:ti_sysbios_family_arm_m3_Timer_start__E)
                  00211468    00000054                  : BIOS.obj (.text:ti_sysbios_knl_Swi_Instance_finalize__E)
                  002114bc    00000054     ti.targets.arm.rtsarm.aem3 : Assert.oem3 (.text:xdc_runtime_Assert_raise__I)
                  00211510    00000052     stk.aem3 : tcpprot.oem3 (.text:TcpPrDetach)
                  00211562    00000002     --HOLE-- [fill = 0]
                  00211564    00000050     drivers_mware.aem3 : EMACTiva.oem3 (.text:EMACTiva_handlePendingTx)
                  002115b4    00000050                        : GPIOTiva.oem3 (.text:GPIO_setCallback)
                  00211604    00000050                        : GPIOTiva.oem3 (.text:GPIO_write)
                  00211654    00000050     stk.aem3 : socket.oem3 (.text:NDK_bind)
                  002116a4    00000050              : route.oem3 (.text:RtNew)
                  002116f4    00000050     ti.targets.arm.rtsarm.aem3 : Startup.oem3 (.text:xdc_runtime_Startup_exec__E)
                  00211744    0000004e     stk.aem3 : node.oem3 (.text:NodeDeRef)
                  00211792    0000004e     nettool_ipv4.aem3 : config.oem3 (.text:_CfgEntryScan)
                  002117e0    0000004c                       : ipaddr.oem3 (.text:NtAddNetwork)
                  0021182c    0000004c     stk.aem3 : sockint.oem3 (.text:SockValidateRoute)
                  00211878    0000004c     rtsv7M3_T_le_eabi.lib : cpy_tbl.obj (.text)
                  002118c4    0000004c     sysbios.aem3 : m3_TaskSupport_asm.obj (.text:ti_sysbios_family_arm_m3_TaskSupport_buildTaskStack)
                  00211910    0000004c                  : BIOS.obj (.text:ti_sysbios_knl_Swi_runLoop__I)
                  0021195c    0000004c                  : BIOS.obj (.text:ti_sysbios_knl_Task_deleteTerminatedTasksFunc__I)
                  002119a8    0000004c     ti.targets.arm.rtsarm.aem3 : Text.oem3 (.text:xdc_runtime_Text_visitRope2__I)
                  002119f4    0000004a     netctrl_min_ipv4.aem3 : netsrv.oem3 (.text:ServiceKill)
                  00211a3e    0000004a     stk.aem3 : sock.oem3 (.text:SockDisconnect)
                  00211a88    0000004a              : timer.oem3 (.text:TimerNew)
                  00211ad2    00000048     nettool_ipv4.aem3 : config.oem3 (.text:CfgNew)
                  00211b1a    00000002     --HOLE-- [fill = 0]
                  00211b1c    00000048     stk.aem3 : lli.oem3 (.text:LLIMsg)
                  00211b64    00000048              : node.oem3 (.text:NodeWalk)
                  00211bac    00000048              : rawethsock_pcb.oem3 (.text:RawEthSockPcbDetach)
                  00211bf4    00000048              : sockpcb.oem3 (.text:SockPcbResolveChain)
                  00211c3c    00000048              : tcpprot.oem3 (.text:TcpDrop)
                  00211c84    00000048              : lli.oem3 (.text:_LLIExpListInsert)
                  00211ccc    00000048              : rtable.oem3 (.text:_RtExpListInsert)
                  00211d14    00000048              : file.oem3 (.text:fdint_lockfd)
                  00211d5c    00000048     rtsv7M3_T_le_eabi.lib : fd_toi_t2.obj (.text)
                  00211da4    00000048     sysbios.aem3 : BIOS.obj (.text:ti_sysbios_family_arm_m3_Hwi_excReserved__I)
                  00211dec    00000048                  : m3_Hwi_asm_switch.obj (.text:ti_sysbios_family_arm_m3_Hwi_initStacks__E)
                  00211e34    00000048                  : BIOS.obj (.text:ti_sysbios_heaps_HeapMem_getStats__E)
                  00211e7c    00000046     nettool_ipv4.aem3 : ipaddr.oem3 (.text:NtIfIdx2Ip)
                  00211ec2    00000046     stk.aem3 : rawethsock.oem3 (.text:RawEthSockSend)
                  00211f08    00000046              : tcpprot.oem3 (.text:TcpPrCtlError)
                  00211f4e    00000046     os.aem3 : mem.oem3 (.text:mmZeroInit)
                  00211f94    00000046     ti.targets.arm.rtsarm.aem3 : Core-params.oem3 (.text:xdc_runtime_Core_assignParams__I)
                  00211fda    00000002     --HOLE-- [fill = 0]
                  00211fdc    00000044     boot.aem3 : boot.oem3 (.text)
                  00212020    00000044     stk.aem3 : icmp.oem3 (.text:ICMPChecksum)
                  00212064    00000044              : ipfrag.oem3 (.text:IPReasmFree)
                  002120a8    00000044              : lli.oem3 (.text:LLIGetValidTime)
                  002120ec    00000044              : rtable.oem3 (.text:RouteMsg)
                  00212130    00000044              : rtable.oem3 (.text:RtWalkEnd)
                  00212174    00000044              : sockpcb.oem3 (.text:SockPcbDetach)
                  002121b8    00000044              : timer.oem3 (.text:TimerListInsert)
                  002121fc    00000044     hal_timer_bios.aem3 : lltimer.oem3 (.text:llTimerGetTime)
                  00212240    00000044     rtsv7M3_T_le_eabi.lib : fd_tou_t2.obj (.text)
                  00212284    00000044     sysbios.aem3 : BIOS.obj (.text:ti_sysbios_family_arm_m3_Hwi_disableInterrupt__E)
                  002122c8    00000044                  : BIOS.obj (.text:ti_sysbios_family_arm_m3_Hwi_enableInterrupt__E)
                  0021230c    00000044                  : BIOS.obj (.text:ti_sysbios_knl_Task_allBlockedFunction__I)
                  00212350    00000044     ti.targets.arm.rtsarm.aem3 : Error.oem3 (.text:xdc_runtime_Error_setX__E)
                  00212394    00000044                                : SysMin.oem3 (.text:xdc_runtime_SysMin_flush__E)
                  002123d8    00000044                                : Text.oem3 (.text:xdc_runtime_Text_xprintf__I)
                  0021241c    00000042     stk.aem3 : socket.oem3 (.text:NDK_listen)
                  0021245e    00000042              : tcpprot.oem3 (.text:TcpPrSendOOB)
                  002124a0    00000042              : fileuser.oem3 (.text:fdCloseSession)
                  002124e2    00000002     --HOLE-- [fill = 0]
                  002124e4    00000040              : lliin.oem3 (.text:LLIValidateRoute)
                  00212524    00000040              : pbm.oem3 (.text:PBM_copy)
                  00212564    00000040     drivers_mware.aem3 : SPITivaDMA.oem3 (.text:SPITivaDMA_hwiFxn)
                  002125a4    00000040     stk.aem3 : sockpcb.oem3 (.text:SockPcbRtChange)
                  002125e4    00000040              : tcpprot.oem3 (.text:TcpPrSend)
                  00212624    00000040     rtsv7M3_T_le_eabi.lib : u_divt2.obj (.text)
                  00212664    00000040     sysbios.aem3 : BIOS.obj (.text:ti_sysbios_family_arm_m3_Hwi_getStackInfo__E)
                  002126a4    0000003e     nettool_ipv4.aem3 : dhcpmain.oem3 (.text:DHCPClose)
                  002126e2    00000002     --HOLE-- [fill = 0]
                  002126e4    0000003e     stk.aem3 : nimu.oem3 (.text:NIMUAllocateName)
                  00212722    0000003e              : tcpprot.oem3 (.text:TcpPrDisconnect)
                  00212760    0000003e              : file.oem3 (.text:fdint_unlockfd)
                  0021279e    0000003c     nettool_ipv4.aem3 : config.oem3 (.text:CfgEntryGetData)
                  002127da    0000003c     stk.aem3 : node.oem3 (.text:NodeUpdatePL)
                  00212816    00000002     --HOLE-- [fill = 0]
                  00212818    0000003c              : rtable.oem3 (.text:RtWalkBegin)
                  00212854    0000003c     drivers_mware.aem3 : SPITivaDMA.oem3 (.text:SPITivaDMA_close)
                  00212890    0000003c     stk.aem3 : tcpprot.oem3 (.text:TcpPrConnect)
                  002128cc    0000003c              : tcptime.oem3 (.text:TcpSetPersist)
                  00212908    0000003c              : rtc.oem3 (.text:_RTCSendRtAdv)
                  00212944    0000003c              : rtable.oem3 (.text:_RtNodeRemove)
                  00212980    0000003c     hal_timer_bios.aem3 : lltimer.oem3 (.text:_llTimerInit)
                  002129bc    0000003c     TMDXDOCKH52C1.obj (.text:dmaErrorHwi)
                  002129f8    0000003c     spiGPIO.obj (.text:spiGPIO_init)
                  00212a34    0000003c     sysbios.aem3 : BIOS.obj (.text:ti_sysbios_family_arm_m3_Hwi_excSvCall__I)
                  00212a70    0000003c                  : BIOS.obj (.text:ti_sysbios_heaps_HeapMem_init__I)
                  00212aac    0000003c                  : BIOS.obj (.text:ti_sysbios_knl_Swi_startup__E)
                  00212ae8    00000038     stk.aem3 : ip.oem3 (.text:IPChecksum)
                  00212b20    00000038              : ipfrag.oem3 (.text:IPReasmTimeout)
                  00212b58    00000038              : node.oem3 (.text:NodeGetRt)
                  00212b90    00000038     drivers_mware.aem3 : SPI.oem3 (.text:SPI_init)
                  00212bc8    00000038     os.aem3 : task.oem3 (.text:TaskCreate)
                  00212c00    00000038     stk.aem3 : tcpprot.oem3 (.text:TcpClose)
                  00212c38    00000038              : timer.oem3 (.text:TimerHSTick)
                  00212c70    00000038     nettool_ipv4.aem3 : dhcpbild.oem3 (.text:dhcpBuildDiscover)
                  00212ca8    00000038                       : dhcptags.oem3 (.text:dhcpOptionsClear)
                  00212ce0    00000038     stk.aem3 : file.oem3 (.text:fdint_waitevent)
                  00212d18    00000038     rtsv7M3_T_le_eabi.lib : fs_tod_t2.obj (.text)
                  00212d50    00000038     sysbios.aem3 : BIOS.obj (.text:ti_sysbios_family_arm_m3_Hwi_excNoIsr__I)
                  00212d88    00000038                  : BIOS.obj (.text:ti_sysbios_family_arm_m3_TaskSupport_start__E)
                  00212dc0    00000038     config_pem3.oem3 (.text:ti_sysbios_knl_Clock_create)
                  00212df8    00000038     sysbios.aem3 : BIOS.obj (.text:ti_sysbios_knl_Task_processVitalTaskFlag__I)
                  00212e30    00000038     ti.targets.arm.rtsarm.aem3 : SysMin.oem3 (.text:xdc_runtime_SysMin_putch__E)
                  00212e68    00000038                                : System.oem3 (.text:xdc_runtime_System_atexit__E)
                  00212ea0    00000036     driverlib.lib : cpu.obj (.text)
                  00212ed6    00000002     --HOLE-- [fill = 0]
                  00212ed8    00000034     nettool_ipv4.aem3 : config.oem3 (.text:CfgSetService)
                  00212f0c    00000034     drivers_mware.aem3 : EMACTiva.oem3 (.text:EMACTiva_hwiIntFxn)
                  00212f40    00000034                        : EMAC.oem3 (.text:EMAC_init)
                  00212f74    00000034     stk.aem3 : exec.oem3 (.text:ExecClose)
                  00212fa8    00000034              : nimu.oem3 (.text:NIMUFindByName)
                  00212fdc    00000034              : nimu.oem3 (.text:NIMUInit)
                  00213010    00000034              : rawethsock.oem3 (.text:RawEthSockNotify)
                  00213044    00000034              : sockprot.oem3 (.text:SockPrCtlError)
                  00213078    00000034     os.aem3 : mem.oem3 (.text:mmUnInitPage)
                  002130ac    00000034     sysbios.aem3 : BIOS.obj (.text:ti_sysbios_family_arm_m3_Hwi_excNmi__I)
                  002130e0    00000034                  : BIOS.obj (.text:ti_sysbios_family_arm_m3_Timer_periodicStub__I)
                  00213114    00000034                  : BIOS.obj (.text:ti_sysbios_hal_Hwi_checkStack)
                  00213148    00000034     config_pem3.oem3 (.text:ti_sysbios_knl_Semaphore_create)
                  0021317c    00000034     ti.targets.arm.rtsarm.aem3 : Core-label.oem3 (.text:xdc_runtime_Core_assignLabel__I)
                  002131b0    00000033                                : Text.oem3 (.text:xdc_runtime_Text_printVisFxn__I)
                  002131e3    00000001     --HOLE-- [fill = 0]
                  002131e4    00000032     nettool_ipv4.aem3 : config.oem3 (.text:CfgGetImmediate)
                  00213216    00000032     stk.aem3 : route.oem3 (.text:RtDeRef)
                  00213248    00000032              : route.oem3 (.text:RtSetFailure)
                  0021327a    00000032              : sb.oem3 (.text:SBFlush)
                  002132ac    00000032              : sb.oem3 (.text:SBSetMax)
                  002132de    00000032              : sock.oem3 (.text:SockIntAbort)
                  00213310    00000032     nettool_ipv4.aem3 : config.oem3 (.text:_CfgAcquire)
                  00213342    00000032                       : dhcpsm.oem3 (.text:dhcpIPRemove)
                  00213374    00000032     sysbios.aem3 : BIOS.obj (.text:ti_sysbios_knl_Semaphore_pendTimeout__I)
                  002133a6    00000002     --HOLE-- [fill = 0]
                  002133a8    00000030     netctrl_min_ipv4.aem3 : netsrv.oem3 (.text:NS_PreBoot)
                  002133d8    00000030     stk.aem3 : sock.oem3 (.text:SockBind)
                  00213408    00000030              : sock.oem3 (.text:SockGetName)
                  00213438    00000030     nettool_ipv4.aem3 : dhcpsock.oem3 (.text:dhcpPacketSend)
                  00213468    00000030     stk.aem3 : listlib.oem3 (.text:list_remove_node)
                  00213498    00000030     config_pem3.oem3 (.text:ti_sysbios_BIOS_atExitFunc__I)
                  002134c8    00000030     config_pem3.oem3 (.text:ti_sysbios_gates_GateHwi_Object__create__S)
                  002134f8    00000030     config_pem3.oem3 (.text:ti_sysbios_gates_GateMutex_Object__create__S)
                  00213528    00000030     config_pem3.oem3 (.text:ti_sysbios_heaps_HeapMem_Object__create__S)
                  00213558    00000030     config_pem3.oem3 (.text:ti_sysbios_heaps_HeapTrack_Object__create__S)
                  00213588    00000030     config_pem3.oem3 (.text:ti_sysbios_knl_Semaphore_construct)
                  002135b8    00000030     ti.targets.arm.rtsarm.aem3 : SysMin.oem3 (.text:xdc_runtime_SysMin_abort__E)
                  002135e8    00000030                                : System.oem3 (.text:xdc_runtime_System_processAtExit__E)
                  00213618    0000002e     stk.aem3 : sb.oem3 (.text:SBFree)
                  00213646    0000002e     rtsv7M3_T_le_eabi.lib : i_tofd_t2.obj (.text)
                  00213674    0000002c     stk.aem3 : file.oem3 (.text:FdSignalEvent)
                  002136a0    0000002c              : igmp.oem3 (.text:IGMPTestGroup)
                  002136cc    0000002c     os.aem3 : task.oem3 (.text:NDK_hookCreate)
                  002136f8    0000002c     stk.aem3 : nimu.oem3 (.text:NIMUAllocateIndex)
                  00213724    0000002c              : nimu.oem3 (.text:NIMUPacketServiceCheck)
                  00213750    0000002c              : pipe.oem3 (.text:PipeClose)
                  0021377c    0000002c              : sockpcb.oem3 (.text:SockPcbAttach)
                  002137a8    0000002c              : lli.oem3 (.text:_LLIExpListRemove)
                  002137d4    0000002c              : lli.oem3 (.text:_LLITimeoutFlush)
                  00213800    0000002c              : rtable.oem3 (.text:_RtExpListRemove)
                  0021382c    0000002c     sysbios.aem3 : BIOS.obj (.text:ti_sysbios_family_arm_m3_Hwi_Instance_finalize__E)
                  00213858    0000002c                  : BIOS.obj (.text:ti_sysbios_hal_Hwi_initStack)
                  00213884    0000002c     config_pem3.oem3 (.text:ti_sysbios_knl_Clock_doTick__I)
                  002138b0    0000002c     config_pem3.oem3 (.text:ti_sysbios_knl_Queue_construct)
                  002138dc    0000002c     sysbios.aem3 : BIOS.obj (.text:ti_sysbios_knl_Task_restore__E)
                  00213908    0000002c     ti.targets.arm.rtsarm.aem3 : Text.oem3 (.text:xdc_runtime_Text_cordText__E)
                  00213934    0000002a     stk.aem3 : pbm.oem3 (.text:PBMQ_deq)
                  0021395e    0000002a     netctrl_min_ipv4.aem3 : netsrv.oem3 (.text:ServiceCallback)
                  00213988    0000002a     nettool_ipv4.aem3 : config.oem3 (.text:_CfgRelease)
                  002139b2    0000002a     ti.targets.arm.rtsarm.aem3 : System.oem3 (.text:xdc_runtime_System_putchar__I)
                  002139dc    00000028     config_pem3.oem3 (.text:.bootCodeSection:ti_catalog_arm_cortexm3_concertoInit_Boot_initSharedRAMs)
                  00213a04    00000028     stk.aem3 : bind.oem3 (.text:BindFindByNet)
                  00213a2c    00000028     drivers_mware.aem3 : EMACTiva.oem3 (.text:EMACTiva_isLinkUp)
                  00213a54    00000028     stk.aem3 : lli.oem3 (.text:LLIFree)
                  00213a7c    00000028     netctrl_min_ipv4.aem3 : netctrl.oem3 (.text:NC_SystemClose)
                  00213aa4    00000028     stk.aem3 : nimu.oem3 (.text:NIMUCreatePacket)
                  00213acc    00000028              : nimu.oem3 (.text:NIMUPacketService)
                  00213af4    00000028              : tcpin.oem3 (.text:TcpEnterTimeWait)
                  00213b1c    00000028              : timer.oem3 (.text:TimerListRemove)
                  00213b44    00000028              : vlan.oem3 (.text:VLANFindSourceInterface)
                  00213b6c    00000028              : vlan.oem3 (.text:VLANInit)
                  00213b94    00000028     nettool_ipv4.aem3 : dhcpsock.oem3 (.text:dhcpPacketReceive)
                  00213bbc    00000028     sysbios.aem3 : BIOS.obj (.text:ti_sysbios_hal_Hwi_Instance_init__E)
                  00213be4    00000026     nettool_ipv4.aem3 : config.oem3 (.text:CfgEntryInfo)
                  00213c0a    00000026     stk.aem3 : rawethsock.oem3 (.text:RawEthSockClose)
                  00213c30    00000026     config_pem3.oem3 (.text:ti_ndk_config_udp_init)
                  00213c56    00000026     ti.targets.arm.rtsarm.aem3 : System.oem3 (.text:xdc_runtime_System_avprintf__E)
                  00213c7c    00000024     stk.aem3 : bind.oem3 (.text:BindFindByHost)
                  00213ca0    00000024              : bind.oem3 (.text:BindGetIFByDBCast)
                  00213cc4    00000024     drivers_mware.aem3 : EMACTiva.oem3 (.text:EMACTiva_emacPoll)
                  00213ce8    00000024                        : EMACTiva.oem3 (.text:EMACTiva_emacServicePacket)
                  00213d0c    00000024     stk.aem3 : exec.oem3 (.text:ExecTimer)
                  00213d30    00000024              : nimu.oem3 (.text:NIMUFindByIndex)
                  00213d54    00000024              : rtc.oem3 (.text:RTCAddHook)
                  00213d78    00000024              : rawethsock_pcb.oem3 (.text:RawEthSockPcbFind)
                  00213d9c    00000024              : route.oem3 (.text:RtFree)
                  00213dc0    00000024              : route.oem3 (.text:RtSetTimeout)
                  00213de4    00000024              : sockpcb.oem3 (.text:SockPcbCleanup)
                  00213e08    00000024              : tcpprot.oem3 (.text:TcpPrListen)
                  00213e2c    00000024              : tcptime.oem3 (.text:TcpTimeoutWait2)
                  00213e50    00000024     nettool_ipv4.aem3 : config.oem3 (.text:_CfgEntryProcess)
                  00213e74    00000024     config_pem3.oem3 (.text:ti_sysbios_BIOS_errorRaiseHook__I)
                  00213e98    00000024     config_pem3.oem3 (.text:ti_sysbios_BIOS_registerRTSLock__I)
                  00213ebc    00000024     config_pem3.oem3 (.text:ti_sysbios_BIOS_removeRTSLock__I)
                  00213ee0    00000024     config_pem3.oem3 (.text:ti_sysbios_BIOS_startFunc__I)
                  00213f04    00000024     sysbios.aem3 : BIOS.obj (.text:ti_sysbios_family_arm_m3_Hwi_doTaskRestore__I)
                  00213f28    00000024                  : BIOS.obj (.text:ti_sysbios_family_arm_m3_Timer_startup__E)
                  00213f4c    00000024     config_pem3.oem3 (.text:ti_sysbios_gates_GateMutex_Object__delete__S)
                  00213f70    00000024     config_pem3.oem3 (.text:ti_sysbios_heaps_HeapTrack_Object__delete__S)
                  00213f94    00000024     sysbios.aem3 : BIOS.obj (.text:ti_sysbios_knl_Clock_Module_startup__E)
                  00213fb8    00000024     config_pem3.oem3 (.text:ti_sysbios_knl_Semaphore_Object__delete__S)
                  00213fdc    00000024     sysbios.aem3 : BIOS.obj (.text:ti_sysbios_knl_Swi_Module_startup__E)
                  00214000    00000024     ti.targets.arm.rtsarm.aem3 : System.oem3 (.text:xdc_runtime_System_vprintf__E)
                  00214024    00000022     nettool_ipv4.aem3 : config.oem3 (.text:CfgEntryRef)
                  00214046    00000022     stk.aem3 : vlan.oem3 (.text:VLANFindNode)
                  00214068    00000022     main_m3.obj (.text:setsockopt)
                  0021408a    00000022     config_pem3.oem3 (.text:xdc_runtime_SysMin_output__I)
                  002140ac    00000020     drivers_mware.aem3 : EMACTiva.oem3 (.text:EMACTiva_init)
                  002140cc    00000020     netctrl_min_ipv4.aem3 : netctrl.oem3 (.text:NC_BootComplete)
                  002140ec    00000020     stk.aem3 : nimu.oem3 (.text:NIMUGetNumOfObject)
                  0021410c    00000020              : rtc.oem3 (.text:RTCRemoveHook)
                  0021412c    00000020              : tcp.oem3 (.text:TcpTimeoutRemove)
                  0021414c    00000020     config_pem3.oem3 (.text:ti_sysbios_BIOS_rtsLock__I)
                  0021416c    00000020     config_pem3.oem3 (.text:ti_sysbios_family_arm_m3_Hwi_Object__delete__S)
                  0021418c    00000020     sysbios.aem3 : BIOS.obj (.text:ti_sysbios_family_arm_m3_Hwi_clearInterrupt__E)
                  002141ac    00000020                  : m3_Hwi_asm.obj (.text:ti_sysbios_family_arm_m3_Hwi_excHandlerAsm__I)
                  002141cc    00000020                  : BIOS.obj (.text:ti_sysbios_family_arm_m3_Hwi_excHandler__I)
                  002141ec    00000020     config_pem3.oem3 (.text:ti_sysbios_gates_GateHwi_Object__delete__S)
                  0021420c    00000020     config_pem3.oem3 (.text:ti_sysbios_heaps_HeapMem_Object__delete__S)
                  0021422c    00000020     sysbios.aem3 : BIOS.obj (.text:ti_sysbios_heaps_HeapTrack_Instance_init__E)
                  0021424c    00000020                  : BIOS.obj (.text:ti_sysbios_knl_Idle_run__E)
                  0021426c    00000020     config_pem3.oem3 (.text:ti_sysbios_knl_Semaphore_Object__destruct__S)
                  0021428c    00000020     config_pem3.oem3 (.text:ti_sysbios_knl_Swi_Object__delete__S)
                  002142ac    00000020     config_pem3.oem3 (.text:ti_sysbios_knl_Task_Object__delete__S)
                  002142cc    00000020     ti.targets.arm.rtsarm.aem3 : Registry.oem3 (.text:xdc_runtime_Registry_findById__E)
                  002142ec    00000020                                : SysMin.oem3 (.text:xdc_runtime_SysMin_Module_startup__E)
                  0021430c    0000001e     stk.aem3 : listlib.oem3 (.text:list_remove)
                  0021432a    0000001e     main_m3.obj (.text:recv)
                  00214348    0000001e     main_m3.obj (.text:send)
                  00214366    0000001e     sysbios.aem3 : m3_Hwi_asm_switch.obj (.text:ti_sysbios_family_xxx_Hwi_switchAndRunFunc)
                  00214384    0000001c     stk.aem3 : bind.oem3 (.text:BindFindByIF)
                  002143a0    0000001c     drivers_mware.aem3 : EMACTiva.oem3 (.text:EMACTiva_emacSend)
                  002143bc    0000001c     stk.aem3 : exec.oem3 (.text:ExecBroadcast)
                  002143d8    0000001c     os.aem3 : ossys.oem3 (.text:NDK_sprintf)
                  002143f4    0000001c     stk.aem3 : nimu.oem3 (.text:NIMUAddHeader)
                  00214410    0000001c              : sockprot.oem3 (.text:SockPrDetach)
                  0021442c    0000001c     os.aem3 : task.oem3 (.text:TaskDestroy)
                  00214448    0000001c     config_pem3.oem3 (.text:ti_ndk_config_global_taskCreateHook)
                  00214464    0000001c     config_pem3.oem3 (.text:ti_sysbios_family_arm_m3_Hwi_Object__destruct__S)
                  00214480    0000001c     sysbios.aem3 : BIOS.obj (.text:ti_sysbios_gates_GateMutex_Instance_init__E)
                  0021449c    0000001c     config_pem3.oem3 (.text:ti_sysbios_hal_Hwi_HwiProxy_create)
                  002144b8    0000001c     config_pem3.oem3 (.text:ti_sysbios_knl_Queue_Object__destruct__S)
                  002144d4    0000001c     sysbios.aem3 : BIOS.obj (.text:ti_sysbios_knl_Task_enter__I)
                  002144f0    0000001c     ti.targets.arm.rtsarm.aem3 : Error.oem3 (.text:xdc_runtime_Error_raiseX__E)
                  0021450c    0000001c                                : Memory.oem3 (.text:xdc_runtime_Memory_valloc__E)
                  00214528    0000001c                                : SysMin.oem3 (.text:xdc_runtime_SysMin_exit__E)
                  00214544    0000001c                                : System.oem3 (.text:xdc_runtime_System_abort__E)
                  00214560    0000001a     stk.aem3 : bind.oem3 (.text:BindGetIP)
                  0021457a    0000001a              : sockint.oem3 (.text:SockSetOOBMark)
                  00214594    0000001a              : file.oem3 (.text:fdint_getfdt)
                  002145ae    0000001a     config_pem3.oem3 (.text:ti_sysbios_family_arm_m3_Hwi_Handle__label__S)
                  002145c8    0000001a     sysbios.aem3 : m3_Hwi_asm.obj (.text:ti_sysbios_family_arm_m3_Hwi_pendSV__I)
                  002145e2    0000001a     config_pem3.oem3 (.text:ti_sysbios_gates_GateHwi_Handle__label__S)
                  002145fc    0000001a     config_pem3.oem3 (.text:ti_sysbios_gates_GateMutex_Handle__label__S)
                  00214616    0000001a     config_pem3.oem3 (.text:ti_sysbios_heaps_HeapMem_Handle__label__S)
                  00214630    0000001a     config_pem3.oem3 (.text:ti_sysbios_heaps_HeapTrack_Handle__label__S)
                  0021464a    0000001a     config_pem3.oem3 (.text:ti_sysbios_knl_Swi_Handle__label__S)
                  00214664    0000001a     config_pem3.oem3 (.text:ti_sysbios_knl_Task_Handle__label__S)
                  0021467e    0000001a     sysbios.aem3 : BIOS.obj (.text:ti_sysbios_knl_Task_sleepTimeout__I)
                  00214698    0000001a     config_pem3.oem3 (.text:xdc_runtime_System_aprintf__E)
                  002146b2    0000001a     config_pem3.oem3 (.text:xdc_runtime_System_printf__E)
                  002146cc    00000018     stk.aem3 : ip.oem3 (.text:IPRtChange)
                  002146e4    00000018              : rawethsock_pcb.oem3 (.text:RawEthSockPcbCleanup)
                  002146fc    00000018     nettool_ipv4.aem3 : ipaddr.oem3 (.text:RouteHook)
                  00214714    00000018     stk.aem3 : tcpin.oem3 (.text:SEQ_GEQ)
                  0021472c    00000018              : tcpout.oem3 (.text:SEQ_GEQ)
                  00214744    00000018              : tcpin.oem3 (.text:SEQ_GT)
                  0021475c    00000018              : tcpout.oem3 (.text:SEQ_GT)
                  00214774    00000018              : tcpin.oem3 (.text:SEQ_LEQ)
                  0021478c    00000018              : tcpout.oem3 (.text:SEQ_LEQ)
                  002147a4    00000018              : tcpin.oem3 (.text:SEQ_LT)
                  002147bc    00000018              : tcpout.oem3 (.text:SEQ_LT)
                  002147d4    00000018     drivers_mware.aem3 : SPI.oem3 (.text:SPI_open)
                  002147ec    00000018     stk.aem3 : tcp.oem3 (.text:TcpTimeoutAdd)
                  00214804    00000018     nettool_ipv4.aem3 : dhcpsock.oem3 (.text:dhcpSocketClose)
                  0021481c    00000018     stk.aem3 : listlib.oem3 (.text:list_add)
                  00214834    00000018     rtsv7M3_T_le_eabi.lib : args_main.obj (.text)
                  0021484c    00000018                           : strcmp.obj (.text)
                  00214864    00000018     config_pem3.oem3 (.text:ti_sysbios_BIOS_rtsUnlock__I)
                  0021487c    00000018     config_pem3.oem3 (.text:ti_sysbios_family_arm_m3_Hwi_Module__startupDone__F)
                  00214894    00000018     config_pem3.oem3 (.text:ti_sysbios_family_arm_m3_Timer_Module__startupDone__F)
                  002148ac    00000018     sysbios.aem3 : BIOS.obj (.text:ti_sysbios_gates_GateMutex_leave__E)
                  002148c4    00000018     ti.targets.arm.rtsarm.aem3 : Error.oem3 (.text:xdc_runtime_Error_check__E)
                  002148dc    00000018                                : System.oem3 (.text:xdc_runtime_System_exit__E)
                  002148f4    00000018                                : Text.oem3 (.text:xdc_runtime_Text_ropeText__E)
                  0021490c    00000016     stk.aem3 : file.oem3 (.text:fdint_freefdt)
                  00214922    00000016     rtsv7M3_T_le_eabi.lib : strcpy.obj (.text)
                  00214938    00000016     config_pem3.oem3 (.text:ti_sysbios_BIOS_exitFunc__I)
                  0021494e    00000016     TMDXDOCKH52C1.obj (.text:ti_sysbios_hal_Hwi_Params_init)
                  00214964    00000016     main_m3.obj (.text:ti_sysbios_knl_Task_Params_init)
                  0021497a    00000016     tcpEchoHooks.obj (.text:ti_sysbios_knl_Task_Params_init)
                  00214990    00000016     ti.targets.arm.rtsarm.aem3 : System.oem3 (.text:xdc_runtime_System_vsprintf__E)
                  002149a6    00000014     config_pem3.oem3 (.text:.bootCodeSection:ti_catalog_arm_cortexm3_concertoInit_Boot_init)
                  002149ba    00000014     stk.aem3 : bind.oem3 (.text:BindIPHost2IF)
                  002149ce    00000002     --HOLE-- [fill = 0]
                  002149d0    00000014     netctrl_min_ipv4.aem3 : netctrl.oem3 (.text:NC_NetStop)
                  002149e4    00000014     os.aem3 : task.oem3 (.text:NDK_hookExit)
                  002149f8    00000014     stk.aem3 : nimu.oem3 (.text:NIMUSendPacket)
                  00214a0c    00000014     nettool_ipv4.aem3 : ipaddr.oem3 (.text:NtRemoveNetwork)
                  00214a20    00000014     stk.aem3 : rawethsock_pcb.oem3 (.text:RawEthSockPcbInit)
                  00214a34    00000014     drivers_mware.aem3 : SPI.oem3 (.text:SPI_Params_init)
                  00214a48    00000014     stk.aem3 : timer.oem3 (.text:TimerFree)
                  00214a5c    00000014     main_m3.obj (.text:accept)
                  00214a70    00000014     main_m3.obj (.text:bind)
                  00214a84    00000014     rtsv7M3_T_le_eabi.lib : _lock.obj (.text)
                  00214a98    00000014                           : strlen.obj (.text)
                  00214aac    00000014     main_m3.obj (.text:socket)
                  00214ac0    00000014     config_pem3.oem3 (.text:ti_ndk_config_global_taskExitHook)
                  00214ad4    00000014     config_pem3.oem3 (.text:ti_sysbios_family_arm_m3_Hwi_Object__get__S)
                  00214ae8    00000014     sysbios.aem3 : BIOS.obj (.text:ti_sysbios_family_arm_m3_Hwi_switchFromBootStack__E)
                  00214afc    00000014     config_pem3.oem3 (.text:ti_sysbios_heaps_HeapMem_Object__get__S)
                  00214b10    00000014     config_pem3.oem3 (.text:ti_sysbios_knl_Swi_Object__get__S)
                  00214b24    00000014     config_pem3.oem3 (.text:ti_sysbios_knl_Task_Object__first__S)
                  00214b38    00000014     config_pem3.oem3 (.text:ti_sysbios_knl_Task_Object__next__S)
                  00214b4c    00000012     stk.aem3 : sockprot.oem3 (.text:SockPrAttach)
                  00214b5e    00000012              : sockint.oem3 (.text:SockSetOOBData)
                  00214b70    00000012     nettool_ipv4.aem3 : inetaddr.oem3 (.text:inet_addr)
                  00214b82    00000012     sysbios.aem3 : BIOS.obj (.text:ti_sysbios_hal_Hwi_Module_startup__E)
                  00214b94    00000012                  : BIOS.obj (.text:ti_sysbios_knl_Semaphore_reset__E)
                  00214ba6    00000012     config_pem3.oem3 (.text:xdc_runtime_Startup_exec__I)
                  00214bb8    00000010     stk.aem3 : bind.oem3 (.text:BindIF2IPHost)
                  00214bc8    00000010              : bind.oem3 (.text:BindIFNet2IPHost)
                  00214bd8    00000010              : exec.oem3 (.text:ExecHRef)
                  00214be8    00000010     netctrl_min_ipv4.aem3 : netctrl.oem3 (.text:NC_IPUpdate)
                  00214bf8    00000010     stk.aem3 : nimu.oem3 (.text:NIMUGetRsvdSizeInfo)
                  00214c08    00000010     main_m3.obj (.text:listen)
                  00214c18    00000010     sysbios.aem3 : BIOS.obj (.text:ti_sysbios_BIOS_getCpuFreq__E)
                  00214c28    00000010                  : BIOS.obj (.text:ti_sysbios_BIOS_setThreadType__E)
                  00214c38    00000010                  : BIOS.obj (.text:ti_sysbios_BIOS_start__E)
                  00214c48    00000010                  : m3_TaskSupport_asm.obj (.text:ti_sysbios_family_arm_m3_TaskSupport_glue)
                  00214c58    00000010                  : m3_TaskSupport_asm.obj (.text:ti_sysbios_family_arm_m3_TaskSupport_swap__E)
                  00214c68    00000010                  : BIOS.obj (.text:ti_sysbios_gates_GateMutex_Instance_finalize__E)
                  00214c78    00000010     config_pem3.oem3 (.text:ti_sysbios_hal_Hwi_HwiProxy_Object__create__S)
                  00214c88    00000010     sysbios.aem3 : BIOS.obj (.text:ti_sysbios_knl_Semaphore_Instance_finalize__E)
                  00214c98    00000010                  : BIOS.obj (.text:ti_sysbios_knl_Swi_disable__E)
                  00214ca8    00000010     config_pem3.oem3 (.text:ti_sysbios_knl_Task_Object__get__S)
                  00214cb8    00000010     sysbios.aem3 : BIOS.obj (.text:ti_sysbios_knl_Task_disable__E)
                  00214cc8    00000010     ti.targets.arm.rtsarm.aem3 : Gate.oem3 (.text:xdc_runtime_Gate_leaveSystem__E)
                  00214cd8    00000010                                : Memory.oem3 (.text:xdc_runtime_Memory_free__E)
                  00214ce8    00000010                                : Memory.oem3 (.text:xdc_runtime_Memory_getStats__E)
                  00214cf8    00000010                                : SysMin.oem3 (.text:xdc_runtime_SysMin_ready__E)
                  00214d08    00000010                                : System.oem3 (.text:xdc_runtime_System_vsnprintf__E)
                  00214d18    00000010     config_pem3.oem3 (.text:xdc_runtime_Text_visitRope__I)
                  00214d28    0000000e     drivers_mware.aem3 : EMACTiva.oem3 (.text:EMACTiva_emacioctl)
                  00214d36    0000000e     stk.aem3 : exec.oem3 (.text:ExecLowResource)
                  00214d44    0000000e     rtsv7M3_T_le_eabi.lib : copy_decompress_none.obj (.text:decompress:none)
                  00214d52    0000000e     sysbios.aem3 : BIOS.obj (.text:ti_sysbios_knl_Queue_empty__E)
                  00214d60    0000000c     config_pem3.oem3 (.text:.bootCodeSection:ti_catalog_arm_cortexm3_concertoInit_Boot_initStartup)
                  00214d6c    0000000c     stk.aem3 : bind.oem3 (.text:BindGetFirst)
                  00214d78    0000000c     nettool_ipv4.aem3 : config.oem3 (.text:CfgSetDefault)
                  00214d84    0000000c     os.aem3 : task.oem3 (.text:NDK_hookInit)
                  00214d90    0000000c     stk.aem3 : nimu.oem3 (.text:NIMUSetRsvdSizeInfo)
                  00214d9c    0000000c     os.aem3 : task.oem3 (.text:NotifyLowResource)
                  00214da8    0000000c     stk.aem3 : pbm.oem3 (.text:PBM_close)
                  00214db4    0000000c     os.aem3 : semaphore.oem3 (.text:SemDelete)
                  00214dc0    0000000c     hal_timer_bios.aem3 : lltimer.oem3 (.text:_llTimerShutdown)
                  00214dcc    0000000c     main_m3.obj (.text:close)
                  00214dd8    0000000c     hal_timer_bios.aem3 : lltimer.oem3 (.text:llTimerGetStartTime)
                  00214de4    0000000c     sysbios.aem3 : BIOS.obj (.text:ti_sysbios_BIOS_getThreadType__E)
                  00214df0    0000000c     config_pem3.oem3 (.text:ti_sysbios_family_arm_m3_Hwi_Params__init__S)
                  00214dfc    0000000c     sysbios.aem3 : BIOS.obj (.text:ti_sysbios_family_arm_m3_Hwi_disableFxn__E)
                  00214e08    0000000c                  : BIOS.obj (.text:ti_sysbios_family_arm_m3_TaskSupport_checkStack__E)
                  00214e14    0000000c                  : BIOS.obj (.text:ti_sysbios_family_arm_m3_TaskSupport_getStackAlignment__E)
                  00214e20    0000000c                  : BIOS.obj (.text:ti_sysbios_gates_GateHwi_enter__E)
                  00214e2c    0000000c     config_pem3.oem3 (.text:ti_sysbios_hal_Hwi_Params__init__S)
                  00214e38    0000000c     sysbios.aem3 : BIOS.obj (.text:ti_sysbios_heaps_HeapTrack_isBlocking__E)
                  00214e44    0000000c     config_pem3.oem3 (.text:ti_sysbios_knl_Clock_Params__init__S)
                  00214e50    0000000c     sysbios.aem3 : BIOS.obj (.text:ti_sysbios_knl_Clock_getTicks__E)
                  00214e5c    0000000c     config_pem3.oem3 (.text:ti_sysbios_knl_Queue_Object__get__S)
                  00214e68    0000000c     config_pem3.oem3 (.text:ti_sysbios_knl_Semaphore_Params__init__S)
                  00214e74    0000000c     config_pem3.oem3 (.text:ti_sysbios_knl_Task_Params__init__S)
                  00214e80    0000000c     sysbios.aem3 : BIOS.obj (.text:ti_sysbios_knl_Task_getIdleTask__E)
                  00214e8c    0000000c                  : BIOS.obj (.text:ti_sysbios_knl_Task_self__E)
                  00214e98    0000000c     ti.targets.arm.rtsarm.aem3 : Error.oem3 (.text:xdc_runtime_Error_init__E)
                  00214ea4    0000000c                                : Gate.oem3 (.text:xdc_runtime_Gate_enterSystem__E)
                  00214eb0    0000000c                                : Memory.oem3 (.text:xdc_runtime_Memory_calloc__E)
                  00214ebc    0000000c                                : Memory.oem3 (.text:xdc_runtime_Memory_getMaxDefaultTypeAlign__E)
                  00214ec8    0000000a     drivers_mware.aem3 : SPITivaDMA.oem3 (.text:SPITivaDMA_init)
                  00214ed2    0000000a                        : SPI.oem3 (.text:SPI_transfer)
                  00214edc    0000000a     stk.aem3 : file.oem3 (.text:fdint_signalevent)
                  00214ee6    0000000a              : file.oem3 (.text:fdint_signaltimeout)
                  00214ef0    0000000a     sysbios.aem3 : BIOS.obj (.text:ti_sysbios_hal_Hwi_Instance_finalize__E)
                  00214efa    0000000a     config_pem3.oem3 (.text:xdc_runtime_IHeap_alloc)
                  00214f04    0000000a     config_pem3.oem3 (.text:xdc_runtime_IHeap_free)
                  00214f0e    0000000a     config_pem3.oem3 (.text:xdc_runtime_IHeap_getStats)
                  00214f18    00000008     stk.aem3 : node.oem3 (.text:NodeFree)
                  00214f20    00000008     os.aem3 : task.oem3 (.text:TaskBlock)
                  00214f28    00000008     sysbios.aem3 : BIOS.obj (.text:ti_sysbios_family_arm_m3_Hwi_doSwiRestore__I)
                  00214f30    00000008                  : BIOS.obj (.text:ti_sysbios_family_arm_m3_Hwi_startup__E)
                  00214f38    00000008                  : BIOS.obj (.text:ti_sysbios_knl_Idle_loop__E)
                  00214f40    00000008                  : BIOS.obj (.text:ti_sysbios_knl_Task_getHookContext__E)
                  00214f48    00000008                  : BIOS.obj (.text:ti_sysbios_knl_Task_setHookContext__E)
                  00214f50    00000006     Boot.aem3 : Boot.oem3 (.text)
                  00214f56    00000006     drivers_mware.aem3 : SPITivaDMA.oem3 (.text:SPITivaDMA_control)
                  00214f5c    00000006                        : SPITivaDMA.oem3 (.text:SPITivaDMA_transferCallback)
                  00214f62    00000002     --HOLE-- [fill = 0]
                  00214f64    00000006     driverlib.lib : sysctl.obj (.text:SysCtlDelay)
                  00214f6a    00000006     stk.aem3 : tcpprot.oem3 (.text:TcpPrRecv)
                  00214f70    00000006     ti.targets.arm.rtsarm.aem3 : xdc_noinit.oem3 (.text:__xdc__init)
                  00214f76    00000006     rtsv7M3_T_le_eabi.lib : copy_decompress_rle.obj (.text:decompress:rle24)
                  00214f7c    00000006     sysbios.aem3 : BIOS.obj (.text:ti_sysbios_family_arm_m3_Hwi_restoreFxn__E)
                  00214f82    00000006                  : BIOS.obj (.text:ti_sysbios_gates_GateHwi_leave__E)
                  00214f88    00000006                  : BIOS.obj (.text:ti_sysbios_heaps_HeapMem_isBlocking__E)
                  00214f8e    00000006                  : BIOS.obj (.text:ti_sysbios_heaps_HeapTrack_getStats__E)
                  00214f94    00000006                  : BIOS.obj (.text:ti_sysbios_knl_Queue_Instance_init__E)
                  00214f9a    00000006     ti.targets.arm.rtsarm.aem3 : System.oem3 (.text:xdc_runtime_System_Module_startup__E)
                  00214fa0    00000004     config_pem3.oem3 (.text:.bootCodeSection:ti_catalog_arm_cortexm3_concertoInit_Boot_limpAbort)
                  00214fa4    00000004     stk.aem3 : bind.oem3 (.text:BindGetIF)
                  00214fa8    00000004              : bind.oem3 (.text:BindGetNext)
                  00214fac    00000004     os.aem3 : ossys.oem3 (.text:NDK_vsprintf)
                  00214fb0    00000004     stk.aem3 : node.oem3 (.text:NodeSetRt)
                  00214fb4    00000004              : rawethsock_prot.oem3 (.text:RawEthSockPrAttach)
                  00214fb8    00000004              : rawethsock_prot.oem3 (.text:RawEthSockPrDetach)
                  00214fbc    00000004     os.aem3 : semaphore.oem3 (.text:SemPend)
                  00214fc0    00000004             : semaphore.oem3 (.text:SemPost)
                  00214fc4    00000004             : semaphore.oem3 (.text:SemReset)
                  00214fc8    00000004             : task.oem3 (.text:TaskSelf)
                  00214fcc    00000004             : task.oem3 (.text:TaskSetPri)
                  00214fd0    00000004     hal_ser_stub.aem3 : llserstb.oem3 (.text:_llSerialInit)
                  00214fd4    00000004     drivers_mware.aem3 : GPIOTiva.oem3 (.text:getGpioIntIndex)
                  00214fd8    00000004     stk.aem3 : listlib.oem3 (.text:list_get_head)
                  00214fdc    00000004              : listlib.oem3 (.text:list_get_next)
                  00214fe0    00000004     config_pem3.oem3 (.text:ti_ndk_config_Global_NetworkOpen)
                  00214fe4    00000004     config_pem3.oem3 (.text:ti_sysbios_BIOS_RtsGateProxy_enter__E)
                  00214fe8    00000004     config_pem3.oem3 (.text:ti_sysbios_BIOS_RtsGateProxy_leave__E)
                  00214fec    00000004     config_pem3.oem3 (.text:ti_sysbios_family_arm_m3_Hwi_delete)
                  00214ff0    00000004     config_pem3.oem3 (.text:ti_sysbios_family_arm_m3_Hwi_destruct)
                  00214ff4    00000004     config_pem3.oem3 (.text:ti_sysbios_family_arm_m3_TaskSupport_Module__startupDone__S)
                  00214ff8    00000004     sysbios.aem3 : BIOS.obj (.text:ti_sysbios_family_arm_m3_Timer_getMaxTicks__E)
                  00214ffc    00000004                  : BIOS.obj (.text:ti_sysbios_gates_GateHwi_query__E)
                  00215000    00000004                  : BIOS.obj (.text:ti_sysbios_gates_GateMutex_query__E)
                  00215004    00000004     config_pem3.oem3 (.text:ti_sysbios_hal_Hwi_HwiProxy_delete)
                  00215008    00000004     config_pem3.oem3 (.text:ti_sysbios_heaps_HeapMem_Module_GateProxy_enter__E)
                  0021500c    00000004     config_pem3.oem3 (.text:ti_sysbios_heaps_HeapMem_Module_GateProxy_leave__E)
                  00215010    00000004     config_pem3.oem3 (.text:ti_sysbios_knl_Clock_TimerProxy_getMaxTicks__E)
                  00215014    00000004     config_pem3.oem3 (.text:ti_sysbios_knl_Queue_destruct)
                  00215018    00000004     config_pem3.oem3 (.text:ti_sysbios_knl_Semaphore_delete)
                  0021501c    00000004     config_pem3.oem3 (.text:ti_sysbios_knl_Semaphore_destruct)
                  00215020    00000004     config_pem3.oem3 (.text:ti_sysbios_knl_Swi_delete)
                  00215024    00000004     config_pem3.oem3 (.text:ti_sysbios_knl_Task_delete)
                  00215028    00000004     sysbios.aem3 : BIOS.obj (.text:ti_sysbios_knl_Task_startup__E)
                  0021502c    00000004     ti.targets.arm.rtsarm.aem3 : Error.oem3 (.text:xdc_runtime_Error_getMsg__E)
                  00215030    00000004                                : Error.oem3 (.text:xdc_runtime_Error_getSite__E)
                  00215034    00000004     config_pem3.oem3 (.text:xdc_runtime_System_Module_GateProxy_enter__E)
                  00215038    00000004     config_pem3.oem3 (.text:xdc_runtime_System_Module_GateProxy_leave__E)
                  0021503c    00000004     ti.targets.arm.rtsarm.aem3 : System.oem3 (.text:xdc_runtime_System_aprintf_va__F)
                  00215040    00000004                                : System.oem3 (.text:xdc_runtime_System_printf_va__F)
                  00215044    00000008     Boot.aem3 : Boot.oem3 (.tramp.ti_catalog_arm_cortexm3_concertoInit_Boot_initFlash.1)

.const     0    0021504c    00002478     
                  0021504c    000017bb     config_pem3.oem3 (.const:xdc_runtime_Text_charTab__A)
                  00216807    00000001     config_pem3.oem3 (.const:xdc_runtime_Error_policy__C)
                  00216808    00000100     config_pem3.oem3 (.const:.string)
                  00216908    000000b8     config_pem3.oem3 (.const:xdc_runtime_Text_nodeTab__A)
                  002169c0    000000a0     TMDXDOCKH52C1.obj (.const:spiTivaDMAHWAttrs)
                  00216a60    00000088     driverlib.lib : gpio.obj (.const:g_pulGPIOBaseAddrs)
                  00216ae8    00000070                   : interrupt.obj (.const:g_pulRegs)
                  00216b58    00000064                   : sysctl.obj (.const)
                  00216bbc    00000064     drivers_mware.aem3 : SPITivaDMA.oem3 (.const)
                  00216c20    00000054     stk.aem3 : sockprot.oem3 (.const:Code2Err)
                  00216c74    00000044     drivers_mware.aem3 : GPIOTiva.oem3 (.const:gpioBaseAddresses)
                  00216cb8    0000003e     stk.aem3 : rtc.oem3 (.const:.string)
                  00216cf6    00000002     config_pem3.oem3 (.const:ti_sysbios_family_arm_m3_Hwi_Module__id__C)
                  00216cf8    0000003c     TMDXDOCKH52C1.obj (.const:SPI_config)
                  00216d34    0000003c     config_pem3.oem3 (.const:ti_sysbios_knl_Task_Object__PARAMS__C)
                  00216d70    00000030     config_pem3.oem3 (.const:ti_sysbios_family_arm_m3_Hwi_Object__PARAMS__C)
                  00216da0    0000002c     config_pem3.oem3 (.const:ti_sysbios_hal_Hwi_Object__PARAMS__C)
                  00216dcc    00000028     config_pem3.oem3 (.const:ti_sysbios_heaps_HeapMem_Module__FXNS__C)
                  00216df4    00000028     config_pem3.oem3 (.const:ti_sysbios_heaps_HeapTrack_Module__FXNS__C)
                  00216e1c    00000028     config_pem3.oem3 (.const:ti_sysbios_knl_Swi_Object__PARAMS__C)
                  00216e44    00000024     config_pem3.oem3 (.const:ti_sysbios_gates_GateHwi_Module__FXNS__C)
                  00216e68    00000024     config_pem3.oem3 (.const:ti_sysbios_gates_GateMutex_Module__FXNS__C)
                  00216e8c    00000024     config_pem3.oem3 (.const:ti_sysbios_heaps_HeapMem_Object__PARAMS__C)
                  00216eb0    00000024     config_pem3.oem3 (.const:ti_sysbios_knl_Clock_Object__PARAMS__C)
                  00216ed4    00000024     config_pem3.oem3 (.const:ti_sysbios_knl_Semaphore_Object__PARAMS__C)
                  00216ef8    00000020     config_pem3.oem3 (.const)
[...]
002172fc  ti_sysbios_heaps_HeapTrack_Instance_State_trackQueue__O           
00217300  ti_sysbios_heaps_HeapTrack_Module__diagsEnabled__C                
00217304  ti_sysbios_heaps_HeapTrack_Module__diagsIncluded__C               
00217308  ti_sysbios_heaps_HeapTrack_Module__diagsMask__C                   
0021730c  ti_sysbios_knl_Clock_A_badThreadType__C                           
00217310  ti_sysbios_knl_Clock_LM_begin__C                                  
00217314  ti_sysbios_knl_Clock_LM_tick__C                                   
00217318  ti_sysbios_knl_Clock_LW_delayed__C                                
0021731c  ti_sysbios_knl_Clock_Module_State_clockQ__O                       
00217320  ti_sysbios_knl_Clock_Module__diagsEnabled__C                      
00217324  ti_sysbios_knl_Clock_Module__diagsIncluded__C                     
00217328  ti_sysbios_knl_Clock_Module__diagsMask__C                         
0021732c  ti_sysbios_knl_Clock_Module__loggerFxn1__C                        
00217330  ti_sysbios_knl_Clock_Module__loggerFxn2__C                        
00217334  ti_sysbios_knl_Clock_Module__loggerObj__C                         
00217338  ti_sysbios_knl_Semaphore_A_badContext__C                          
0021733c  ti_sysbios_knl_Semaphore_A_noEvents__C                            
00217340  ti_sysbios_knl_Semaphore_A_overflow__C                            
00217344  ti_sysbios_knl_Semaphore_A_pendTaskDisabled__C                    
00217348  ti_sysbios_knl_Semaphore_Instance_State_pendQ__O                  
0021734c  ti_sysbios_knl_Semaphore_LM_pend__C                               
00217350  ti_sysbios_knl_Semaphore_LM_post__C                               
00217354  ti_sysbios_knl_Semaphore_Module__diagsEnabled__C                  
00217358  ti_sysbios_knl_Semaphore_Module__diagsIncluded__C                 
0021735c  ti_sysbios_knl_Semaphore_Module__diagsMask__C                     
00217360  ti_sysbios_knl_Semaphore_Module__loggerFxn2__C                    
00217364  ti_sysbios_knl_Semaphore_Module__loggerFxn4__C                    
00217368  ti_sysbios_knl_Semaphore_Module__loggerObj__C                     
0021736c  ti_sysbios_knl_Swi_A_badPriority__C                               
00217370  ti_sysbios_knl_Swi_LD_end__C                                      
00217374  ti_sysbios_knl_Swi_LM_begin__C                                    
00217378  ti_sysbios_knl_Swi_LM_post__C                                     
0021737c  ti_sysbios_knl_Swi_Module__diagsEnabled__C                        
00217380  ti_sysbios_knl_Swi_Module__diagsIncluded__C                       
00217384  ti_sysbios_knl_Swi_Module__diagsMask__C                           
00217388  ti_sysbios_knl_Swi_Module__loggerFxn1__C                          
0021738c  ti_sysbios_knl_Swi_Module__loggerFxn4__C                          
00217390  ti_sysbios_knl_Swi_Module__loggerObj__C                           
00217394  ti_sysbios_knl_Swi_Object__count__C                               
00217398  ti_sysbios_knl_Task_A_badPriority__C                              
0021739c  ti_sysbios_knl_Task_A_badTaskState__C                             
002173a0  ti_sysbios_knl_Task_A_badThreadType__C                            
002173a4  ti_sysbios_knl_Task_A_badTimeout__C                               
002173a8  ti_sysbios_knl_Task_A_noPendElem__C                               
002173ac  ti_sysbios_knl_Task_A_sleepTaskDisabled__C                        
002173b0  ti_sysbios_knl_Task_E_deleteNotAllowed__C                         
002173b4  ti_sysbios_knl_Task_E_spOutOfBounds__C                            
002173b8  ti_sysbios_knl_Task_E_stackOverflow__C                            
002173bc  ti_sysbios_knl_Task_LD_block__C                                   
002173c0  ti_sysbios_knl_Task_LD_exit__C                                    
002173c4  ti_sysbios_knl_Task_LD_ready__C                                   
002173c8  ti_sysbios_knl_Task_LM_setPri__C                                  
002173cc  ti_sysbios_knl_Task_LM_sleep__C                                   
002173d0  ti_sysbios_knl_Task_LM_switch__C                                  
002173d4  ti_sysbios_knl_Task_Module_State_inactiveQ__O                     
002173d8  ti_sysbios_knl_Task_Module_State_terminatedQ__O                   
002173dc  ti_sysbios_knl_Task_Module__diagsEnabled__C                       
002173e0  ti_sysbios_knl_Task_Module__diagsIncluded__C                      
002173e4  ti_sysbios_knl_Task_Module__diagsMask__C                          
002173e8  ti_sysbios_knl_Task_Module__loggerFxn2__C                         
002173ec  ti_sysbios_knl_Task_Module__loggerFxn4__C                         
002173f0  ti_sysbios_knl_Task_Module__loggerObj__C                          
002173f4  ti_sysbios_knl_Task_Object__count__C                              
002173f8  ti_sysbios_knl_Task_Object__heap__C                               
002173fc  ti_sysbios_knl_Task_allBlockedFunc__C                             
00217400  ti_sysbios_knl_Task_defaultStackHeap__C                           
00217404  ti_sysbios_knl_Task_defaultStackSize__C                           
00217408  ti_sysbios_knl_Task_numConstructedTasks__C                        
0021740c  xdc_runtime_Assert_E_assertFailed__C                              
00217410  xdc_runtime_Core_A_initializedParams__C                           
00217414  xdc_runtime_Core_Module__diagsEnabled__C                          
00217418  xdc_runtime_Core_Module__diagsIncluded__C                         
0021741c  xdc_runtime_Core_Module__diagsMask__C                             
00217420  xdc_runtime_Error_E_memory__C                                     
00217424  xdc_runtime_Error_Module__diagsEnabled__C                         
00217428  xdc_runtime_Error_Module__diagsIncluded__C                        
0021742c  xdc_runtime_Error_Module__diagsMask__C                            
00217430  xdc_runtime_Error_Module__loggerFxn8__C                           
00217434  xdc_runtime_Error_Module__loggerObj__C                            
00217438  xdc_runtime_Error_policyFxn__C                                    
0021743c  xdc_runtime_Error_raiseHook__C                                    
00217440  xdc_runtime_IGateProvider_Interface__BASE__C                      
00217444  xdc_runtime_IHeap_Interface__BASE__C                              
00217448  xdc_runtime_IModule_Interface__BASE__C                            
0021744c  xdc_runtime_Log_L_error__C                                        
00217450  xdc_runtime_Memory_defaultHeapInstance__C                         
00217454  xdc_runtime_Startup_execImpl__C                                   
00217458  xdc_runtime_Startup_maxPasses__C                                  
0021745c  xdc_runtime_Startup_sfxnRts__C                                    
00217460  xdc_runtime_Startup_sfxnTab__C                                    
00217464  xdc_runtime_SysMin_bufSize__C                                     
00217468  xdc_runtime_SysMin_outputFunc__C                                  
0021746c  xdc_runtime_System_Module__gateObj__C                             
00217470  xdc_runtime_System_abortFxn__C                                    
00217474  xdc_runtime_System_exitFxn__C                                     
00217478  xdc_runtime_System_extendFxn__C                                   
0021747c  xdc_runtime_System_maxAtexitHandlers__C                           
00217480  xdc_runtime_Text_charTab__C                                       
00217484  xdc_runtime_Text_nameEmpty__C                                     
00217488  xdc_runtime_Text_nameStatic__C                                    
0021748c  xdc_runtime_Text_nameUnknown__C                                   
00217490  xdc_runtime_Text_nodeTab__C                                       
00217494  xdc_runtime_Text_visitRopeFxn__C                                  
00217498  ti_sysbios_gates_GateMutex_Module__id__C                          
0021749a  ti_sysbios_hal_Hwi_Module__id__C                                  
0021749c  ti_sysbios_heaps_HeapMem_Module__id__C                            
0021749e  ti_sysbios_heaps_HeapTrack_Module__id__C                          
002174a0  ti_sysbios_knl_Clock_Module__id__C                                
002174a2  ti_sysbios_knl_Clock_Module__loggerDefined__C                     
002174a4  ti_sysbios_knl_Semaphore_Module__id__C                            
002174a6  ti_sysbios_knl_Semaphore_Module__loggerDefined__C                 
002174a8  ti_sysbios_knl_Swi_Module__id__C                                  
002174aa  ti_sysbios_knl_Swi_Module__loggerDefined__C                       
002174ac  ti_sysbios_knl_Task_Module__id__C                                 
002174ae  ti_sysbios_knl_Task_Module__loggerDefined__C                      
002174b0  ti_sysbios_knl_Task_initStackFlag__C                              
002174b2  xdc_runtime_Core_Module__id__C                                    
002174b4  xdc_runtime_Error_Module__loggerDefined__C                        
002174b6  xdc_runtime_Error_maxDepth__C                                     
002174b8  xdc_runtime_Memory_Module__id__C                                  
002174ba  xdc_runtime_SysMin_flushAtExit__C                                 
002174bc  xdc_runtime_Text_charCnt__C                                       
002174be  xdc_runtime_Text_isLoaded__C                                      
002174c0  xdc_runtime_Text_registryModsLastId__C                            
002174c2  xdc_runtime_Text_unnamedModsLastId__C                             
00217b0c  __TI_Handler_Table_Base                                           
00217b14  __TI_CINIT_Base                                                   
00217b14  __TI_Handler_Table_Limit                                          
00217b54  __TI_CINIT_Limit                                                  
00217b54  __TI_static_base__                                                
00217b54  __TI_table_binit                                                  
00217b54  __binit__                                                         
00217b54  binit                                                             
20000000  ti_sysbios_family_arm_m3_Hwi_ramVectors                           
200001b1  ti_catalog_arm_cortexm3_concertoInit_Boot_initFlash               
20000200  ti_ndk_config_Global_pit                                          
200002a8  ti_ndk_config_Global_pitBuffer                                    
20004aa8  ti_sysbios_heaps_HeapMem_Instance_State_0_buf__A                  
200072a8  xdc_runtime_SysMin_Module_State_0_outbuf__A                       
200076a8  ti_sysbios_family_arm_m3_Hwi_dispatchTable                        
20007858  spiTivaDMAObjects                                                 
20007988  __CIOBUF_                                                         
20007ba8  tcps                                                              
20007d9c  ips                                                               
20007e04  nimu_mcb                                                          
20007e68  _ICMPIn                                                           
20007eb4  _ICMPOut                                                          
20007f00  c28_to_m3_shadow                                                  
20007f38  emacObjects                                                       
20007f70  vlan_mcb                                                          
20007fbc  udps                                                              
20007fe0  BlockCount                                                        
20008000  __stack                                                           
20008100  __STACK_TOP                                                       
20009000  __STACK_END                                                       
20009000  _ipcfg                                                            
200090b4  ti_sysbios_knl_Task_Object__table__V                              
20009100  TSK_idle                                                          
2000914c  ti_sysbios_knl_Swi_Module_State_0_readyQ__A                       
200091cc  ti_sysbios_knl_Task_Module_State_0_readyQ__A                      
2000929c  gpioPinConfigs                                                    
200092e0  ti_sysbios_knl_Task_Module__state__V                              
200093a4  ti_sysbios_gates_GateMutex_Object__table__V                       
20009410  ti_sysbios_family_arm_m3_Hwi_Module__state__V                     
20009474  ti_sysbios_family_arm_m3_Hwi_Object__table__V                     
200094a4  ti_sysbios_family_arm_m3_Timer_Object__table__V                   
200094d4  ti_sysbios_knl_Swi_Object__table__V                               
20009504  ti_sysbios_knl_Clock_Module__state__V                             
20009530  pstrMsgName                                                       
20009558  _oscfg                                                            
2000957c  PITCount                                                          
20009580  PITUsed                                                           
20009584  PITHigh                                                           
200095a0  ti_sysbios_BIOS_Module__state__V                                  
200095c4  xdc_runtime_System_Module_State_0_atexitHandlers__A               
20009600  ti_ndk_config_Global_Id2Size                                      
2000961c  ti_sysbios_knl_Swi_Module__state__V                               
20009638  ti_ndk_config_Global_HostName                                     
2000963c  LocalIPAddr                                                       
20009640  LocalIPMask                                                       
20009644  GatewayIP                                                         
20009648  DomainName                                                        
2000964c  __xdc__init__addr                                                 
20009680  ti_sysbios_heaps_HeapMem_Object__table__V                         
20009698  ti_sysbios_heaps_HeapTrack_Object__table__V                       
200096c4  ti_sysbios_knl_Semaphore_Object__table__V                         
200096e0  _IGMPForceVersion1                                                
200096e8  __TI_cleanup_ptr                                                  
200096ec  __TI_dtors_ptr                                                    
200096f0  __TI_enable_exit_profile_output                                   
200096f4  ti_sysbios_family_arm_m3_Timer_Module__state__V                   
20009700  xdc_runtime_SysMin_Module__state__V                               
20009718  _lock                                                             
2000971c  _unlock                                                           
20009720  NIMUDeviceTable                                                   
20009738  _ICMPInErrors                                                     
2000973c  _ICMPOutErrors                                                    
20009740  _IPExecuting                                                      
20009758  tcp_iss                                                           
2000975c  ptTimeFirst                                                       
20009768  ti_sysbios_family_arm_m3_Hwi_Module__root__V                      
20009770  ti_sysbios_gates_GateHwi_Module__root__V                          
20009778  ti_sysbios_gates_GateMutex_Module__root__V                        
20009780  ti_sysbios_hal_Hwi_Module__root__V                                
20009788  ti_sysbios_hal_Hwi_Object__table__V                               
20009790  ti_sysbios_heaps_HeapMem_Module__root__V                          
20009798  ti_sysbios_heaps_HeapTrack_Module__root__V                        
200097a0  ti_sysbios_knl_Clock_Module__root__V                              
200097a8  ti_sysbios_knl_Queue_Module__root__V                              
200097b0  ti_sysbios_knl_Semaphore_Module__root__V                          
200097b8  ti_sysbios_knl_Swi_Module__root__V                                
200097c0  ti_sysbios_knl_Task_Module__root__V                               
200097c8  xdc_runtime_Registry_Module__state__V                             
200097d0  xdc_runtime_Startup_Module__state__V                              
200097d8  xdc_runtime_System_Module__state__V                               
200097e0  macAddress                                                        
200097f2  ti_sysbios_family_arm_m3_Hwi_Module_State_0_excActive__A          
200097fc  gpioCallbackFunctions                                             
20009808  main_func_sp                                                      
20009810  _IPReasmPtr                                                       
20009820  ti_sysbios_family_arm_m3_Hwi_Module_State_0_excContext__A         
20009824  ti_sysbios_family_arm_m3_Hwi_Module_State_0_excStack__A           
20009828  ti_sysbios_gates_GateHwi_Object__table__V                         
2000982c  ti_sysbios_knl_Task_Module_State_0_idleTask__A                    
20009830  xdc_runtime_Memory_Module__state__V                               
20009834  xdc_runtime_Error_Module__state__V                                
20009880  BlockMax                                                          
2000989c  PageCount                                                         
200098b8  PageMax                                                           
200098d4  stkEvent                                                          
20009910  raweths                                                           
20009920  raws                                                              
2000993c  PBMQ_free                                                         
20009948  tpseudo                                                           
20009954  upseudo                                                           
20009988  _IGMPInDiscard                                                    
2000998c  _IGMPInQuery                                                      
20009990  _IGMPInQueryGroup                                                 
20009994  _IGMPInResponse                                                   
20009998  _IGMPOutResponse                                                  
200099a8  raweth_pcb                                                        
200099ac  ti_sysbios_knl_Task_Instance_State_0_hookEnv__A                   
200099b0  ti_sysbios_knl_Task_Instance_State_1_hookEnv__A                   
20009e00  spiTivaDMAscratchBuf                                              
20009e10  masterRxBuffer                                                    
20009e12  masterTxBuffer                                                    
20009e80  ti_ndk_config_Global_pBufMem                                      
2000c280  ti_ndk_config_Global_pHdrMem                                      
2000c448  ti_sysbios_knl_Task_Instance_State_0_stack__A                     
2000ca48  ti_sysbios_knl_Task_Instance_State_1_stack__A                     
20015018  c28_to_m3_shared_data                                             
2007f83c  m3_to_c28                                                         
e000e000  ti_sysbios_family_arm_m3_Hwi_nvic                                 
ffffffff  __TI_pprof_out_hndl                                               
ffffffff  __TI_prof_data_size                                               
ffffffff  __TI_prof_data_start                                              
ffffffff  __c_args__                                                        
UNDEFED   SHT$$INIT_ARRAY$$Base                                             
UNDEFED   SHT$$INIT_ARRAY$$Limit                                            

[1302 symbols]
