******************************************************************************
             TMS320C2000 Linker PC v15.12.3                    
******************************************************************************
>> Linked Thu Nov 15 13:39:17 2018

OUTPUT FILE NAME:   <new_core_v2_c28.out>
ENTRY POINT SYMBOL: "_c_int00"  address: 0010155a


MEMORY CONFIGURATION

         name            origin    length      used     unused   attr    fill
----------------------  --------  ---------  --------  --------  ----  --------
PAGE 0:
  FLASH                 00100000   0003ff80  000024c6  0003daba  RWIX
  BEGIN                 0013fff0   00000002  00000002  00000000  RWIX

PAGE 1:
  M01SARAM              00000000   00000800  000001de  00000622  RWIX
  DEV_EMU               00000880   00000180  00000042  0000013e  RWIX
  CSM                   00000ae0   00000020  00000016  0000000a  RWIX
  ADC1_RESULT           00000b00   00000020  00000010  00000010  RWIX
  ADC2_RESULT           00000b40   00000020  00000010  00000010  RWIX
  CPU_TIMER0            00000c00   00000008  00000008  00000000  RWIX
  CPU_TIMER1            00000c08   00000008  00000008  00000000  RWIX
  CPU_TIMER2            00000c10   00000008  00000008  00000000  RWIX
  PIE_CTRL              00000ce0   00000020  0000001a  00000006  RWIX
  PIE_VECT              00000d00   00000100  00000100  00000000  RWIX
  PIE_VECT_CP           00000e00   00000100  00000100  00000000  RWIX
  DMA                   00001000   00000200  000000e0  00000120  RWIX
  ASYSCTRLCONFIG        00001700   00000080  00000078  00000008  RWIX
  HWBIST                00001780   00000040  00000030  00000010  RWIX
  FLASH_REGS            00004000   00000300  00000182  0000017e  RWIX
  FLASH_ECC             00004300   00000040  00000024  0000001c  RWIX
  M3PLL                 00004400   00000040  00000008  00000038  RWIX
  RAM_REGS              00004900   00000080  0000003e  00000042  RWIX
  RAM_ERR_REGS          00004a00   00000080  0000003e  00000042  RWIX
  CM_MC_IPC             00004e00   00000040  00000040  00000000  RWIX
  MCBSPA                00005000   00000040  00000024  0000001c  RWIX
  EPWM1                 00005100   00000080  00000080  00000000  RWIX
  EPWM2                 00005180   00000080  00000080  00000000  RWIX
  EPWM3                 00005200   00000080  00000080  00000000  RWIX
  EPWM4                 00005280   00000080  00000080  00000000  RWIX
  EPWM5                 00005300   00000080  00000080  00000000  RWIX
  EPWM6                 00005380   00000080  00000080  00000000  RWIX
  EPWM7                 00005400   00000080  00000080  00000000  RWIX
  EPWM8                 00005480   00000080  00000080  00000000  RWIX
  EPWM9                 00005500   00000080  00000080  00000000  RWIX
  ECAP1                 00005a00   00000020  00000020  00000000  RWIX
  ECAP2                 00005a20   00000020  00000020  00000000  RWIX
  ECAP3                 00005a40   00000020  00000020  00000000  RWIX
  ECAP4                 00005a60   00000020  00000020  00000000  RWIX
  ECAP5                 00005a80   00000020  00000020  00000000  RWIX
  ECAP6                 00005aa0   00000020  00000020  00000000  RWIX
  EQEP1                 00005b00   00000040  00000022  0000001e  RWIX
  EQEP2                 00005b40   00000040  00000022  0000001e  RWIX
  EQEP3                 00005b80   00000040  00000022  0000001e  RWIX
  GPIOG1CTRL            00005f80   00000040  00000040  00000000  RWIX
  GPIOG1DAT             00005fc0   00000020  00000020  00000000  RWIX
  GPIOG1TRIP            00005fe0   00000020  00000020  00000000  RWIX
  COMP1                 00006400   00000020  00000007  00000019  RWIX
  COMP2                 00006420   00000020  00000007  00000019  RWIX
  COMP3                 00006440   00000020  00000007  00000019  RWIX
  COMP4                 00006460   00000020  00000007  00000019  RWIX
  COMP5                 00006480   00000020  00000007  00000019  RWIX
  COMP6                 000064a0   00000020  00000007  00000019  RWIX
  GPIOG2CTRL            00006f80   00000040  0000003c  00000004  RWIX
  GPIOG2DAT             00006fc0   00000020  00000020  00000000  RWIX
  SYSTEM                00007010   00000020  0000001d  00000003  RWIX
  SPIA                  00007040   00000010  00000010  00000000  RWIX
  SCIA                  00007050   00000010  00000010  00000000  RWIX
  NMIINTRUPT            00007060   00000010  00000006  0000000a  RWIX
  XINTRUPT              00007070   00000010  00000010  00000000  RWIX
  ADC1                  00007100   00000080  00000050  00000030  RWIX
  ADC2                  00007180   00000080  00000050  00000030  RWIX
  I2CA                  00007900   00000040  00000022  0000001e  RWIX
  L03SARAM              00008000   00004000  000015a9  00002a57  RWIX
  SO_RAM1               00012000   0000080c  00000000  0000080c  RWIX
  CTOM_SHARED           0001280c   00000080  0000001c  00000064  RWIX
  S07SHRAM              0001288c   00001774  00000000  00001774  RWIX
  CTOMMSGRAM            0003f800   00000400  00000000  00000400  RWIX
  MTOC_SO_Meta          0003fc00   0000001e  00000000  0000001e  RWIX
  MTOC_SHARED           0003fc1e   00000076  00000003  00000073  RWIX
  MTOCMSGRAM            0003fc94   0000036c  00000000  0000036c  RWIX
  FLASH_EXE_ONLY        0013fff2   00000002  00000002  00000000  RWIX
  ECSL_PWL              0013fff4   00000004  00000004  00000000  RWIX
  CSM_PWL               0013fff8   00000008  00000008  00000000  RWIX


SECTION ALLOCATION MAP

 output                                  attributes/
section   page    origin      length       input sections
--------  ----  ----------  ----------   ----------------
ramfuncs   0    00100000    000005a9     RUN ADDR = 00009000
                  00100000    0000053f     isr.obj (ramfuncs:retain)
                  0010053f    00000066     F28M35x_SysCtrl.obj (ramfuncs)
                  001005a5    00000004     F28M35x_usDelay.obj (ramfuncs)

.text      0    001005a9    0000119e     
                  001005a9    00000375     F28M35x_DefaultIsr.obj (.text:retain)
                  0010091e    000002d4     epwm.obj (.text)
                  00100bf2    00000169     javascope.obj (.text)
                  00100d5b    00000167     adc.obj (.text)
                  00100ec2    00000129     my_posspeed.obj (.text)
                  00100feb    00000104     F28M35x_SysCtrl.obj (.text)
                  001010ef    000000fd     errordetection.obj (.text)
                  001011ec    000000f5     platform.obj (.text)
                  001012e1    00000091     ipc_c28.obj (.text)
                  00101372    0000008d     main_c28.obj (.text)
                  001013ff    00000088     rts2800_fpu32.lib : fs_div.obj (.text)
                  00101487    0000007b     F28M35x_CpuTimers.obj (.text)
                  00101502    00000058     rts2800_fpu32.lib : s_sinf.obj (.text)
                  0010155a    00000056                       : boot.obj (.text)
                  001015b0    00000046                       : cpy_tbl.obj (.text)
                  001015f6    0000002d     F28M35x_PieCtrl.obj (.text)
                  00101623    00000029     rts2800_fpu32.lib : exit.obj (.text)
                  0010164c    00000025     isr.obj (.text:retain)
                  00101671    00000024     F28M35x_Gpio.obj (.text)
                  00101695    00000022     rts2800_fpu32.lib : i_div.obj (.text)
                  001016b7    00000020     F28M35x_PieVect.obj (.text)
                  001016d7    0000001e     rts2800_fpu32.lib : memcpy.obj (.text)
                  001016f5    0000001a                       : cpy_utils.obj (.text)
                  0010170f    00000019                       : args_main.obj (.text)
                  00101728    00000013     application.obj (.text)
                  0010173b    00000009     rts2800_fpu32.lib : _lock.obj (.text)
                  00101744    00000002                       : pre_init.obj (.text)
                  00101746    00000001                       : startup.obj (.text)

.econst    0    00101748    00000100     
                  00101748    00000100     F28M35x_PieVect.obj (.econst:_PieVectTableInit)

.cinit     0    00101848    000000e6     
                  00101848    00000057     isr.obj (.cinit)
                  0010189f    00000040     javascope.obj (.cinit)
                  001018df    00000031     main_c28.obj (.cinit)
                  00101910    0000000e     rts2800_fpu32.lib : exit.obj (.cinit)
                  0010191e    00000005                       : _lock.obj (.cinit:__lock)
                  00101923    00000005                       : _lock.obj (.cinit:__unlock)
                  00101928    00000004     ipc_c28.obj (.cinit)
                  0010192c    00000002     --HOLE-- [fill = 0]

IQmathTables 
*          0    0010192e    00000b50     
                  0010192e    00000b50     IQmath_fpu32.lib : IQmathTables.obj (IQmathTables)

IQmath     0    0010247e    00000047     
                  0010247e    00000047     IQmath_fpu32.lib : IQ24div.obj (IQmath)

.reset     0    001024c6    00000002     
                  001024c6    00000002     rts2800_fpu32.lib : boot.obj (.reset)

codestart 
*          0    0013fff0    00000002     
                  0013fff0    00000002     F28M35x_CodeStartBranch.obj (codestart)

.ebss      1    00000000    000001de     UNINITIALIZED
                  00000000    000000d6     main_c28.obj (.ebss)
                  000000d6    00000022     isr.obj (.ebss)
                  000000f8    00000006     ipc_c28.obj (.ebss)
                  000000fe    00000002     rts2800_fpu32.lib : _lock.obj (.ebss:__lock)
                  00000100    000000be     javascope.obj (.ebss)
                  000001be    00000002     rts2800_fpu32.lib : _lock.obj (.ebss:__unlock)
                  000001c0    00000018     F28M35x_CpuTimers.obj (.ebss)
                  000001d8    00000006     rts2800_fpu32.lib : exit.obj (.ebss)

DevEmuRegsFile 
*          1    00000880    00000042     UNINITIALIZED
                  00000880    00000042     F28M35x_GlobalVariableDefs.obj (DevEmuRegsFile)

CsmRegsFile 
*          1    00000ae0    00000016     UNINITIALIZED
                  00000ae0    00000016     F28M35x_GlobalVariableDefs.obj (CsmRegsFile)

AdcResultFile 
*          1    00000b00    00000010     UNINITIALIZED
                  00000b00    00000010     F28M35x_GlobalVariableDefs.obj (AdcResultFile)

Adc1ResultFile 
*          1    00000b00    00000010     UNINITIALIZED
                  00000b00    00000010     F28M35x_GlobalVariableDefs.obj (Adc1ResultFile)

Adc2ResultFile 
*          1    00000b40    00000010     UNINITIALIZED
                  00000b40    00000010     F28M35x_GlobalVariableDefs.obj (Adc2ResultFile)

CpuTimer0RegsFile 
*          1    00000c00    00000008     UNINITIALIZED
                  00000c00    00000008     F28M35x_GlobalVariableDefs.obj (CpuTimer0RegsFile)

CpuTimer1RegsFile 
*          1    00000c08    00000008     UNINITIALIZED
                  00000c08    00000008     F28M35x_GlobalVariableDefs.obj (CpuTimer1RegsFile)

CpuTimer2RegsFile 
*          1    00000c10    00000008     UNINITIALIZED
                  00000c10    00000008     F28M35x_GlobalVariableDefs.obj (CpuTimer2RegsFile)

PieCtrlRegsFile 
*          1    00000ce0    0000001a     UNINITIALIZED
                  00000ce0    0000001a     F28M35x_GlobalVariableDefs.obj (PieCtrlRegsFile)

PieVectTableFile 
*          1    00000d00    00000100     UNINITIALIZED
                  00000d00    00000100     F28M35x_GlobalVariableDefs.obj (PieVectTableFile)

EmuKeyVar 
*          1    00000d00    00000000     UNINITIALIZED

EmuBModeVar 
*          1    00000d00    00000000     UNINITIALIZED

FlashCallbackVar 
*          1    00000d00    00000000     UNINITIALIZED

FlashScalingVar 
*          1    00000d00    00000000     UNINITIALIZED

PieVectTableCopyFile 
*          1    00000e00    00000100     UNINITIALIZED
                  00000e00    00000100     F28M35x_GlobalVariableDefs.obj (PieVectTableCopyFile)

DmaRegsFile 
*          1    00001000    000000e0     UNINITIALIZED
                  00001000    000000e0     F28M35x_GlobalVariableDefs.obj (DmaRegsFile)

AnalogSysctrlRegsFile 
*          1    00001700    00000078     UNINITIALIZED
                  00001700    00000078     F28M35x_GlobalVariableDefs.obj (AnalogSysctrlRegsFile)

HWBistRegsFile 
*          1    00001780    00000030     UNINITIALIZED
                  00001780    00000030     F28M35x_GlobalVariableDefs.obj (HWBistRegsFile)

FlashCtrlRegsFile 
*          1    00004000    00000182     UNINITIALIZED
                  00004000    00000182     F28M35x_GlobalVariableDefs.obj (FlashCtrlRegsFile)

FlashEccRegsFile 
*          1    00004300    00000024     UNINITIALIZED
                  00004300    00000024     F28M35x_GlobalVariableDefs.obj (FlashEccRegsFile)

M3PllRegsFile 
*          1    00004400    00000008     UNINITIALIZED
                  00004400    00000008     F28M35x_GlobalVariableDefs.obj (M3PllRegsFile)

RAMRegsFile 
*          1    00004900    0000003e     UNINITIALIZED
                  00004900    0000003e     F28M35x_GlobalVariableDefs.obj (RAMRegsFile)

RAMErrRegsFile 
*          1    00004a00    0000003e     UNINITIALIZED
                  00004a00    0000003e     F28M35x_GlobalVariableDefs.obj (RAMErrRegsFile)

CtoMIpcRegsFile 
*          1    00004e00    00000040     UNINITIALIZED
                  00004e00    00000040     F28M35x_GlobalVariableDefs.obj (CtoMIpcRegsFile)

McbspaRegsFile 
*          1    00005000    00000024     UNINITIALIZED
                  00005000    00000024     F28M35x_GlobalVariableDefs.obj (McbspaRegsFile)

EPwm1RegsFile 
*          1    00005100    00000080     UNINITIALIZED
                  00005100    00000080     F28M35x_GlobalVariableDefs.obj (EPwm1RegsFile)

EPwm2RegsFile 
*          1    00005180    00000080     UNINITIALIZED
                  00005180    00000080     F28M35x_GlobalVariableDefs.obj (EPwm2RegsFile)

EPwm3RegsFile 
*          1    00005200    00000080     UNINITIALIZED
                  00005200    00000080     F28M35x_GlobalVariableDefs.obj (EPwm3RegsFile)

EPwm4RegsFile 
*          1    00005280    00000080     UNINITIALIZED
                  00005280    00000080     F28M35x_GlobalVariableDefs.obj (EPwm4RegsFile)

EPwm5RegsFile 
*          1    00005300    00000080     UNINITIALIZED
                  00005300    00000080     F28M35x_GlobalVariableDefs.obj (EPwm5RegsFile)

EPwm6RegsFile 
*          1    00005380    00000080     UNINITIALIZED
                  00005380    00000080     F28M35x_GlobalVariableDefs.obj (EPwm6RegsFile)

EPwm7RegsFile 
*          1    00005400    00000080     UNINITIALIZED
                  00005400    00000080     F28M35x_GlobalVariableDefs.obj (EPwm7RegsFile)

EPwm8RegsFile 
*          1    00005480    00000080     UNINITIALIZED
                  00005480    00000080     F28M35x_GlobalVariableDefs.obj (EPwm8RegsFile)

EPwm9RegsFile 
*          1    00005500    00000080     UNINITIALIZED
                  00005500    00000080     F28M35x_GlobalVariableDefs.obj (EPwm9RegsFile)

ECap1RegsFile 
*          1    00005a00    00000020     UNINITIALIZED
                  00005a00    00000020     F28M35x_GlobalVariableDefs.obj (ECap1RegsFile)

ECap2RegsFile 
*          1    00005a20    00000020     UNINITIALIZED
                  00005a20    00000020     F28M35x_GlobalVariableDefs.obj (ECap2RegsFile)

ECap3RegsFile 
*          1    00005a40    00000020     UNINITIALIZED
                  00005a40    00000020     F28M35x_GlobalVariableDefs.obj (ECap3RegsFile)

ECap4RegsFile 
*          1    00005a60    00000020     UNINITIALIZED
                  00005a60    00000020     F28M35x_GlobalVariableDefs.obj (ECap4RegsFile)

ECap5RegsFile 
*          1    00005a80    00000020     UNINITIALIZED
                  00005a80    00000020     F28M35x_GlobalVariableDefs.obj (ECap5RegsFile)

ECap6RegsFile 
*          1    00005aa0    00000020     UNINITIALIZED
                  00005aa0    00000020     F28M35x_GlobalVariableDefs.obj (ECap6RegsFile)

EQep1RegsFile 
*          1    00005b00    00000022     UNINITIALIZED
                  00005b00    00000022     F28M35x_GlobalVariableDefs.obj (EQep1RegsFile)

EQep2RegsFile 
*          1    00005b40    00000022     UNINITIALIZED
                  00005b40    00000022     F28M35x_GlobalVariableDefs.obj (EQep2RegsFile)

EQep3RegsFile 
*          1    00005b80    00000022     UNINITIALIZED
                  00005b80    00000022     F28M35x_GlobalVariableDefs.obj (EQep3RegsFile)

GpioCtrlRegsFile 
*          1    00005f80    00000040     UNINITIALIZED
                  00005f80    00000040     F28M35x_GlobalVariableDefs.obj (GpioCtrlRegsFile)

GpioG1CtrlRegsFile 
*          1    00005f80    00000040     UNINITIALIZED
                  00005f80    00000040     F28M35x_GlobalVariableDefs.obj (GpioG1CtrlRegsFile)

GpioDataRegsFile 
*          1    00005fc0    00000020     UNINITIALIZED
                  00005fc0    00000020     F28M35x_GlobalVariableDefs.obj (GpioDataRegsFile)

GpioG1DataRegsFile 
*          1    00005fc0    00000020     UNINITIALIZED
                  00005fc0    00000020     F28M35x_GlobalVariableDefs.obj (GpioG1DataRegsFile)

GpioTripRegsFile 
*          1    00005fe0    00000020     UNINITIALIZED
                  00005fe0    00000020     F28M35x_GlobalVariableDefs.obj (GpioTripRegsFile)

GpioG1TripRegsFile 
*          1    00005fe0    00000020     UNINITIALIZED
                  00005fe0    00000020     F28M35x_GlobalVariableDefs.obj (GpioG1TripRegsFile)

Comp1RegsFile 
*          1    00006400    00000007     UNINITIALIZED
                  00006400    00000007     F28M35x_GlobalVariableDefs.obj (Comp1RegsFile)

Comp2RegsFile 
*          1    00006420    00000007     UNINITIALIZED
                  00006420    00000007     F28M35x_GlobalVariableDefs.obj (Comp2RegsFile)

Comp3RegsFile 
*          1    00006440    00000007     UNINITIALIZED
                  00006440    00000007     F28M35x_GlobalVariableDefs.obj (Comp3RegsFile)

Comp4RegsFile 
*          1    00006460    00000007     UNINITIALIZED
                  00006460    00000007     F28M35x_GlobalVariableDefs.obj (Comp4RegsFile)

Comp5RegsFile 
*          1    00006480    00000007     UNINITIALIZED
                  00006480    00000007     F28M35x_GlobalVariableDefs.obj (Comp5RegsFile)

Comp6RegsFile 
*          1    000064a0    00000007     UNINITIALIZED
                  000064a0    00000007     F28M35x_GlobalVariableDefs.obj (Comp6RegsFile)

GpioG2CtrlRegsFile 
*          1    00006f80    0000003c     UNINITIALIZED
                  00006f80    0000003c     F28M35x_GlobalVariableDefs.obj (GpioG2CtrlRegsFile)

GpioG2DataRegsFile 
*          1    00006fc0    00000020     UNINITIALIZED
                  00006fc0    00000020     F28M35x_GlobalVariableDefs.obj (GpioG2DataRegsFile)

SysCtrlRegsFile 
*          1    00007010    0000001d     UNINITIALIZED
                  00007010    0000001d     F28M35x_GlobalVariableDefs.obj (SysCtrlRegsFile)

SpiaRegsFile 
*          1    00007040    00000010     UNINITIALIZED
                  00007040    00000010     F28M35x_GlobalVariableDefs.obj (SpiaRegsFile)

SciaRegsFile 
*          1    00007050    00000010     UNINITIALIZED
                  00007050    00000010     F28M35x_GlobalVariableDefs.obj (SciaRegsFile)

NmiIntruptRegsFile 
*          1    00007060    00000006     UNINITIALIZED
                  00007060    00000006     F28M35x_GlobalVariableDefs.obj (NmiIntruptRegsFile)

XIntruptRegsFile 
*          1    00007070    00000010     UNINITIALIZED
                  00007070    00000010     F28M35x_GlobalVariableDefs.obj (XIntruptRegsFile)

AdcRegsFile 
*          1    00007100    00000050     UNINITIALIZED
                  00007100    00000050     F28M35x_GlobalVariableDefs.obj (AdcRegsFile)

Adc1RegsFile 
*          1    00007100    00000050     UNINITIALIZED
                  00007100    00000050     F28M35x_GlobalVariableDefs.obj (Adc1RegsFile)

Adc2RegsFile 
*          1    00007180    00000050     UNINITIALIZED
                  00007180    00000050     F28M35x_GlobalVariableDefs.obj (Adc2RegsFile)

I2caRegsFile 
*          1    00007900    00000022     UNINITIALIZED
                  00007900    00000022     F28M35x_GlobalVariableDefs.obj (I2caRegsFile)

.stack     1    00008000    00001000     UNINITIALIZED
                  00008000    00001000     --HOLE--

FlashExeOnlyFile 
*          1    0013fff2    00000002     UNINITIALIZED
                  0013fff2    00000002     F28M35x_GlobalVariableDefs.obj (FlashExeOnlyFile)

EcslPwlFile 
*          1    0013fff4    00000004     UNINITIALIZED
                  0013fff4    00000004     F28M35x_GlobalVariableDefs.obj (EcslPwlFile)

CsmPwlFile 
*          1    0013fff8    00000008     UNINITIALIZED
                  0013fff8    00000008     F28M35x_GlobalVariableDefs.obj (CsmPwlFile)

.pinit     0    00100000    00000000     UNINITIALIZED

.c28_to_m3_shared 
*          1    0001280c    0000001c     UNINITIALIZED
                  0001280c    0000001c     main_c28.obj (.c28_to_m3_shared)

.m3_to_c28_shared 
*          1    0003fc1e    00000003     UNINITIALIZED
                  0003fc1e    00000003     main_c28.obj (.m3_to_c28_shared)

MODULE SUMMARY

       Module                           code   ro data   rw data
       ------                           ----   -------   -------
    .\
       main_c28.obj                     141    0         294    
    +--+--------------------------------+------+---------+---------+
       Total:                           141    0         294    
                                                                
    .\ImportedFiles\
       F28M35x_GlobalVariableDefs.obj   0      0         3951   
       F28M35x_DefaultIsr.obj           885    0         0      
       F28M35x_SysCtrl.obj              464    0         0      
       F28M35x_PieVect.obj              32     0         256    
       F28M35x_CpuTimers.obj            123    0         24     
       F28M35x_PieCtrl.obj              45     0         0      
       F28M35x_Gpio.obj                 36     0         0      
       F28M35x_usDelay.obj              8      0         0      
       F28M35x_CodeStartBranch.obj      2      0         0      
    +--+--------------------------------+------+---------+---------+
       Total:                           1595   0         4231   
                                                                
    .\hw_init\
       epwm.obj                         724    0         0      
       adc.obj                          359    0         0      
       my_posspeed.obj                  297    0         0      
       platform.obj                     245    0         0      
    +--+--------------------------------+------+---------+---------+
       Total:                           1625   0         0      
                                                                
    .\sw\
       isr.obj                          2723   0         121    
       javascope.obj                    361    0         254    
       errordetection.obj               253    0         0      
       ipc_c28.obj                      145    0         10     
       application.obj                  19     0         0      
    +--+--------------------------------+------+---------+---------+
       Total:                           3501   0         385    
                                                                
    C:/ti/controlSUITE/libs/math/IQmath/v160/lib/IQmath_fpu32.lib
       IQmathTables.obj                 0      0         2896   
       IQ24div.obj                      71     0         0      
    +--+--------------------------------+------+---------+---------+
       Total:                           71     0         2896   
                                                                
    C:\ti\ccs620\ccsv6\tools\compiler\c2000_15.12.3.LTS\lib\rts2800_fpu32.lib
       fs_div.obj                       136    0         0      
       boot.obj                         86     0         2      
       s_sinf.obj                       88     0         0      
       cpy_tbl.obj                      70     0         0      
       exit.obj                         41     0         20     
       i_div.obj                        34     0         0      
       memcpy.obj                       30     0         0      
       cpy_utils.obj                    26     0         0      
       args_main.obj                    25     0         0      
       _lock.obj                        9      0         14     
       pre_init.obj                     2      0         0      
       startup.obj                      1      0         0      
    +--+--------------------------------+------+---------+---------+
       Total:                           548    0         36     
                                                                
       Stack:                           0      0         4096   
    +--+--------------------------------+------+---------+---------+
       Grand Total:                     7481   0         11938  


GLOBAL DATA SYMBOLS: SORTED BY DATA PAGE

address     data page           name
--------    ----------------    ----
00000000       0 (00000000)     _g_flag_new_m3_to_c28_ipc
00000004       0 (00000000)     _g_zeit_sekunden
00000006       0 (00000000)     _m3_to_c28_shadow
0000000a       0 (00000000)     _qep_posspeed

00000040       1 (00000040)     _Global_Data

000000d7       3 (000000c0)     _var_mess
000000d8       3 (000000c0)     _saegezahn_loop
000000da       3 (000000c0)     _ISRStopTime
000000dc       3 (000000c0)     _test_js_sinewave1
000000de       3 (000000c0)     _test_javaScope_freqHz
000000e0       3 (000000c0)     _time_measurement
000000e2       3 (000000c0)     _ISRStartTime
000000e4       3 (000000c0)     _takt_1ms
000000e6       3 (000000c0)     _test_js_sawtooth2
000000e8       3 (000000c0)     _test_js_sawtooth1
000000ea       3 (000000c0)     _chscope
000000ec       3 (000000c0)     _cnt_200us
000000ee       3 (000000c0)     _sin1amp
000000f0       3 (000000c0)     _argument
000000f2       3 (000000c0)     _sawfak
000000f4       3 (000000c0)     _sin2amp
000000f6       3 (000000c0)     _test_js_sinewave2
000000f8       3 (000000c0)     _Frequenzvorgabe
000000fa       3 (000000c0)     _ADCconvFactor_Lbytes
000000fc       3 (000000c0)     _ADCconvFactor_Hbytes
000000fe       3 (000000c0)     __lock

00000100       4 (00000100)     _js_factor2
00000101       4 (00000100)     _js_factor1
00000102       4 (00000100)     _js_factor4
00000103       4 (00000100)     _js_factor3
00000104       4 (00000100)     _zerovalue
00000106       4 (00000100)     _cnt_javascope
00000108       4 (00000100)     _cnt_slowData
0000010a       4 (00000100)     _js_ptr

00000140       5 (00000140)     _myIQfactor
0000015e       5 (00000140)     _js_ptr_arr

00000180       6 (00000180)     _js_slowDataArray
000001be       6 (00000180)     __unlock

000001c0       7 (000001c0)     _CpuTimer1
000001c8       7 (000001c0)     _CpuTimer2
000001d0       7 (000001c0)     _CpuTimer0
000001d8       7 (000001c0)     ___TI_enable_exit_profile_output
000001da       7 (000001c0)     ___TI_cleanup_ptr
000001dc       7 (000001c0)     ___TI_dtors_ptr

00000880      22 (00000880)     _DevEmuRegs

00000ae0      2b (00000ac0)     _CsmRegs

00000b00      2c (00000b00)     _Adc1Result
00000b00      2c (00000b00)     _AdcResult

00000b40      2d (00000b40)     _Adc2Result

00000c00      30 (00000c00)     _CpuTimer0Regs
00000c08      30 (00000c00)     _CpuTimer1Regs
00000c10      30 (00000c00)     _CpuTimer2Regs

00000ce0      33 (00000cc0)     _PieCtrlRegs

00000d00      34 (00000d00)     _PieVectTable

00000e00      38 (00000e00)     _PieVectTableCopy

00001000      40 (00001000)     _DmaRegs

00001700      5c (00001700)     _AnalogSysctrlRegs

00001780      5e (00001780)     _HWBistRegs

00004000     100 (00004000)     _FlashCtrlRegs

00004300     10c (00004300)     _FlashEccRegs

00004400     110 (00004400)     _M3PllRegs

00004900     124 (00004900)     _RAMRegs

00004a00     128 (00004a00)     _RAMErrRegs

00004e00     138 (00004e00)     _CtoMIpcRegs

00005000     140 (00005000)     _McbspaRegs

00005100     144 (00005100)     _EPwm1Regs

00005180     146 (00005180)     _EPwm2Regs

00005200     148 (00005200)     _EPwm3Regs

00005280     14a (00005280)     _EPwm4Regs

00005300     14c (00005300)     _EPwm5Regs

00005380     14e (00005380)     _EPwm6Regs

00005400     150 (00005400)     _EPwm7Regs

00005480     152 (00005480)     _EPwm8Regs

00005500     154 (00005500)     _EPwm9Regs

00005a00     168 (00005a00)     _ECap1Regs
00005a20     168 (00005a00)     _ECap2Regs

00005a40     169 (00005a40)     _ECap3Regs
00005a60     169 (00005a40)     _ECap4Regs

00005a80     16a (00005a80)     _ECap5Regs
00005aa0     16a (00005a80)     _ECap6Regs

00005b00     16c (00005b00)     _EQep1Regs

00005b40     16d (00005b40)     _EQep2Regs

00005b80     16e (00005b80)     _EQep3Regs

00005f80     17e (00005f80)     _GpioCtrlRegs
00005f80     17e (00005f80)     _GpioG1CtrlRegs

00005fc0     17f (00005fc0)     _GpioDataRegs
00005fc0     17f (00005fc0)     _GpioG1DataRegs
00005fe0     17f (00005fc0)     _GpioG1TripRegs
00005fe0     17f (00005fc0)     _GpioTripRegs

00006400     190 (00006400)     _Comp1Regs
00006420     190 (00006400)     _Comp2Regs

00006440     191 (00006440)     _Comp3Regs
00006460     191 (00006440)     _Comp4Regs

00006480     192 (00006480)     _Comp5Regs
000064a0     192 (00006480)     _Comp6Regs

00006f80     1be (00006f80)     _GpioG2CtrlRegs

00006fc0     1bf (00006fc0)     _GpioG2DataRegs

00007010     1c0 (00007000)     _SysCtrlRegs

00007040     1c1 (00007040)     _SpiaRegs
00007050     1c1 (00007040)     _SciaRegs
00007060     1c1 (00007040)     _NmiIntruptRegs
00007070     1c1 (00007040)     _XIntruptRegs

00007100     1c4 (00007100)     _Adc1Regs
00007100     1c4 (00007100)     _AdcRegs

00007180     1c6 (00007180)     _Adc2Regs

00007900     1e4 (00007900)     _I2caRegs

00008000     200 (00008000)     __stack

0001280c     4a0 (00012800)     _c28_to_m3

0003fc1e     ff0 (0003fc00)     _m3_to_c28

00101748    405d (00101740)     _PieVectTableInit

0010192e    4064 (00101900)     _IQsinTable

00101a2e    4068 (00101a00)     _IQcosTable

00101d2e    4074 (00101d00)     _IQsinTableEnd

00101e30    4078 (00101e00)     _IQcosTableEnd
00101e30    4078 (00101e00)     _IQdivRoundSatTable
00101e3e    4078 (00101e00)     _IQdivTable

00102040    4081 (00102040)     _IQdivTableEnd
00102040    4081 (00102040)     _IQisqrtRoundSatTable
00102040    4081 (00102040)     _IQsqrtRoundSatTable
00102050    4081 (00102040)     _IQisqrtTable
00102050    4081 (00102040)     _IQsqrtTable

00102152    4085 (00102140)     _IQatan2HalfPITable
00102152    4085 (00102140)     _IQisqrtTableEnd
00102152    4085 (00102140)     _IQsqrtTableEnd

00102190    4086 (00102180)     _IQatan2Table

00102316    408c (00102300)     _IQ30mpyRndSatTable
00102316    408c (00102300)     _IQatan2TableEnd
00102316    408c (00102300)     _IQmpyRndSatTable
00102322    408c (00102300)     _IQ29mpyRndSatTable
0010232e    408c (00102300)     _IQ28mpyRndSatTable
0010233a    408c (00102300)     _IQ27mpyRndSatTable

00102346    408d (00102340)     _IQ26mpyRndSatTable
00102352    408d (00102340)     _IQ25mpyRndSatTable
0010235e    408d (00102340)     _IQ24mpyRndSatTable
0010236a    408d (00102340)     _IQ23mpyRndSatTable
00102376    408d (00102340)     _IQ22mpyRndSatTable

00102382    408e (00102380)     _IQ21mpyRndSatTable
0010238e    408e (00102380)     _IQ20mpyRndSatTable
0010239a    408e (00102380)     _IQ19mpyRndSatTable
001023a6    408e (00102380)     _IQ18mpyRndSatTable
001023b2    408e (00102380)     _IQ17mpyRndSatTable
001023be    408e (00102380)     _IQ16mpyRndSatTable

001023ca    408f (001023c0)     _IQ15mpyRndSatTable
001023d6    408f (001023c0)     _IQ14mpyRndSatTable
001023e2    408f (001023c0)     _IQ13mpyRndSatTable
001023ee    408f (001023c0)     _IQ12mpyRndSatTable
001023fa    408f (001023c0)     _IQ11mpyRndSatTable

00102406    4090 (00102400)     _IQ10mpyRndSatTable
00102412    4090 (00102400)     _IQ9mpyRndSatTable
0010241e    4090 (00102400)     _IQ8mpyRndSatTable
0010242a    4090 (00102400)     _IQ7mpyRndSatTable
00102436    4090 (00102400)     _IQ6mpyRndSatTable

00102442    4091 (00102440)     _IQ5mpyRndSatTable
0010244e    4091 (00102440)     _IQ4mpyRndSatTable
0010245a    4091 (00102440)     _IQ3mpyRndSatTable
00102466    4091 (00102440)     _IQ2mpyRndSatTable
00102472    4091 (00102440)     _IQ1mpyRndSatTable
0010247e    4091 (00102440)     _IQmpyRndSatTableEnd

0013fff2    4fff (0013ffc0)     _FlashExeOnly
0013fff4    4fff (0013ffc0)     _EcslPwl
0013fff8    4fff (0013ffc0)     _CsmPwl


GLOBAL SYMBOLS: SORTED ALPHABETICALLY BY Name 

page  address   name                              
----  -------   ----                              
0     001005a9  .text                             
0     00101623  C$$EXIT                           
0     001013ff  FS$$DIV                           
0     00101695  I$$DIV                            
0     001016a6  I$$MOD                            
0     0010067d  _ADCINT1_ISR                      
0     00100687  _ADCINT2_ISR                      
0     00100853  _ADCINT3_ISR                      
0     0010085d  _ADCINT4_ISR                      
0     00100867  _ADCINT5_ISR                      
0     00100871  _ADCINT6_ISR                      
0     0010087b  _ADCINT7_ISR                      
0     00100885  _ADCINT8_ISR                      
1     000000fc  _ADCconvFactor_Hbytes             
1     000000fa  _ADCconvFactor_Lbytes             
1     00007100  _Adc1Regs                         
1     00000b00  _Adc1Result                       
0     00100d5b  _Adc1_init                        
1     00007180  _Adc2Regs                         
1     00000b40  _Adc2Result                       
0     00100d7d  _Adc2_init                        
1     00007100  _AdcRegs                          
1     00000b00  _AdcResult                        
1     00001700  _AnalogSysctrlRegs                
0     001008cb  _CFLFSM_ISR                       
0     001008c1  _CFLSINGERR_ISR                   
0     001008df  _CRAMACCVIOL_ISR                  
0     001008d5  _CRAMSINGERR_ISR                  
0     001010d7  _CSMSecurityStatus                
0     001012dc  _CheckForRotorSensorUpdates       
1     00006400  _Comp1Regs                        
1     00006420  _Comp2Regs                        
1     00006440  _Comp3Regs                        
1     00006460  _Comp4Regs                        
1     00006480  _Comp5Regs                        
1     000064a0  _Comp6Regs                        
0     00100d9f  _ConfigAdc1                       
0     00100e34  _ConfigAdc2                       
0     001014c8  _ConfigCpuTimer                   
1     000001d0  _CpuTimer0                        
1     00000c00  _CpuTimer0Regs                    
1     000001c0  _CpuTimer1                        
1     00000c08  _CpuTimer1Regs                    
1     000001c8  _CpuTimer2                        
1     00000c10  _CpuTimer2Regs                    
1     0013fff8  _CsmPwl                           
1     00000ae0  _CsmRegs                          
0     00101084  _CsmUnlock                        
1     00004e00  _CtoMIpcRegs                      
0     001005bd  _DATALOG_ISR                      
0     001007ef  _DINTCH1_ISR                      
0     001007f9  _DINTCH2_ISR                      
0     00100803  _DINTCH3_ISR                      
0     0010080d  _DINTCH4_ISR                      
0     00100817  _DINTCH5_ISR                      
0     00100821  _DINTCH6_ISR                      
0     000095a5  _DSP28x_usDelay                   
1     00000880  _DevEmuRegs                       
1     00001000  _DmaRegs                          
0     00100759  _ECAP1_INT_ISR                    
0     00100763  _ECAP2_INT_ISR                    
0     0010076d  _ECAP3_INT_ISR                    
0     00100777  _ECAP4_INT_ISR                    
0     00100781  _ECAP5_INT_ISR                    
0     0010078b  _ECAP6_INT_ISR                    
0     001010e3  _ECSLSecurityStatus               
1     00005a00  _ECap1Regs                        
1     00005a20  _ECap2Regs                        
1     00005a40  _ECap3Regs                        
1     00005a60  _ECap4Regs                        
1     00005a80  _ECap5Regs                        
1     00005aa0  _ECap6Regs                        
0     001008fd  _EMPTY_ISR                        
0     001005d1  _EMUINT_ISR                       
0     00100709  _EPWM1_INT_ISR                    
0     001006b9  _EPWM1_TZINT_ISR                  
0     00100713  _EPWM2_INT_ISR                    
0     001006c3  _EPWM2_TZINT_ISR                  
0     0010071d  _EPWM3_INT_ISR                    
0     001006cd  _EPWM3_TZINT_ISR                  
0     00100727  _EPWM4_INT_ISR                    
0     001006d7  _EPWM4_TZINT_ISR                  
0     00100731  _EPWM5_INT_ISR                    
0     001006e1  _EPWM5_TZINT_ISR                  
0     0010073b  _EPWM6_INT_ISR                    
0     001006eb  _EPWM6_TZINT_ISR                  
0     00100745  _EPWM7_INT_ISR                    
0     001006f5  _EPWM7_TZINT_ISR                  
0     0010074f  _EPWM8_INT_ISR                    
0     001006ff  _EPWM8_TZINT_ISR                  
0     001007bd  _EPWM9_INT_ISR                    
0     00100795  _EPWM9_TZINT_ISR                  
1     00005100  _EPwm1Regs                        
1     00005180  _EPwm2Regs                        
1     00005200  _EPwm3Regs                        
1     00005280  _EPwm4Regs                        
1     00005300  _EPwm5Regs                        
1     00005380  _EPwm6Regs                        
1     00005400  _EPwm7Regs                        
1     00005480  _EPwm8Regs                        
1     00005500  _EPwm9Regs                        
0     0010079f  _EQEP1_INT_ISR                    
0     001007a9  _EQEP2_INT_ISR                    
0     001007b3  _EQEP3_INT_ISR                    
1     00005b00  _EQep1Regs                        
1     00005b40  _EQep2Regs                        
1     00005b80  _EQep3Regs                        
1     0013fff4  _EcslPwl                          
0     001010a5  _EcslUnlock                       
0     0010161a  _EnableInterrupts                 
1     00004000  _FlashCtrlRegs                    
1     00004300  _FlashEccRegs                     
1     0013fff2  _FlashExeOnly                     
0     0000958d  _FlashGainPump                    
0     0000959a  _FlashLeavePump                   
1     000000f8  _Frequenzvorgabe                  
0     001010c4  _GetEXEstatus                     
1     00000040  _Global_Data                      
1     00005f80  _GpioCtrlRegs                     
1     00005fc0  _GpioDataRegs                     
1     00005f80  _GpioG1CtrlRegs                   
1     00005fc0  _GpioG1DataRegs                   
1     00005fe0  _GpioG1TripRegs                   
1     00006f80  _GpioG2CtrlRegs                   
1     00006fc0  _GpioG2DataRegs                   
1     00005fe0  _GpioTripRegs                     
1     00001780  _HWBistRegs                       
0     0010082b  _I2CINT1A_ISR                     
0     00100835  _I2CINT2A_ISR                     
1     00007900  _I2caRegs                         
0     001005e5  _ILLEGAL_ISR                      
0     001005a9  _INT13_ISR                        
0     001005b3  _INT14_ISR                        
0     00102406  _IQ10mpyRndSatTable               
0     001023fa  _IQ11mpyRndSatTable               
0     001023ee  _IQ12mpyRndSatTable               
0     001023e2  _IQ13mpyRndSatTable               
0     001023d6  _IQ14mpyRndSatTable               
0     001023ca  _IQ15mpyRndSatTable               
0     001023be  _IQ16mpyRndSatTable               
0     001023b2  _IQ17mpyRndSatTable               
0     001023a6  _IQ18mpyRndSatTable               
0     0010239a  _IQ19mpyRndSatTable               
0     00102472  _IQ1mpyRndSatTable                
0     0010238e  _IQ20mpyRndSatTable               
0     00102382  _IQ21mpyRndSatTable               
0     00102376  _IQ22mpyRndSatTable               
0     0010236a  _IQ23mpyRndSatTable               
0     0010235e  _IQ24mpyRndSatTable               
0     00102352  _IQ25mpyRndSatTable               
0     00102346  _IQ26mpyRndSatTable               
0     0010233a  _IQ27mpyRndSatTable               
0     0010232e  _IQ28mpyRndSatTable               
0     00102322  _IQ29mpyRndSatTable               
0     00102466  _IQ2mpyRndSatTable                
0     00102316  _IQ30mpyRndSatTable               
0     0010245a  _IQ3mpyRndSatTable                
0     0010244e  _IQ4mpyRndSatTable                
0     00102442  _IQ5mpyRndSatTable                
0     00102436  _IQ6mpyRndSatTable                
0     0010242a  _IQ7mpyRndSatTable                
0     0010241e  _IQ8mpyRndSatTable                
0     00102412  _IQ9mpyRndSatTable                
0     00102152  _IQatan2HalfPITable               
0     00102190  _IQatan2Table                     
0     00102316  _IQatan2TableEnd                  
0     00101a2e  _IQcosTable                       
0     00101e30  _IQcosTableEnd                    
0     00101e30  _IQdivRoundSatTable               
0     00101e3e  _IQdivTable                       
0     00102040  _IQdivTableEnd                    
0     00102040  _IQisqrtRoundSatTable             
0     00102050  _IQisqrtTable                     
0     00102152  _IQisqrtTableEnd                  
0     00102316  _IQmpyRndSatTable                 
0     0010247e  _IQmpyRndSatTableEnd              
0     0010192e  _IQsinTable                       
0     00101d2e  _IQsinTableEnd                    
0     00102040  _IQsqrtRoundSatTable              
0     00102050  _IQsqrtTable                      
0     00102152  _IQsqrtTableEnd                   
1     000000e2  _ISRStartTime                     
1     000000da  _ISRStopTime                      
0     00101487  _InitCpuTimers                    
0     00100988  _InitEPWM_CH1                     
0     00100a07  _InitEPWM_CH2                     
0     00100a62  _InitEPWM_CH3                     
0     00100abd  _InitEPWM_CH4                     
0     00100b3c  _InitEPWM_CH5                     
0     00100b97  _InitEPWM_CH6                     
0     0000953f  _InitFlash                        
0     00101671  _InitGpio                         
0     00101028  _InitPeripheralClocks             
0     001015f6  _InitPieCtrl                      
0     001016b7  _InitPieVectTable                 
0     00100feb  _InitSysCtrl                      
0     001012ae  _Initialize_ADC_Conversion        
0     001012ba  _Initialize_AnalogHall            
0     00101728  _Initialize_Application           
0     001012be  _Initialize_DigitalHall           
0     00101236  _Initialize_GPIO                  
0     001012c2  _Initialize_Hiperface             
0     001012c6  _Initialize_IncrementalEncoder    
0     001012b7  _Initialize_Javascope             
0     00101289  _Initialize_PWM                   
0     001011ec  _Initialize_Platform              
0     001008f3  _LUF_ISR                          
0     001008e9  _LVF_ISR                          
0     001010bc  _LockDevice                       
1     00004400  _M3PllRegs                        
0     001007db  _MRINTA_ISR                       
0     0010088f  _MTOCIPC_INT1_ISR                 
0     00100899  _MTOCIPC_INT2_ISR                 
0     001008a3  _MTOCIPC_INT3_ISR                 
0     001008ad  _MTOCIPC_INT4_ISR                 
0     001007e5  _MXINTA_ISR                       
1     00005000  _McbspaRegs                       
0     001005db  _NMI_ISR                          
1     00007060  _NmiIntruptRegs                   
0     0010090a  _PIE_RESERVED                     
0     00100ee4  _POSSPEED_Calc                    
0     00100ec2  _POSSPEED_Init                    
0     00100953  _PWM_HB_OFF                       
0     0010091e  _PWM_HB_ON                        
1     00000ce0  _PieCtrlRegs                      
1     00000d00  _PieVectTable                     
1     00000e00  _PieVectTableCopy                 
0     00101748  _PieVectTableInit                 
1     00004a00  _RAMErrRegs                       
1     00004900  _RAMRegs                          
0     001005c7  _RTOSINT_ISR                      
0     001005a9  _RamfuncsLoadEnd                  
abs   000005a9  _RamfuncsLoadSize                 
0     00100000  _RamfuncsLoadStart                
0     00009000  _RamfuncsRunStart                 
0     001012cb  _Reconfigure_AnalogHall           
0     001012cf  _Reconfigure_DigitalHall          
0     001012d3  _Reconfigure_Hiperface            
0     001012d7  _Reconfigure_IncrementalEncoder   
0     0010083f  _SCIRXINTA_ISR                    
0     00100849  _SCITXINTA_ISR                    
0     001007c7  _SPIRXINTA_ISR                    
0     001007d1  _SPITXINTA_ISR                    
1     00007050  _SciaRegs                         
0     00009564  _SetupFlash                       
1     00007040  _SpiaRegs                         
1     00007010  _SysCtrlRegs                      
0     001006a5  _TINT0_ISR                        
0     0010065f  _USER10_ISR                       
0     00100669  _USER11_ISR                       
0     00100673  _USER12_ISR                       
0     00100605  _USER1_ISR                        
0     0010060f  _USER2_ISR                        
0     00100619  _USER3_ISR                        
0     00100623  _USER4_ISR                        
0     0010062d  _USER5_ISR                        
0     00100637  _USER6_ISR                        
0     00100641  _USER7_ISR                        
0     0010064b  _USER8_ISR                        
0     00100655  _USER9_ISR                        
0     001006af  _WAKEINT_ISR                      
0     00100691  _XINT1_ISR                        
0     0010069b  _XINT2_ISR                        
0     001008b7  _XINT3_ISR                        
1     00007070  _XIntruptRegs                     
0     0010247e  __IQ24div                         
1     00009000  __STACK_END                       
abs   00001000  __STACK_SIZE                      
1     000001da  ___TI_cleanup_ptr                 
1     000001dc  ___TI_dtors_ptr                   
1     000001d8  ___TI_enable_exit_profile_output  
abs   ffffffff  ___TI_pprof_out_hndl              
abs   ffffffff  ___TI_prof_data_size              
abs   ffffffff  ___TI_prof_data_start             
abs   ffffffff  ___binit__                        
abs   ffffffff  ___c_args__                       
0     00101848  ___cinit__                        
0     00101747  ___etext__                        
abs   ffffffff  ___pinit__                        
0     001005a9  ___text__                         
0     0010170f  __args_main                       
1     000000fe  __lock                            
0     00101743  __nop                             
0     0010173f  __register_lock                   
0     0010173b  __register_unlock                 
1     00008000  __stack                           
0     00101746  __system_post_cinit               
0     00101744  __system_pre_init                 
1     000001be  __unlock                          
0     00101623  _abort                            
0     00009000  _adc1_isr                         
1     000000f0  _argument                         
0     00101737  _assignApplicationDataToGlobalData
0     00101733  _assignGlobalDataToApplication    
1     0001280c  _c28_to_m3                        
0     0010155a  _c_int00                          
1     000000ea  _chscope                          
1     000000ec  _cnt_200us                        
1     00000106  _cnt_javascope                    
1     00000108  _cnt_slowData                     
0     001015b0  _copy_in                          
0     001016f5  _ddcopy                           
0     001016f5  _dpcopy                           
0     001010ef  _errorDetection                   
0     00101625  _exit                             
1     00000000  _g_flag_new_m3_to_c28_ipc         
1     00000004  _g_zeit_sekunden                  
0     001013fb  _get_zeit_sekunden                
0     001012e1  _ipc_mtoc_func                    
1     00000101  _js_factor1                       
1     00000100  _js_factor2                       
1     00000103  _js_factor3                       
1     00000102  _js_factor4                       
0     00100cdd  _js_fetchData2CH                  
0     00100c25  _js_fetchData4CH                  
0     00100bf2  _js_init                          
1     0000010a  _js_ptr                           
1     0000015e  _js_ptr_arr                       
1     00000180  _js_slowDataArray                 
1     0003fc1e  _m3_to_c28                        
1     00000006  _m3_to_c28_shadow                 
0     00101372  _main                             
0     001016d7  _memcpy                           
0     0010164c  _mtoc_isr                         
1     00000140  _myIQfactor                       
0     001016f5  _pdcopy                           
0     001016f5  _ppcopy                           
1     0000000a  _qep_posspeed                     
0     00100914  _rsvd_ISR                         
1     000000d8  _saegezahn_loop                   
1     000000f2  _sawfak                           
0     00101502  _sin                              
1     000000ee  _sin1amp                          
1     000000f4  _sin2amp                          
0     00101502  _sinf                             
1     000000e4  _takt_1ms                         
1     000000de  _test_javaScope_freqHz            
1     000000e8  _test_js_sawtooth1                
1     000000e6  _test_js_sawtooth2                
1     000000dc  _test_js_sinewave1                
1     000000f6  _test_js_sinewave2                
1     000000e0  _time_measurement                 
1     000000d7  _var_mess                         
0     001013f5  _zeit_sekunden_inc                
1     00000104  _zerovalue                        
abs   ffffffff  binit                             
0     00101848  cinit                             
0     0013fff0  code_start                        
0     00101747  etext                             
abs   ffffffff  pinit                             


GLOBAL SYMBOLS: SORTED BY Symbol Address 

page  address   name                              
----  -------   ----                              
0     00009000  _RamfuncsRunStart                 
0     00009000  _adc1_isr                         
0     0000953f  _InitFlash                        
0     00009564  _SetupFlash                       
0     0000958d  _FlashGainPump                    
0     0000959a  _FlashLeavePump                   
0     000095a5  _DSP28x_usDelay                   
0     00100000  _RamfuncsLoadStart                
0     001005a9  .text                             
0     001005a9  _INT13_ISR                        
0     001005a9  _RamfuncsLoadEnd                  
0     001005a9  ___text__                         
0     001005b3  _INT14_ISR                        
0     001005bd  _DATALOG_ISR                      
0     001005c7  _RTOSINT_ISR                      
0     001005d1  _EMUINT_ISR                       
0     001005db  _NMI_ISR                          
0     001005e5  _ILLEGAL_ISR                      
0     00100605  _USER1_ISR                        
0     0010060f  _USER2_ISR                        
0     00100619  _USER3_ISR                        
0     00100623  _USER4_ISR                        
0     0010062d  _USER5_ISR                        
0     00100637  _USER6_ISR                        
0     00100641  _USER7_ISR                        
0     0010064b  _USER8_ISR                        
0     00100655  _USER9_ISR                        
0     0010065f  _USER10_ISR                       
0     00100669  _USER11_ISR                       
0     00100673  _USER12_ISR                       
0     0010067d  _ADCINT1_ISR                      
0     00100687  _ADCINT2_ISR                      
0     00100691  _XINT1_ISR                        
0     0010069b  _XINT2_ISR                        
0     001006a5  _TINT0_ISR                        
0     001006af  _WAKEINT_ISR                      
0     001006b9  _EPWM1_TZINT_ISR                  
0     001006c3  _EPWM2_TZINT_ISR                  
0     001006cd  _EPWM3_TZINT_ISR                  
0     001006d7  _EPWM4_TZINT_ISR                  
0     001006e1  _EPWM5_TZINT_ISR                  
0     001006eb  _EPWM6_TZINT_ISR                  
0     001006f5  _EPWM7_TZINT_ISR                  
0     001006ff  _EPWM8_TZINT_ISR                  
0     00100709  _EPWM1_INT_ISR                    
0     00100713  _EPWM2_INT_ISR                    
0     0010071d  _EPWM3_INT_ISR                    
0     00100727  _EPWM4_INT_ISR                    
0     00100731  _EPWM5_INT_ISR                    
0     0010073b  _EPWM6_INT_ISR                    
0     00100745  _EPWM7_INT_ISR                    
0     0010074f  _EPWM8_INT_ISR                    
0     00100759  _ECAP1_INT_ISR                    
0     00100763  _ECAP2_INT_ISR                    
0     0010076d  _ECAP3_INT_ISR                    
0     00100777  _ECAP4_INT_ISR                    
0     00100781  _ECAP5_INT_ISR                    
0     0010078b  _ECAP6_INT_ISR                    
0     00100795  _EPWM9_TZINT_ISR                  
0     0010079f  _EQEP1_INT_ISR                    
0     001007a9  _EQEP2_INT_ISR                    
0     001007b3  _EQEP3_INT_ISR                    
0     001007bd  _EPWM9_INT_ISR                    
0     001007c7  _SPIRXINTA_ISR                    
0     001007d1  _SPITXINTA_ISR                    
0     001007db  _MRINTA_ISR                       
0     001007e5  _MXINTA_ISR                       
0     001007ef  _DINTCH1_ISR                      
0     001007f9  _DINTCH2_ISR                      
0     00100803  _DINTCH3_ISR                      
0     0010080d  _DINTCH4_ISR                      
0     00100817  _DINTCH5_ISR                      
0     00100821  _DINTCH6_ISR                      
0     0010082b  _I2CINT1A_ISR                     
0     00100835  _I2CINT2A_ISR                     
0     0010083f  _SCIRXINTA_ISR                    
0     00100849  _SCITXINTA_ISR                    
0     00100853  _ADCINT3_ISR                      
0     0010085d  _ADCINT4_ISR                      
0     00100867  _ADCINT5_ISR                      
0     00100871  _ADCINT6_ISR                      
0     0010087b  _ADCINT7_ISR                      
0     00100885  _ADCINT8_ISR                      
0     0010088f  _MTOCIPC_INT1_ISR                 
0     00100899  _MTOCIPC_INT2_ISR                 
0     001008a3  _MTOCIPC_INT3_ISR                 
0     001008ad  _MTOCIPC_INT4_ISR                 
0     001008b7  _XINT3_ISR                        
0     001008c1  _CFLSINGERR_ISR                   
0     001008cb  _CFLFSM_ISR                       
0     001008d5  _CRAMSINGERR_ISR                  
0     001008df  _CRAMACCVIOL_ISR                  
0     001008e9  _LVF_ISR                          
0     001008f3  _LUF_ISR                          
0     001008fd  _EMPTY_ISR                        
0     0010090a  _PIE_RESERVED                     
0     00100914  _rsvd_ISR                         
0     0010091e  _PWM_HB_ON                        
0     00100953  _PWM_HB_OFF                       
0     00100988  _InitEPWM_CH1                     
0     00100a07  _InitEPWM_CH2                     
0     00100a62  _InitEPWM_CH3                     
0     00100abd  _InitEPWM_CH4                     
0     00100b3c  _InitEPWM_CH5                     
0     00100b97  _InitEPWM_CH6                     
0     00100bf2  _js_init                          
0     00100c25  _js_fetchData4CH                  
0     00100cdd  _js_fetchData2CH                  
0     00100d5b  _Adc1_init                        
0     00100d7d  _Adc2_init                        
0     00100d9f  _ConfigAdc1                       
0     00100e34  _ConfigAdc2                       
0     00100ec2  _POSSPEED_Init                    
0     00100ee4  _POSSPEED_Calc                    
0     00100feb  _InitSysCtrl                      
0     00101028  _InitPeripheralClocks             
0     00101084  _CsmUnlock                        
0     001010a5  _EcslUnlock                       
0     001010bc  _LockDevice                       
0     001010c4  _GetEXEstatus                     
0     001010d7  _CSMSecurityStatus                
0     001010e3  _ECSLSecurityStatus               
0     001010ef  _errorDetection                   
0     001011ec  _Initialize_Platform              
0     00101236  _Initialize_GPIO                  
0     00101289  _Initialize_PWM                   
0     001012ae  _Initialize_ADC_Conversion        
0     001012b7  _Initialize_Javascope             
0     001012ba  _Initialize_AnalogHall            
0     001012be  _Initialize_DigitalHall           
0     001012c2  _Initialize_Hiperface             
0     001012c6  _Initialize_IncrementalEncoder    
0     001012cb  _Reconfigure_AnalogHall           
0     001012cf  _Reconfigure_DigitalHall          
0     001012d3  _Reconfigure_Hiperface            
0     001012d7  _Reconfigure_IncrementalEncoder   
0     001012dc  _CheckForRotorSensorUpdates       
0     001012e1  _ipc_mtoc_func                    
0     00101372  _main                             
0     001013f5  _zeit_sekunden_inc                
0     001013fb  _get_zeit_sekunden                
0     001013ff  FS$$DIV                           
0     00101487  _InitCpuTimers                    
0     001014c8  _ConfigCpuTimer                   
0     00101502  _sin                              
0     00101502  _sinf                             
0     0010155a  _c_int00                          
0     001015b0  _copy_in                          
0     001015f6  _InitPieCtrl                      
0     0010161a  _EnableInterrupts                 
0     00101623  C$$EXIT                           
0     00101623  _abort                            
0     00101625  _exit                             
0     0010164c  _mtoc_isr                         
0     00101671  _InitGpio                         
0     00101695  I$$DIV                            
0     001016a6  I$$MOD                            
0     001016b7  _InitPieVectTable                 
0     001016d7  _memcpy                           
0     001016f5  _ddcopy                           
0     001016f5  _dpcopy                           
0     001016f5  _pdcopy                           
0     001016f5  _ppcopy                           
0     0010170f  __args_main                       
0     00101728  _Initialize_Application           
0     00101733  _assignGlobalDataToApplication    
0     00101737  _assignApplicationDataToGlobalData
0     0010173b  __register_unlock                 
0     0010173f  __register_lock                   
0     00101743  __nop                             
0     00101744  __system_pre_init                 
0     00101746  __system_post_cinit               
0     00101747  ___etext__                        
0     00101747  etext                             
0     00101748  _PieVectTableInit                 
0     00101848  ___cinit__                        
0     00101848  cinit                             
0     0010192e  _IQsinTable                       
0     00101a2e  _IQcosTable                       
0     00101d2e  _IQsinTableEnd                    
0     00101e30  _IQcosTableEnd                    
0     00101e30  _IQdivRoundSatTable               
0     00101e3e  _IQdivTable                       
0     00102040  _IQdivTableEnd                    
0     00102040  _IQisqrtRoundSatTable             
0     00102040  _IQsqrtRoundSatTable              
0     00102050  _IQisqrtTable                     
0     00102050  _IQsqrtTable                      
0     00102152  _IQatan2HalfPITable               
0     00102152  _IQisqrtTableEnd                  
0     00102152  _IQsqrtTableEnd                   
0     00102190  _IQatan2Table                     
0     00102316  _IQ30mpyRndSatTable               
0     00102316  _IQatan2TableEnd                  
0     00102316  _IQmpyRndSatTable                 
0     00102322  _IQ29mpyRndSatTable               
0     0010232e  _IQ28mpyRndSatTable               
0     0010233a  _IQ27mpyRndSatTable               
0     00102346  _IQ26mpyRndSatTable               
0     00102352  _IQ25mpyRndSatTable               
0     0010235e  _IQ24mpyRndSatTable               
0     0010236a  _IQ23mpyRndSatTable               
0     00102376  _IQ22mpyRndSatTable               
0     00102382  _IQ21mpyRndSatTable               
0     0010238e  _IQ20mpyRndSatTable               
0     0010239a  _IQ19mpyRndSatTable               
0     001023a6  _IQ18mpyRndSatTable               
0     001023b2  _IQ17mpyRndSatTable               
0     001023be  _IQ16mpyRndSatTable               
0     001023ca  _IQ15mpyRndSatTable               
0     001023d6  _IQ14mpyRndSatTable               
0     001023e2  _IQ13mpyRndSatTable               
0     001023ee  _IQ12mpyRndSatTable               
0     001023fa  _IQ11mpyRndSatTable               
0     00102406  _IQ10mpyRndSatTable               
0     00102412  _IQ9mpyRndSatTable                
0     0010241e  _IQ8mpyRndSatTable                
0     0010242a  _IQ7mpyRndSatTable                
0     00102436  _IQ6mpyRndSatTable                
0     00102442  _IQ5mpyRndSatTable                
0     0010244e  _IQ4mpyRndSatTable                
0     0010245a  _IQ3mpyRndSatTable                
0     00102466  _IQ2mpyRndSatTable                
0     00102472  _IQ1mpyRndSatTable                
0     0010247e  _IQmpyRndSatTableEnd              
0     0010247e  __IQ24div                         
0     0013fff0  code_start                        
1     00000000  _g_flag_new_m3_to_c28_ipc         
1     00000004  _g_zeit_sekunden                  
1     00000006  _m3_to_c28_shadow                 
1     0000000a  _qep_posspeed                     
1     00000040  _Global_Data                      
1     000000d7  _var_mess                         
1     000000d8  _saegezahn_loop                   
1     000000da  _ISRStopTime                      
1     000000dc  _test_js_sinewave1                
1     000000de  _test_javaScope_freqHz            
1     000000e0  _time_measurement                 
1     000000e2  _ISRStartTime                     
1     000000e4  _takt_1ms                         
1     000000e6  _test_js_sawtooth2                
1     000000e8  _test_js_sawtooth1                
1     000000ea  _chscope                          
1     000000ec  _cnt_200us                        
1     000000ee  _sin1amp                          
1     000000f0  _argument                         
1     000000f2  _sawfak                           
1     000000f4  _sin2amp                          
1     000000f6  _test_js_sinewave2                
1     000000f8  _Frequenzvorgabe                  
1     000000fa  _ADCconvFactor_Lbytes             
1     000000fc  _ADCconvFactor_Hbytes             
1     000000fe  __lock                            
1     00000100  _js_factor2                       
1     00000101  _js_factor1                       
1     00000102  _js_factor4                       
1     00000103  _js_factor3                       
1     00000104  _zerovalue                        
1     00000106  _cnt_javascope                    
1     00000108  _cnt_slowData                     
1     0000010a  _js_ptr                           
1     00000140  _myIQfactor                       
1     0000015e  _js_ptr_arr                       
1     00000180  _js_slowDataArray                 
1     000001be  __unlock                          
1     000001c0  _CpuTimer1                        
1     000001c8  _CpuTimer2                        
1     000001d0  _CpuTimer0                        
1     000001d8  ___TI_enable_exit_profile_output  
1     000001da  ___TI_cleanup_ptr                 
1     000001dc  ___TI_dtors_ptr                   
1     00000880  _DevEmuRegs                       
1     00000ae0  _CsmRegs                          
1     00000b00  _Adc1Result                       
1     00000b00  _AdcResult                        
1     00000b40  _Adc2Result                       
1     00000c00  _CpuTimer0Regs                    
1     00000c08  _CpuTimer1Regs                    
1     00000c10  _CpuTimer2Regs                    
1     00000ce0  _PieCtrlRegs                      
1     00000d00  _PieVectTable                     
1     00000e00  _PieVectTableCopy                 
1     00001000  _DmaRegs                          
1     00001700  _AnalogSysctrlRegs                
1     00001780  _HWBistRegs                       
1     00004000  _FlashCtrlRegs                    
1     00004300  _FlashEccRegs                     
1     00004400  _M3PllRegs                        
1     00004900  _RAMRegs                          
1     00004a00  _RAMErrRegs                       
1     00004e00  _CtoMIpcRegs                      
1     00005000  _McbspaRegs                       
1     00005100  _EPwm1Regs                        
1     00005180  _EPwm2Regs                        
1     00005200  _EPwm3Regs                        
1     00005280  _EPwm4Regs                        
1     00005300  _EPwm5Regs                        
1     00005380  _EPwm6Regs                        
1     00005400  _EPwm7Regs                        
1     00005480  _EPwm8Regs                        
1     00005500  _EPwm9Regs                        
1     00005a00  _ECap1Regs                        
1     00005a20  _ECap2Regs                        
1     00005a40  _ECap3Regs                        
1     00005a60  _ECap4Regs                        
1     00005a80  _ECap5Regs                        
1     00005aa0  _ECap6Regs                        
1     00005b00  _EQep1Regs                        
1     00005b40  _EQep2Regs                        
1     00005b80  _EQep3Regs                        
1     00005f80  _GpioCtrlRegs                     
1     00005f80  _GpioG1CtrlRegs                   
1     00005fc0  _GpioDataRegs                     
1     00005fc0  _GpioG1DataRegs                   
1     00005fe0  _GpioG1TripRegs                   
1     00005fe0  _GpioTripRegs                     
1     00006400  _Comp1Regs                        
1     00006420  _Comp2Regs                        
1     00006440  _Comp3Regs                        
1     00006460  _Comp4Regs                        
1     00006480  _Comp5Regs                        
1     000064a0  _Comp6Regs                        
1     00006f80  _GpioG2CtrlRegs                   
1     00006fc0  _GpioG2DataRegs                   
1     00007010  _SysCtrlRegs                      
1     00007040  _SpiaRegs                         
1     00007050  _SciaRegs                         
1     00007060  _NmiIntruptRegs                   
1     00007070  _XIntruptRegs                     
1     00007100  _Adc1Regs                         
1     00007100  _AdcRegs                          
1     00007180  _Adc2Regs                         
1     00007900  _I2caRegs                         
1     00008000  __stack                           
1     00009000  __STACK_END                       
1     0001280c  _c28_to_m3                        
1     0003fc1e  _m3_to_c28                        
1     0013fff2  _FlashExeOnly                     
1     0013fff4  _EcslPwl                          
1     0013fff8  _CsmPwl                           
abs   000005a9  _RamfuncsLoadSize                 
abs   00001000  __STACK_SIZE                      
abs   ffffffff  ___TI_pprof_out_hndl              
abs   ffffffff  ___TI_prof_data_size              
abs   ffffffff  ___TI_prof_data_start             
abs   ffffffff  ___binit__                        
abs   ffffffff  ___c_args__                       
abs   ffffffff  ___pinit__                        
abs   ffffffff  binit                             
abs   ffffffff  pinit                             

[350 symbols]
