<?xml version="1.0"?>
<link_info>
   <banner>TMS320C2000 Linker PC v15.12.3.LTS</banner>
   <copyright>Copyright (c) 1996-2015 Texas Instruments Incorporated</copyright>
   <link_time>0x5bed68f5</link_time>
   <link_errors>0x0</link_errors>
   <output_file>new_core_v2_c28.out</output_file>
   <entry_point>
      <name>_c_int00</name>
      <address>0x10155a</address>
   </entry_point>
   <input_file_list>
      <input_file id="fl-2">
         <path>.\</path>
         <kind>object</kind>
         <file>main_c28.obj</file>
         <name>main_c28.obj</name>
      </input_file>
      <input_file id="fl-3">
         <path>.\ImportedFiles\</path>
         <kind>object</kind>
         <file>F28M35x_Adc.obj</file>
         <name>F28M35x_Adc.obj</name>
      </input_file>
      <input_file id="fl-4">
         <path>.\ImportedFiles\</path>
         <kind>object</kind>
         <file>F28M35x_CodeStartBranch.obj</file>
         <name>F28M35x_CodeStartBranch.obj</name>
      </input_file>
      <input_file id="fl-5">
         <path>.\ImportedFiles\</path>
         <kind>object</kind>
         <file>F28M35x_CpuTimers.obj</file>
         <name>F28M35x_CpuTimers.obj</name>
      </input_file>
      <input_file id="fl-6">
         <path>.\ImportedFiles\</path>
         <kind>object</kind>
         <file>F28M35x_DefaultIsr.obj</file>
         <name>F28M35x_DefaultIsr.obj</name>
      </input_file>
      <input_file id="fl-7">
         <path>.\ImportedFiles\</path>
         <kind>object</kind>
         <file>F28M35x_EPwm.obj</file>
         <name>F28M35x_EPwm.obj</name>
      </input_file>
      <input_file id="fl-8">
         <path>.\ImportedFiles\</path>
         <kind>object</kind>
         <file>F28M35x_GlobalVariableDefs.obj</file>
         <name>F28M35x_GlobalVariableDefs.obj</name>
      </input_file>
      <input_file id="fl-9">
         <path>.\ImportedFiles\</path>
         <kind>object</kind>
         <file>F28M35x_Gpio.obj</file>
         <name>F28M35x_Gpio.obj</name>
      </input_file>
      <input_file id="fl-a">
         <path>.\ImportedFiles\</path>
         <kind>object</kind>
         <file>F28M35x_PieCtrl.obj</file>
         <name>F28M35x_PieCtrl.obj</name>
      </input_file>
      <input_file id="fl-b">
         <path>.\ImportedFiles\</path>
         <kind>object</kind>
         <file>F28M35x_PieVect.obj</file>
         <name>F28M35x_PieVect.obj</name>
      </input_file>
      <input_file id="fl-c">
         <path>.\ImportedFiles\</path>
         <kind>object</kind>
         <file>F28M35x_SysCtrl.obj</file>
         <name>F28M35x_SysCtrl.obj</name>
      </input_file>
      <input_file id="fl-d">
         <path>.\ImportedFiles\</path>
         <kind>object</kind>
         <file>F28M35x_usDelay.obj</file>
         <name>F28M35x_usDelay.obj</name>
      </input_file>
      <input_file id="fl-e">
         <path>.\hw_init\</path>
         <kind>object</kind>
         <file>adc.obj</file>
         <name>adc.obj</name>
      </input_file>
      <input_file id="fl-f">
         <path>.\hw_init\</path>
         <kind>object</kind>
         <file>eCap.obj</file>
         <name>eCap.obj</name>
      </input_file>
      <input_file id="fl-10">
         <path>.\hw_init\</path>
         <kind>object</kind>
         <file>epwm.obj</file>
         <name>epwm.obj</name>
      </input_file>
      <input_file id="fl-11">
         <path>.\hw_init\</path>
         <kind>object</kind>
         <file>my_posspeed.obj</file>
         <name>my_posspeed.obj</name>
      </input_file>
      <input_file id="fl-12">
         <path>.\hw_init\</path>
         <kind>object</kind>
         <file>platform.obj</file>
         <name>platform.obj</name>
      </input_file>
      <input_file id="fl-13">
         <path>.\sw\</path>
         <kind>object</kind>
         <file>application.obj</file>
         <name>application.obj</name>
      </input_file>
      <input_file id="fl-14">
         <path>.\sw\</path>
         <kind>object</kind>
         <file>errordetection.obj</file>
         <name>errordetection.obj</name>
      </input_file>
      <input_file id="fl-15">
         <path>.\sw\</path>
         <kind>object</kind>
         <file>ipc_c28.obj</file>
         <name>ipc_c28.obj</name>
      </input_file>
      <input_file id="fl-16">
         <path>.\sw\</path>
         <kind>object</kind>
         <file>isr.obj</file>
         <name>isr.obj</name>
      </input_file>
      <input_file id="fl-17">
         <path>.\sw\</path>
         <kind>object</kind>
         <file>javascope.obj</file>
         <name>javascope.obj</name>
      </input_file>
      <input_file id="fl-24">
         <path>C:\ti\ccs620\ccsv6\tools\compiler\c2000_15.12.3.LTS\lib\</path>
         <kind>archive</kind>
         <file>rts2800_fpu32.lib</file>
         <name>boot.obj</name>
      </input_file>
      <input_file id="fl-25">
         <path>C:\ti\ccs620\ccsv6\tools\compiler\c2000_15.12.3.LTS\lib\</path>
         <kind>archive</kind>
         <file>rts2800_fpu32.lib</file>
         <name>cpy_tbl.obj</name>
      </input_file>
      <input_file id="fl-26">
         <path>C:\ti\ccs620\ccsv6\tools\compiler\c2000_15.12.3.LTS\lib\</path>
         <kind>archive</kind>
         <file>rts2800_fpu32.lib</file>
         <name>cpy_utils.obj</name>
      </input_file>
      <input_file id="fl-27">
         <path>C:\ti\ccs620\ccsv6\tools\compiler\c2000_15.12.3.LTS\lib\</path>
         <kind>archive</kind>
         <file>rts2800_fpu32.lib</file>
         <name>exit.obj</name>
      </input_file>
      <input_file id="fl-28">
         <path>C:\ti\ccs620\ccsv6\tools\compiler\c2000_15.12.3.LTS\lib\</path>
         <kind>archive</kind>
         <file>rts2800_fpu32.lib</file>
         <name>fs_div.obj</name>
      </input_file>
      <input_file id="fl-29">
         <path>C:\ti\ccs620\ccsv6\tools\compiler\c2000_15.12.3.LTS\lib\</path>
         <kind>archive</kind>
         <file>rts2800_fpu32.lib</file>
         <name>i_div.obj</name>
      </input_file>
      <input_file id="fl-2a">
         <path>C:\ti\ccs620\ccsv6\tools\compiler\c2000_15.12.3.LTS\lib\</path>
         <kind>archive</kind>
         <file>rts2800_fpu32.lib</file>
         <name>memcpy.obj</name>
      </input_file>
      <input_file id="fl-2b">
         <path>C:\ti\ccs620\ccsv6\tools\compiler\c2000_15.12.3.LTS\lib\</path>
         <kind>archive</kind>
         <file>rts2800_fpu32.lib</file>
         <name>pre_init.obj</name>
      </input_file>
      <input_file id="fl-2c">
         <path>C:\ti\ccs620\ccsv6\tools\compiler\c2000_15.12.3.LTS\lib\</path>
         <kind>archive</kind>
         <file>rts2800_fpu32.lib</file>
         <name>s_sinf.obj</name>
      </input_file>
      <input_file id="fl-2d">
         <path>C:\ti\ccs620\ccsv6\tools\compiler\c2000_15.12.3.LTS\lib\</path>
         <kind>archive</kind>
         <file>rts2800_fpu32.lib</file>
         <name>startup.obj</name>
      </input_file>
      <input_file id="fl-2e">
         <path>C:\ti\ccs620\ccsv6\tools\compiler\c2000_15.12.3.LTS\lib\</path>
         <kind>archive</kind>
         <file>rts2800_fpu32.lib</file>
         <name>_lock.obj</name>
      </input_file>
      <input_file id="fl-2f">
         <path>C:\ti\ccs620\ccsv6\tools\compiler\c2000_15.12.3.LTS\lib\</path>
         <kind>archive</kind>
         <file>rts2800_fpu32.lib</file>
         <name>args_main.obj</name>
      </input_file>
      <input_file id="fl-30">
         <path>C:\ti\controlSUITE\libs\math\IQmath\v160\lib\</path>
         <kind>archive</kind>
         <file>IQmath_fpu32.lib</file>
         <name>IQ24div.obj</name>
      </input_file>
      <input_file id="fl-31">
         <path>C:\ti\controlSUITE\libs\math\IQmath\v160\lib\</path>
         <kind>archive</kind>
         <file>IQmath_fpu32.lib</file>
         <name>IQmathTables.obj</name>
      </input_file>
   </input_file_list>
   <object_component_list>
      <object_component id="oc-c4">
         <name>PieVectTableFile</name>
         <uninitialized>true</uninitialized>
         <run_address>0xd00</run_address>
         <size>0x100</size>
         <input_file_ref idref="fl-8"/>
      </object_component>
      <object_component id="oc-b5">
         <name>DevEmuRegsFile</name>
         <uninitialized>true</uninitialized>
         <run_address>0x880</run_address>
         <size>0x42</size>
         <input_file_ref idref="fl-8"/>
      </object_component>
      <object_component id="oc-9a">
         <name>CsmRegsFile</name>
         <uninitialized>true</uninitialized>
         <run_address>0xae0</run_address>
         <size>0x16</size>
         <input_file_ref idref="fl-8"/>
      </object_component>
      <object_component id="oc-94">
         <name>AdcResultFile</name>
         <uninitialized>true</uninitialized>
         <run_address>0xb00</run_address>
         <size>0x10</size>
         <input_file_ref idref="fl-8"/>
      </object_component>
      <object_component id="oc-95">
         <name>Adc1ResultFile</name>
         <uninitialized>true</uninitialized>
         <run_address>0xb00</run_address>
         <size>0x10</size>
         <input_file_ref idref="fl-8"/>
      </object_component>
      <object_component id="oc-97">
         <name>Adc2ResultFile</name>
         <uninitialized>true</uninitialized>
         <run_address>0xb40</run_address>
         <size>0x10</size>
         <input_file_ref idref="fl-8"/>
      </object_component>
      <object_component id="oc-93">
         <name>CpuTimer0RegsFile</name>
         <uninitialized>true</uninitialized>
         <run_address>0xc00</run_address>
         <size>0x8</size>
         <input_file_ref idref="fl-8"/>
      </object_component>
      <object_component id="oc-91">
         <name>CpuTimer1RegsFile</name>
         <uninitialized>true</uninitialized>
         <run_address>0xc08</run_address>
         <size>0x8</size>
         <input_file_ref idref="fl-8"/>
      </object_component>
      <object_component id="oc-92">
         <name>CpuTimer2RegsFile</name>
         <uninitialized>true</uninitialized>
         <run_address>0xc10</run_address>
         <size>0x8</size>
         <input_file_ref idref="fl-8"/>
      </object_component>
      <object_component id="oc-9b">
         <name>PieCtrlRegsFile</name>
         <uninitialized>true</uninitialized>
         <run_address>0xce0</run_address>
         <size>0x1a</size>
         <input_file_ref idref="fl-8"/>
      </object_component>
      <object_component id="oc-c5">
         <name>PieVectTableCopyFile</name>
         <uninitialized>true</uninitialized>
         <run_address>0xe00</run_address>
         <size>0x100</size>
         <input_file_ref idref="fl-8"/>
      </object_component>
      <object_component id="oc-c3">
         <name>DmaRegsFile</name>
         <uninitialized>true</uninitialized>
         <run_address>0x1000</run_address>
         <size>0xe0</size>
         <input_file_ref idref="fl-8"/>
      </object_component>
      <object_component id="oc-b9">
         <name>AnalogSysctrlRegsFile</name>
         <uninitialized>true</uninitialized>
         <run_address>0x1700</run_address>
         <size>0x78</size>
         <input_file_ref idref="fl-8"/>
      </object_component>
      <object_component id="oc-ae">
         <name>HWBistRegsFile</name>
         <uninitialized>true</uninitialized>
         <run_address>0x1780</run_address>
         <size>0x30</size>
         <input_file_ref idref="fl-8"/>
      </object_component>
      <object_component id="oc-c6">
         <name>FlashCtrlRegsFile</name>
         <uninitialized>true</uninitialized>
         <run_address>0x4000</run_address>
         <size>0x182</size>
         <input_file_ref idref="fl-8"/>
      </object_component>
      <object_component id="oc-ac">
         <name>FlashEccRegsFile</name>
         <uninitialized>true</uninitialized>
         <run_address>0x4300</run_address>
         <size>0x24</size>
         <input_file_ref idref="fl-8"/>
      </object_component>
      <object_component id="oc-90">
         <name>M3PllRegsFile</name>
         <uninitialized>true</uninitialized>
         <run_address>0x4400</run_address>
         <size>0x8</size>
         <input_file_ref idref="fl-8"/>
      </object_component>
      <object_component id="oc-b1">
         <name>RAMRegsFile</name>
         <uninitialized>true</uninitialized>
         <run_address>0x4900</run_address>
         <size>0x3e</size>
         <input_file_ref idref="fl-8"/>
      </object_component>
      <object_component id="oc-b0">
         <name>RAMErrRegsFile</name>
         <uninitialized>true</uninitialized>
         <run_address>0x4a00</run_address>
         <size>0x3e</size>
         <input_file_ref idref="fl-8"/>
      </object_component>
      <object_component id="oc-b3">
         <name>CtoMIpcRegsFile</name>
         <uninitialized>true</uninitialized>
         <run_address>0x4e00</run_address>
         <size>0x40</size>
         <input_file_ref idref="fl-8"/>
      </object_component>
      <object_component id="oc-9c">
         <name>SysCtrlRegsFile</name>
         <uninitialized>true</uninitialized>
         <run_address>0x7010</run_address>
         <size>0x1d</size>
         <input_file_ref idref="fl-8"/>
      </object_component>
      <object_component id="oc-98">
         <name>SpiaRegsFile</name>
         <uninitialized>true</uninitialized>
         <run_address>0x7040</run_address>
         <size>0x10</size>
         <input_file_ref idref="fl-8"/>
      </object_component>
      <object_component id="oc-99">
         <name>SciaRegsFile</name>
         <uninitialized>true</uninitialized>
         <run_address>0x7050</run_address>
         <size>0x10</size>
         <input_file_ref idref="fl-8"/>
      </object_component>
      <object_component id="oc-88">
         <name>NmiIntruptRegsFile</name>
         <uninitialized>true</uninitialized>
         <run_address>0x7060</run_address>
         <size>0x6</size>
         <input_file_ref idref="fl-8"/>
      </object_component>
      <object_component id="oc-96">
         <name>XIntruptRegsFile</name>
         <uninitialized>true</uninitialized>
         <run_address>0x7070</run_address>
         <size>0x10</size>
         <input_file_ref idref="fl-8"/>
      </object_component>
      <object_component id="oc-b8">
         <name>AdcRegsFile</name>
         <uninitialized>true</uninitialized>
         <run_address>0x7100</run_address>
         <size>0x50</size>
         <input_file_ref idref="fl-8"/>
      </object_component>
      <object_component id="oc-b7">
         <name>Adc1RegsFile</name>
         <uninitialized>true</uninitialized>
         <run_address>0x7100</run_address>
         <size>0x50</size>
         <input_file_ref idref="fl-8"/>
      </object_component>
      <object_component id="oc-b6">
         <name>Adc2RegsFile</name>
         <uninitialized>true</uninitialized>
         <run_address>0x7180</run_address>
         <size>0x50</size>
         <input_file_ref idref="fl-8"/>
      </object_component>
      <object_component id="oc-aa">
         <name>I2caRegsFile</name>
         <uninitialized>true</uninitialized>
         <run_address>0x7900</run_address>
         <size>0x22</size>
         <input_file_ref idref="fl-8"/>
      </object_component>
      <object_component id="oc-ad">
         <name>McbspaRegsFile</name>
         <uninitialized>true</uninitialized>
         <run_address>0x5000</run_address>
         <size>0x24</size>
         <input_file_ref idref="fl-8"/>
      </object_component>
      <object_component id="oc-c2">
         <name>EPwm1RegsFile</name>
         <uninitialized>true</uninitialized>
         <run_address>0x5100</run_address>
         <size>0x80</size>
         <input_file_ref idref="fl-8"/>
      </object_component>
      <object_component id="oc-bc">
         <name>EPwm2RegsFile</name>
         <uninitialized>true</uninitialized>
         <run_address>0x5180</run_address>
         <size>0x80</size>
         <input_file_ref idref="fl-8"/>
      </object_component>
      <object_component id="oc-bd">
         <name>EPwm3RegsFile</name>
         <uninitialized>true</uninitialized>
         <run_address>0x5200</run_address>
         <size>0x80</size>
         <input_file_ref idref="fl-8"/>
      </object_component>
      <object_component id="oc-bf">
         <name>EPwm4RegsFile</name>
         <uninitialized>true</uninitialized>
         <run_address>0x5280</run_address>
         <size>0x80</size>
         <input_file_ref idref="fl-8"/>
      </object_component>
      <object_component id="oc-be">
         <name>EPwm5RegsFile</name>
         <uninitialized>true</uninitialized>
         <run_address>0x5300</run_address>
         <size>0x80</size>
         <input_file_ref idref="fl-8"/>
      </object_component>
      <object_component id="oc-c0">
         <name>EPwm6RegsFile</name>
         <uninitialized>true</uninitialized>
         <run_address>0x5380</run_address>
         <size>0x80</size>
         <input_file_ref idref="fl-8"/>
      </object_component>
      <object_component id="oc-bb">
         <name>EPwm7RegsFile</name>
         <uninitialized>true</uninitialized>
         <run_address>0x5400</run_address>
         <size>0x80</size>
         <input_file_ref idref="fl-8"/>
      </object_component>
      <object_component id="oc-c1">
         <name>EPwm8RegsFile</name>
         <uninitialized>true</uninitialized>
         <run_address>0x5480</run_address>
         <size>0x80</size>
         <input_file_ref idref="fl-8"/>
      </object_component>
      <object_component id="oc-ba">
         <name>EPwm9RegsFile</name>
         <uninitialized>true</uninitialized>
         <run_address>0x5500</run_address>
         <size>0x80</size>
         <input_file_ref idref="fl-8"/>
      </object_component>
      <object_component id="oc-a6">
         <name>ECap1RegsFile</name>
         <uninitialized>true</uninitialized>
         <run_address>0x5a00</run_address>
         <size>0x20</size>
         <input_file_ref idref="fl-8"/>
      </object_component>
      <object_component id="oc-a7">
         <name>ECap2RegsFile</name>
         <uninitialized>true</uninitialized>
         <run_address>0x5a20</run_address>
         <size>0x20</size>
         <input_file_ref idref="fl-8"/>
      </object_component>
      <object_component id="oc-a0">
         <name>ECap3RegsFile</name>
         <uninitialized>true</uninitialized>
         <run_address>0x5a40</run_address>
         <size>0x20</size>
         <input_file_ref idref="fl-8"/>
      </object_component>
      <object_component id="oc-9e">
         <name>ECap4RegsFile</name>
         <uninitialized>true</uninitialized>
         <run_address>0x5a60</run_address>
         <size>0x20</size>
         <input_file_ref idref="fl-8"/>
      </object_component>
      <object_component id="oc-9d">
         <name>ECap5RegsFile</name>
         <uninitialized>true</uninitialized>
         <run_address>0x5a80</run_address>
         <size>0x20</size>
         <input_file_ref idref="fl-8"/>
      </object_component>
      <object_component id="oc-9f">
         <name>ECap6RegsFile</name>
         <uninitialized>true</uninitialized>
         <run_address>0x5aa0</run_address>
         <size>0x20</size>
         <input_file_ref idref="fl-8"/>
      </object_component>
      <object_component id="oc-ab">
         <name>EQep1RegsFile</name>
         <uninitialized>true</uninitialized>
         <run_address>0x5b00</run_address>
         <size>0x22</size>
         <input_file_ref idref="fl-8"/>
      </object_component>
      <object_component id="oc-a8">
         <name>EQep2RegsFile</name>
         <uninitialized>true</uninitialized>
         <run_address>0x5b40</run_address>
         <size>0x22</size>
         <input_file_ref idref="fl-8"/>
      </object_component>
      <object_component id="oc-a9">
         <name>EQep3RegsFile</name>
         <uninitialized>true</uninitialized>
         <run_address>0x5b80</run_address>
         <size>0x22</size>
         <input_file_ref idref="fl-8"/>
      </object_component>
      <object_component id="oc-b2">
         <name>GpioCtrlRegsFile</name>
         <uninitialized>true</uninitialized>
         <run_address>0x5f80</run_address>
         <size>0x40</size>
         <input_file_ref idref="fl-8"/>
      </object_component>
      <object_component id="oc-b4">
         <name>GpioG1CtrlRegsFile</name>
         <uninitialized>true</uninitialized>
         <run_address>0x5f80</run_address>
         <size>0x40</size>
         <input_file_ref idref="fl-8"/>
      </object_component>
      <object_component id="oc-a5">
         <name>GpioDataRegsFile</name>
         <uninitialized>true</uninitialized>
         <run_address>0x5fc0</run_address>
         <size>0x20</size>
         <input_file_ref idref="fl-8"/>
      </object_component>
      <object_component id="oc-a4">
         <name>GpioG1DataRegsFile</name>
         <uninitialized>true</uninitialized>
         <run_address>0x5fc0</run_address>
         <size>0x20</size>
         <input_file_ref idref="fl-8"/>
      </object_component>
      <object_component id="oc-a3">
         <name>GpioTripRegsFile</name>
         <uninitialized>true</uninitialized>
         <run_address>0x5fe0</run_address>
         <size>0x20</size>
         <input_file_ref idref="fl-8"/>
      </object_component>
      <object_component id="oc-a1">
         <name>GpioG1TripRegsFile</name>
         <uninitialized>true</uninitialized>
         <run_address>0x5fe0</run_address>
         <size>0x20</size>
         <input_file_ref idref="fl-8"/>
      </object_component>
      <object_component id="oc-89">
         <name>Comp1RegsFile</name>
         <uninitialized>true</uninitialized>
         <run_address>0x6400</run_address>
         <size>0x7</size>
         <input_file_ref idref="fl-8"/>
      </object_component>
      <object_component id="oc-8a">
         <name>Comp2RegsFile</name>
         <uninitialized>true</uninitialized>
         <run_address>0x6420</run_address>
         <size>0x7</size>
         <input_file_ref idref="fl-8"/>
      </object_component>
      <object_component id="oc-8b">
         <name>Comp3RegsFile</name>
         <uninitialized>true</uninitialized>
         <run_address>0x6440</run_address>
         <size>0x7</size>
         <input_file_ref idref="fl-8"/>
      </object_component>
      <object_component id="oc-8d">
         <name>Comp4RegsFile</name>
         <uninitialized>true</uninitialized>
         <run_address>0x6460</run_address>
         <size>0x7</size>
         <input_file_ref idref="fl-8"/>
      </object_component>
      <object_component id="oc-8c">
         <name>Comp5RegsFile</name>
         <uninitialized>true</uninitialized>
         <run_address>0x6480</run_address>
         <size>0x7</size>
         <input_file_ref idref="fl-8"/>
      </object_component>
      <object_component id="oc-8e">
         <name>Comp6RegsFile</name>
         <uninitialized>true</uninitialized>
         <run_address>0x64a0</run_address>
         <size>0x7</size>
         <input_file_ref idref="fl-8"/>
      </object_component>
      <object_component id="oc-af">
         <name>GpioG2CtrlRegsFile</name>
         <uninitialized>true</uninitialized>
         <run_address>0x6f80</run_address>
         <size>0x3c</size>
         <input_file_ref idref="fl-8"/>
      </object_component>
      <object_component id="oc-a2">
         <name>GpioG2DataRegsFile</name>
         <uninitialized>true</uninitialized>
         <run_address>0x6fc0</run_address>
         <size>0x20</size>
         <input_file_ref idref="fl-8"/>
      </object_component>
      <object_component id="oc-86">
         <name>FlashExeOnlyFile</name>
         <uninitialized>true</uninitialized>
         <run_address>0x13fff2</run_address>
         <size>0x2</size>
         <input_file_ref idref="fl-8"/>
      </object_component>
      <object_component id="oc-87">
         <name>EcslPwlFile</name>
         <uninitialized>true</uninitialized>
         <run_address>0x13fff4</run_address>
         <size>0x4</size>
         <input_file_ref idref="fl-8"/>
      </object_component>
      <object_component id="oc-8f">
         <name>CsmPwlFile</name>
         <uninitialized>true</uninitialized>
         <run_address>0x13fff8</run_address>
         <size>0x8</size>
         <input_file_ref idref="fl-8"/>
      </object_component>
      <object_component id="oc-7b">
         <name>.text:retain</name>
         <load_address>0x1005a9</load_address>
         <run_address>0x1005a9</run_address>
         <size>0x375</size>
         <input_file_ref idref="fl-6"/>
      </object_component>
      <object_component id="oc-166">
         <name>.text</name>
         <load_address>0x10091e</load_address>
         <run_address>0x10091e</run_address>
         <size>0x2d4</size>
         <input_file_ref idref="fl-10"/>
      </object_component>
      <object_component id="oc-169">
         <name>.text</name>
         <load_address>0x100bf2</load_address>
         <run_address>0x100bf2</run_address>
         <size>0x169</size>
         <input_file_ref idref="fl-17"/>
      </object_component>
      <object_component id="oc-178">
         <name>.text</name>
         <load_address>0x100d5b</load_address>
         <run_address>0x100d5b</run_address>
         <size>0x167</size>
         <input_file_ref idref="fl-e"/>
      </object_component>
      <object_component id="oc-164">
         <name>.text</name>
         <load_address>0x100ec2</load_address>
         <run_address>0x100ec2</run_address>
         <size>0x129</size>
         <input_file_ref idref="fl-11"/>
      </object_component>
      <object_component id="oc-16c">
         <name>.text</name>
         <load_address>0x100feb</load_address>
         <run_address>0x100feb</run_address>
         <size>0x104</size>
         <input_file_ref idref="fl-c"/>
      </object_component>
      <object_component id="oc-165">
         <name>.text</name>
         <load_address>0x1010ef</load_address>
         <run_address>0x1010ef</run_address>
         <size>0xfd</size>
         <input_file_ref idref="fl-14"/>
      </object_component>
      <object_component id="oc-16e">
         <name>.text</name>
         <load_address>0x1011ec</load_address>
         <run_address>0x1011ec</run_address>
         <size>0xf5</size>
         <input_file_ref idref="fl-12"/>
      </object_component>
      <object_component id="oc-174">
         <name>.text</name>
         <load_address>0x1012e1</load_address>
         <run_address>0x1012e1</run_address>
         <size>0x91</size>
         <input_file_ref idref="fl-15"/>
      </object_component>
      <object_component id="oc-167">
         <name>.text</name>
         <load_address>0x101372</load_address>
         <run_address>0x101372</run_address>
         <size>0x8d</size>
         <input_file_ref idref="fl-2"/>
      </object_component>
      <object_component id="oc-132">
         <name>.text</name>
         <load_address>0x1013ff</load_address>
         <run_address>0x1013ff</run_address>
         <size>0x88</size>
         <input_file_ref idref="fl-28"/>
      </object_component>
      <object_component id="oc-173">
         <name>.text</name>
         <load_address>0x101487</load_address>
         <run_address>0x101487</run_address>
         <size>0x7b</size>
         <input_file_ref idref="fl-5"/>
      </object_component>
      <object_component id="oc-168">
         <name>.text</name>
         <load_address>0x101502</load_address>
         <run_address>0x101502</run_address>
         <size>0x58</size>
         <input_file_ref idref="fl-2c"/>
      </object_component>
      <object_component id="oc-60">
         <name>.text</name>
         <load_address>0x10155a</load_address>
         <run_address>0x10155a</run_address>
         <size>0x56</size>
         <input_file_ref idref="fl-24"/>
      </object_component>
      <object_component id="oc-160">
         <name>.text</name>
         <load_address>0x1015b0</load_address>
         <run_address>0x1015b0</run_address>
         <size>0x46</size>
         <input_file_ref idref="fl-25"/>
      </object_component>
      <object_component id="oc-16f">
         <name>.text</name>
         <load_address>0x1015f6</load_address>
         <run_address>0x1015f6</run_address>
         <size>0x2d</size>
         <input_file_ref idref="fl-a"/>
      </object_component>
      <object_component id="oc-163">
         <name>.text</name>
         <load_address>0x101623</load_address>
         <run_address>0x101623</run_address>
         <size>0x29</size>
         <input_file_ref idref="fl-27"/>
      </object_component>
      <object_component id="oc-10f">
         <name>.text:retain</name>
         <load_address>0x10164c</load_address>
         <run_address>0x10164c</run_address>
         <size>0x25</size>
         <input_file_ref idref="fl-16"/>
      </object_component>
      <object_component id="oc-177">
         <name>.text</name>
         <load_address>0x101671</load_address>
         <run_address>0x101671</run_address>
         <size>0x24</size>
         <input_file_ref idref="fl-9"/>
      </object_component>
      <object_component id="oc-137">
         <name>.text</name>
         <load_address>0x101695</load_address>
         <run_address>0x101695</run_address>
         <size>0x22</size>
         <input_file_ref idref="fl-29"/>
      </object_component>
      <object_component id="oc-170">
         <name>.text</name>
         <load_address>0x1016b7</load_address>
         <run_address>0x1016b7</run_address>
         <size>0x20</size>
         <input_file_ref idref="fl-b"/>
      </object_component>
      <object_component id="oc-16d">
         <name>.text</name>
         <load_address>0x1016d7</load_address>
         <run_address>0x1016d7</run_address>
         <size>0x1e</size>
         <input_file_ref idref="fl-2a"/>
      </object_component>
      <object_component id="oc-126">
         <name>.text</name>
         <load_address>0x1016f5</load_address>
         <run_address>0x1016f5</run_address>
         <size>0x1a</size>
         <input_file_ref idref="fl-26"/>
      </object_component>
      <object_component id="oc-162">
         <name>.text</name>
         <load_address>0x10170f</load_address>
         <run_address>0x10170f</run_address>
         <size>0x19</size>
         <input_file_ref idref="fl-2f"/>
      </object_component>
      <object_component id="oc-172">
         <name>.text</name>
         <load_address>0x101728</load_address>
         <run_address>0x101728</run_address>
         <size>0x13</size>
         <input_file_ref idref="fl-13"/>
      </object_component>
      <object_component id="oc-175">
         <name>.text</name>
         <load_address>0x10173b</load_address>
         <run_address>0x10173b</run_address>
         <size>0x9</size>
         <input_file_ref idref="fl-2e"/>
      </object_component>
      <object_component id="oc-15f">
         <name>.text</name>
         <load_address>0x101744</load_address>
         <run_address>0x101744</run_address>
         <size>0x2</size>
         <input_file_ref idref="fl-2b"/>
      </object_component>
      <object_component id="oc-161">
         <name>.text</name>
         <load_address>0x101746</load_address>
         <run_address>0x101746</run_address>
         <size>0x1</size>
         <input_file_ref idref="fl-2d"/>
      </object_component>
      <object_component id="oc-10c">
         <name>.cinit</name>
         <load_address>0x101848</load_address>
         <run_address>0x101848</run_address>
         <size>0x57</size>
         <input_file_ref idref="fl-16"/>
      </object_component>
      <object_component id="oc-115">
         <name>.cinit</name>
         <load_address>0x10189f</load_address>
         <run_address>0x10189f</run_address>
         <size>0x40</size>
         <input_file_ref idref="fl-17"/>
      </object_component>
      <object_component id="oc-62">
         <name>.cinit</name>
         <load_address>0x1018df</load_address>
         <run_address>0x1018df</run_address>
         <size>0x31</size>
         <input_file_ref idref="fl-2"/>
      </object_component>
      <object_component id="oc-12c">
         <name>.cinit</name>
         <load_address>0x101910</load_address>
         <run_address>0x101910</run_address>
         <size>0xe</size>
         <input_file_ref idref="fl-27"/>
      </object_component>
      <object_component id="oc-16b">
         <name>.cinit:__lock</name>
         <load_address>0x10191e</load_address>
         <run_address>0x10191e</run_address>
         <size>0x5</size>
         <input_file_ref idref="fl-2e"/>
      </object_component>
      <object_component id="oc-176">
         <name>.cinit:__unlock</name>
         <load_address>0x101923</load_address>
         <run_address>0x101923</run_address>
         <size>0x5</size>
         <input_file_ref idref="fl-2e"/>
      </object_component>
      <object_component id="oc-105">
         <name>.cinit</name>
         <load_address>0x101928</load_address>
         <run_address>0x101928</run_address>
         <size>0x4</size>
         <input_file_ref idref="fl-15"/>
      </object_component>
      <object_component id="oc-10e">
         <name>ramfuncs:retain</name>
         <load_address>0x100000</load_address>
         <run_address>0x9000</run_address>
         <size>0x53f</size>
         <input_file_ref idref="fl-16"/>
      </object_component>
      <object_component id="oc-171">
         <name>ramfuncs</name>
         <load_address>0x10053f</load_address>
         <run_address>0x953f</run_address>
         <size>0x66</size>
         <input_file_ref idref="fl-c"/>
      </object_component>
      <object_component id="oc-dc">
         <name>ramfuncs</name>
         <load_address>0x1005a5</load_address>
         <run_address>0x95a5</run_address>
         <size>0x4</size>
         <input_file_ref idref="fl-d"/>
      </object_component>
      <object_component id="oc-179">
         <name>.econst:_PieVectTableInit</name>
         <load_address>0x101748</load_address>
         <run_address>0x101748</run_address>
         <size>0x100</size>
         <input_file_ref idref="fl-b"/>
      </object_component>
      <object_component id="oc-11b">
         <name>.stack</name>
         <uninitialized>true</uninitialized>
         <run_address>0x8000</run_address>
         <size>0x0</size>
         <input_file_ref idref="fl-24"/>
      </object_component>
      <object_component id="oc-1e4">
         <name>.stack</name>
         <uninitialized>true</uninitialized>
         <run_address>0x8000</run_address>
         <size>0x0</size>
      </object_component>
      <object_component id="oc-63">
         <name>.ebss</name>
         <uninitialized>true</uninitialized>
         <run_address>0x0</run_address>
         <size>0xd6</size>
         <input_file_ref idref="fl-2"/>
      </object_component>
      <object_component id="oc-75">
         <name>.ebss</name>
         <uninitialized>true</uninitialized>
         <run_address>0x1c0</run_address>
         <size>0x18</size>
         <input_file_ref idref="fl-5"/>
      </object_component>
      <object_component id="oc-106">
         <name>.ebss</name>
         <uninitialized>true</uninitialized>
         <run_address>0xf8</run_address>
         <size>0x6</size>
         <input_file_ref idref="fl-15"/>
      </object_component>
      <object_component id="oc-10d">
         <name>.ebss</name>
         <uninitialized>true</uninitialized>
         <run_address>0xd6</run_address>
         <size>0x22</size>
         <input_file_ref idref="fl-16"/>
      </object_component>
      <object_component id="oc-116">
         <name>.ebss</name>
         <uninitialized>true</uninitialized>
         <run_address>0x100</run_address>
         <size>0xbe</size>
         <input_file_ref idref="fl-17"/>
      </object_component>
      <object_component id="oc-12d">
         <name>.ebss</name>
         <uninitialized>true</uninitialized>
         <run_address>0x1d8</run_address>
         <size>0x6</size>
         <input_file_ref idref="fl-27"/>
      </object_component>
      <object_component id="oc-17a">
         <name>.ebss:__unlock</name>
         <uninitialized>true</uninitialized>
         <run_address>0x1be</run_address>
         <size>0x2</size>
         <input_file_ref idref="fl-2e"/>
      </object_component>
      <object_component id="oc-16a">
         <name>.ebss:__lock</name>
         <uninitialized>true</uninitialized>
         <run_address>0xfe</run_address>
         <size>0x2</size>
         <input_file_ref idref="fl-2e"/>
      </object_component>
      <object_component id="oc-65">
         <name>.c28_to_m3_shared</name>
         <uninitialized>true</uninitialized>
         <run_address>0x1280c</run_address>
         <size>0x1c</size>
         <input_file_ref idref="fl-2"/>
      </object_component>
      <object_component id="oc-64">
         <name>.m3_to_c28_shared</name>
         <uninitialized>true</uninitialized>
         <run_address>0x3fc1e</run_address>
         <size>0x3</size>
         <input_file_ref idref="fl-2"/>
      </object_component>
      <object_component id="oc-6f">
         <name>codestart</name>
         <load_address>0x13fff0</load_address>
         <run_address>0x13fff0</run_address>
         <size>0x2</size>
         <input_file_ref idref="fl-4"/>
      </object_component>
      <object_component id="oc-61">
         <name>.debug_info</name>
         <load_address>0x0</load_address>
         <run_address>0x0</run_address>
         <size>0x3b9e</size>
         <input_file_ref idref="fl-2"/>
      </object_component>
      <object_component id="oc-6a">
         <name>.debug_info</name>
         <load_address>0x3b9e</load_address>
         <run_address>0x3b9e</run_address>
         <size>0x2963</size>
         <input_file_ref idref="fl-3"/>
      </object_component>
      <object_component id="oc-70">
         <name>.debug_info</name>
         <load_address>0x6501</load_address>
         <run_address>0x6501</run_address>
         <size>0x12b</size>
         <input_file_ref idref="fl-4"/>
      </object_component>
      <object_component id="oc-74">
         <name>.debug_info</name>
         <load_address>0x662c</load_address>
         <run_address>0x662c</run_address>
         <size>0xa02</size>
         <input_file_ref idref="fl-5"/>
      </object_component>
      <object_component id="oc-7a">
         <name>.debug_info</name>
         <load_address>0x702e</load_address>
         <run_address>0x702e</run_address>
         <size>0x4138</size>
         <input_file_ref idref="fl-6"/>
      </object_component>
      <object_component id="oc-80">
         <name>.debug_info</name>
         <load_address>0xb166</load_address>
         <run_address>0xb166</run_address>
         <size>0x18de</size>
         <input_file_ref idref="fl-7"/>
      </object_component>
      <object_component id="oc-85">
         <name>.debug_info</name>
         <load_address>0xca44</load_address>
         <run_address>0xca44</run_address>
         <size>0x19dfc</size>
         <input_file_ref idref="fl-8"/>
      </object_component>
      <object_component id="oc-c8">
         <name>.debug_info</name>
         <load_address>0x26840</load_address>
         <run_address>0x26840</run_address>
         <size>0x2427</size>
         <input_file_ref idref="fl-9"/>
      </object_component>
      <object_component id="oc-cd">
         <name>.debug_info</name>
         <load_address>0x28c67</load_address>
         <run_address>0x28c67</run_address>
         <size>0xbb0</size>
         <input_file_ref idref="fl-a"/>
      </object_component>
      <object_component id="oc-d2">
         <name>.debug_info</name>
         <load_address>0x29817</load_address>
         <run_address>0x29817</run_address>
         <size>0x2456</size>
         <input_file_ref idref="fl-b"/>
      </object_component>
      <object_component id="oc-d7">
         <name>.debug_info</name>
         <load_address>0x2bc6d</load_address>
         <run_address>0x2bc6d</run_address>
         <size>0x5c3e</size>
         <input_file_ref idref="fl-c"/>
      </object_component>
      <object_component id="oc-dd">
         <name>.debug_info</name>
         <load_address>0x318ab</load_address>
         <run_address>0x318ab</run_address>
         <size>0x126</size>
         <input_file_ref idref="fl-d"/>
      </object_component>
      <object_component id="oc-e1">
         <name>.debug_info</name>
         <load_address>0x319d1</load_address>
         <run_address>0x319d1</run_address>
         <size>0x2be8</size>
         <input_file_ref idref="fl-e"/>
      </object_component>
      <object_component id="oc-e6">
         <name>.debug_info</name>
         <load_address>0x345b9</load_address>
         <run_address>0x345b9</run_address>
         <size>0xab0</size>
         <input_file_ref idref="fl-f"/>
      </object_component>
      <object_component id="oc-eb">
         <name>.debug_info</name>
         <load_address>0x35069</load_address>
         <run_address>0x35069</run_address>
         <size>0x50d2</size>
         <input_file_ref idref="fl-10"/>
      </object_component>
      <object_component id="oc-f0">
         <name>.debug_info</name>
         <load_address>0x3a13b</load_address>
         <run_address>0x3a13b</run_address>
         <size>0x1339</size>
         <input_file_ref idref="fl-11"/>
      </object_component>
      <object_component id="oc-f5">
         <name>.debug_info</name>
         <load_address>0x3b474</load_address>
         <run_address>0x3b474</run_address>
         <size>0x389d</size>
         <input_file_ref idref="fl-12"/>
      </object_component>
      <object_component id="oc-fa">
         <name>.debug_info</name>
         <load_address>0x3ed11</load_address>
         <run_address>0x3ed11</run_address>
         <size>0x17f4</size>
         <input_file_ref idref="fl-13"/>
      </object_component>
      <object_component id="oc-ff">
         <name>.debug_info</name>
         <load_address>0x40505</load_address>
         <run_address>0x40505</run_address>
         <size>0x1763</size>
         <input_file_ref idref="fl-14"/>
      </object_component>
      <object_component id="oc-104">
         <name>.debug_info</name>
         <load_address>0x41c68</load_address>
         <run_address>0x41c68</run_address>
         <size>0x1866</size>
         <input_file_ref idref="fl-15"/>
      </object_component>
      <object_component id="oc-10b">
         <name>.debug_info</name>
         <load_address>0x434ce</load_address>
         <run_address>0x434ce</run_address>
         <size>0x6d6a</size>
         <input_file_ref idref="fl-16"/>
      </object_component>
      <object_component id="oc-114">
         <name>.debug_info</name>
         <load_address>0x4a238</load_address>
         <run_address>0x4a238</run_address>
         <size>0x1c7d</size>
         <input_file_ref idref="fl-17"/>
      </object_component>
      <object_component id="oc-11d">
         <name>.debug_info</name>
         <load_address>0x4beb5</load_address>
         <run_address>0x4beb5</run_address>
         <size>0x16c</size>
         <input_file_ref idref="fl-24"/>
      </object_component>
      <object_component id="oc-121">
         <name>.debug_info</name>
         <load_address>0x4c021</load_address>
         <run_address>0x4c021</run_address>
         <size>0x628</size>
         <input_file_ref idref="fl-25"/>
      </object_component>
      <object_component id="oc-127">
         <name>.debug_info</name>
         <load_address>0x4c649</load_address>
         <run_address>0x4c649</run_address>
         <size>0x113</size>
         <input_file_ref idref="fl-26"/>
      </object_component>
      <object_component id="oc-12b">
         <name>.debug_info</name>
         <load_address>0x4c75c</load_address>
         <run_address>0x4c75c</run_address>
         <size>0x5ac</size>
         <input_file_ref idref="fl-27"/>
      </object_component>
      <object_component id="oc-133">
         <name>.debug_info</name>
         <load_address>0x4cd08</load_address>
         <run_address>0x4cd08</run_address>
         <size>0x10d</size>
         <input_file_ref idref="fl-28"/>
      </object_component>
      <object_component id="oc-138">
         <name>.debug_info</name>
         <load_address>0x4ce15</load_address>
         <run_address>0x4ce15</run_address>
         <size>0x13a</size>
         <input_file_ref idref="fl-29"/>
      </object_component>
      <object_component id="oc-13c">
         <name>.debug_info</name>
         <load_address>0x4cf4f</load_address>
         <run_address>0x4cf4f</run_address>
         <size>0x470</size>
         <input_file_ref idref="fl-2a"/>
      </object_component>
      <object_component id="oc-141">
         <name>.debug_info</name>
         <load_address>0x4d3bf</load_address>
         <run_address>0x4d3bf</run_address>
         <size>0x3e3</size>
         <input_file_ref idref="fl-2b"/>
      </object_component>
      <object_component id="oc-146">
         <name>.debug_info</name>
         <load_address>0x4d7a2</load_address>
         <run_address>0x4d7a2</run_address>
         <size>0x435</size>
         <input_file_ref idref="fl-2c"/>
      </object_component>
      <object_component id="oc-14b">
         <name>.debug_info</name>
         <load_address>0x4dbd7</load_address>
         <run_address>0x4dbd7</run_address>
         <size>0x3e0</size>
         <input_file_ref idref="fl-2d"/>
      </object_component>
      <object_component id="oc-150">
         <name>.debug_info</name>
         <load_address>0x4dfb7</load_address>
         <run_address>0x4dfb7</run_address>
         <size>0x502</size>
         <input_file_ref idref="fl-2e"/>
      </object_component>
      <object_component id="oc-155">
         <name>.debug_info</name>
         <load_address>0x4e4b9</load_address>
         <run_address>0x4e4b9</run_address>
         <size>0x4cf</size>
         <input_file_ref idref="fl-2f"/>
      </object_component>
      <object_component id="oc-15b">
         <name>.debug_info</name>
         <load_address>0x4e988</load_address>
         <run_address>0x4e988</run_address>
         <size>0xb0</size>
         <input_file_ref idref="fl-30"/>
      </object_component>
      <object_component id="oc-1e5">
         <name>.debug_info</name>
         <load_address>0x4ea38</load_address>
         <run_address>0x4ea38</run_address>
         <size>0xc5</size>
      </object_component>
      <object_component id="oc-66">
         <name>.debug_frame</name>
         <load_address>0x0</load_address>
         <run_address>0x0</run_address>
         <size>0xcf</size>
         <input_file_ref idref="fl-2"/>
      </object_component>
      <object_component id="oc-6b">
         <name>.debug_frame</name>
         <load_address>0xcf</load_address>
         <run_address>0xcf</run_address>
         <size>0x8c</size>
         <input_file_ref idref="fl-3"/>
      </object_component>
      <object_component id="oc-76">
         <name>.debug_frame</name>
         <load_address>0x15b</load_address>
         <run_address>0x15b</run_address>
         <size>0xbd</size>
         <input_file_ref idref="fl-5"/>
      </object_component>
      <object_component id="oc-7c">
         <name>.debug_frame</name>
         <load_address>0x218</load_address>
         <run_address>0x218</run_address>
         <size>0xd06</size>
         <input_file_ref idref="fl-6"/>
      </object_component>
      <object_component id="oc-81">
         <name>.debug_frame</name>
         <load_address>0xf1e</load_address>
         <run_address>0xf1e</run_address>
         <size>0x8c</size>
         <input_file_ref idref="fl-7"/>
      </object_component>
      <object_component id="oc-c9">
         <name>.debug_frame</name>
         <load_address>0xfaa</load_address>
         <run_address>0xfaa</run_address>
         <size>0xa1</size>
         <input_file_ref idref="fl-9"/>
      </object_component>
      <object_component id="oc-ce">
         <name>.debug_frame</name>
         <load_address>0x104b</load_address>
         <run_address>0x104b</run_address>
         <size>0xb6</size>
         <input_file_ref idref="fl-a"/>
      </object_component>
      <object_component id="oc-d3">
         <name>.debug_frame</name>
         <load_address>0x1101</load_address>
         <run_address>0x1101</run_address>
         <size>0xa7</size>
         <input_file_ref idref="fl-b"/>
      </object_component>
      <object_component id="oc-d8">
         <name>.debug_frame</name>
         <load_address>0x11a8</load_address>
         <run_address>0x11a8</run_address>
         <size>0x195</size>
         <input_file_ref idref="fl-c"/>
      </object_component>
      <object_component id="oc-e2">
         <name>.debug_frame</name>
         <load_address>0x133d</load_address>
         <run_address>0x133d</run_address>
         <size>0xee</size>
         <input_file_ref idref="fl-e"/>
      </object_component>
      <object_component id="oc-e7">
         <name>.debug_frame</name>
         <load_address>0x142b</load_address>
         <run_address>0x142b</run_address>
         <size>0x8c</size>
         <input_file_ref idref="fl-f"/>
      </object_component>
      <object_component id="oc-ec">
         <name>.debug_frame</name>
         <load_address>0x14b7</load_address>
         <run_address>0x14b7</run_address>
         <size>0x16a</size>
         <input_file_ref idref="fl-10"/>
      </object_component>
      <object_component id="oc-f1">
         <name>.debug_frame</name>
         <load_address>0x1621</load_address>
         <run_address>0x1621</run_address>
         <size>0xbe</size>
         <input_file_ref idref="fl-11"/>
      </object_component>
      <object_component id="oc-f6">
         <name>.debug_frame</name>
         <load_address>0x16df</load_address>
         <run_address>0x16df</run_address>
         <size>0x1f0</size>
         <input_file_ref idref="fl-12"/>
      </object_component>
      <object_component id="oc-fb">
         <name>.debug_frame</name>
         <load_address>0x18cf</load_address>
         <run_address>0x18cf</run_address>
         <size>0xdd</size>
         <input_file_ref idref="fl-13"/>
      </object_component>
      <object_component id="oc-100">
         <name>.debug_frame</name>
         <load_address>0x19ac</load_address>
         <run_address>0x19ac</run_address>
         <size>0xa8</size>
         <input_file_ref idref="fl-14"/>
      </object_component>
      <object_component id="oc-107">
         <name>.debug_frame</name>
         <load_address>0x1a54</load_address>
         <run_address>0x1a54</run_address>
         <size>0xa8</size>
         <input_file_ref idref="fl-15"/>
      </object_component>
      <object_component id="oc-110">
         <name>.debug_frame</name>
         <load_address>0x1afc</load_address>
         <run_address>0x1afc</run_address>
         <size>0x13a</size>
         <input_file_ref idref="fl-16"/>
      </object_component>
      <object_component id="oc-117">
         <name>.debug_frame</name>
         <load_address>0x1c36</load_address>
         <run_address>0x1c36</run_address>
         <size>0xdf</size>
         <input_file_ref idref="fl-17"/>
      </object_component>
      <object_component id="oc-122">
         <name>.debug_frame</name>
         <load_address>0x1d15</load_address>
         <run_address>0x1d15</run_address>
         <size>0xba</size>
         <input_file_ref idref="fl-25"/>
      </object_component>
      <object_component id="oc-12e">
         <name>.debug_frame</name>
         <load_address>0x1dcf</load_address>
         <run_address>0x1dcf</run_address>
         <size>0xbf</size>
         <input_file_ref idref="fl-27"/>
      </object_component>
      <object_component id="oc-13d">
         <name>.debug_frame</name>
         <load_address>0x1e8e</load_address>
         <run_address>0x1e8e</run_address>
         <size>0xa1</size>
         <input_file_ref idref="fl-2a"/>
      </object_component>
      <object_component id="oc-142">
         <name>.debug_frame</name>
         <load_address>0x1f2f</load_address>
         <run_address>0x1f2f</run_address>
         <size>0xa1</size>
         <input_file_ref idref="fl-2b"/>
      </object_component>
      <object_component id="oc-147">
         <name>.debug_frame</name>
         <load_address>0x1fd0</load_address>
         <run_address>0x1fd0</run_address>
         <size>0xa8</size>
         <input_file_ref idref="fl-2c"/>
      </object_component>
      <object_component id="oc-14c">
         <name>.debug_frame</name>
         <load_address>0x2078</load_address>
         <run_address>0x2078</run_address>
         <size>0xa1</size>
         <input_file_ref idref="fl-2d"/>
      </object_component>
      <object_component id="oc-151">
         <name>.debug_frame</name>
         <load_address>0x2119</load_address>
         <run_address>0x2119</run_address>
         <size>0xcb</size>
         <input_file_ref idref="fl-2e"/>
      </object_component>
      <object_component id="oc-156">
         <name>.debug_frame</name>
         <load_address>0x21e4</load_address>
         <run_address>0x21e4</run_address>
         <size>0xa1</size>
         <input_file_ref idref="fl-2f"/>
      </object_component>
      <object_component id="oc-67">
         <name>.debug_line</name>
         <load_address>0x0</load_address>
         <run_address>0x0</run_address>
         <size>0xbd</size>
         <input_file_ref idref="fl-2"/>
      </object_component>
      <object_component id="oc-6c">
         <name>.debug_line</name>
         <load_address>0xbd</load_address>
         <run_address>0xbd</run_address>
         <size>0x3f</size>
         <input_file_ref idref="fl-3"/>
      </object_component>
      <object_component id="oc-71">
         <name>.debug_line</name>
         <load_address>0xfc</load_address>
         <run_address>0xfc</run_address>
         <size>0x5b</size>
         <input_file_ref idref="fl-4"/>
      </object_component>
      <object_component id="oc-77">
         <name>.debug_line</name>
         <load_address>0x157</load_address>
         <run_address>0x157</run_address>
         <size>0x95</size>
         <input_file_ref idref="fl-5"/>
      </object_component>
      <object_component id="oc-7d">
         <name>.debug_line</name>
         <load_address>0x1ec</load_address>
         <run_address>0x1ec</run_address>
         <size>0x805</size>
         <input_file_ref idref="fl-6"/>
      </object_component>
      <object_component id="oc-82">
         <name>.debug_line</name>
         <load_address>0x9f1</load_address>
         <run_address>0x9f1</run_address>
         <size>0x40</size>
         <input_file_ref idref="fl-7"/>
      </object_component>
      <object_component id="oc-ca">
         <name>.debug_line</name>
         <load_address>0xa31</load_address>
         <run_address>0xa31</run_address>
         <size>0x6a</size>
         <input_file_ref idref="fl-9"/>
      </object_component>
      <object_component id="oc-cf">
         <name>.debug_line</name>
         <load_address>0xa9b</load_address>
         <run_address>0xa9b</run_address>
         <size>0x90</size>
         <input_file_ref idref="fl-a"/>
      </object_component>
      <object_component id="oc-d4">
         <name>.debug_line</name>
         <load_address>0xb2b</load_address>
         <run_address>0xb2b</run_address>
         <size>0x75</size>
         <input_file_ref idref="fl-b"/>
      </object_component>
      <object_component id="oc-d9">
         <name>.debug_line</name>
         <load_address>0xba0</load_address>
         <run_address>0xba0</run_address>
         <size>0x1da</size>
         <input_file_ref idref="fl-c"/>
      </object_component>
      <object_component id="oc-de">
         <name>.debug_line</name>
         <load_address>0xd7a</load_address>
         <run_address>0xd7a</run_address>
         <size>0x55</size>
         <input_file_ref idref="fl-d"/>
      </object_component>
      <object_component id="oc-e3">
         <name>.debug_line</name>
         <load_address>0xdcf</load_address>
         <run_address>0xdcf</run_address>
         <size>0x11c</size>
         <input_file_ref idref="fl-e"/>
      </object_component>
      <object_component id="oc-e8">
         <name>.debug_line</name>
         <load_address>0xeeb</load_address>
         <run_address>0xeeb</run_address>
         <size>0x32</size>
         <input_file_ref idref="fl-f"/>
      </object_component>
      <object_component id="oc-ed">
         <name>.debug_line</name>
         <load_address>0xf1d</load_address>
         <run_address>0xf1d</run_address>
         <size>0x1f4</size>
         <input_file_ref idref="fl-10"/>
      </object_component>
      <object_component id="oc-f2">
         <name>.debug_line</name>
         <load_address>0x1111</load_address>
         <run_address>0x1111</run_address>
         <size>0xd5</size>
         <input_file_ref idref="fl-11"/>
      </object_component>
      <object_component id="oc-f7">
         <name>.debug_line</name>
         <load_address>0x11e6</load_address>
         <run_address>0x11e6</run_address>
         <size>0x1af</size>
         <input_file_ref idref="fl-12"/>
      </object_component>
      <object_component id="oc-fc">
         <name>.debug_line</name>
         <load_address>0x1395</load_address>
         <run_address>0x1395</run_address>
         <size>0x6e</size>
         <input_file_ref idref="fl-13"/>
      </object_component>
      <object_component id="oc-101">
         <name>.debug_line</name>
         <load_address>0x1403</load_address>
         <run_address>0x1403</run_address>
         <size>0x8c</size>
         <input_file_ref idref="fl-14"/>
      </object_component>
      <object_component id="oc-108">
         <name>.debug_line</name>
         <load_address>0x148f</load_address>
         <run_address>0x148f</run_address>
         <size>0xc8</size>
         <input_file_ref idref="fl-15"/>
      </object_component>
      <object_component id="oc-111">
         <name>.debug_line</name>
         <load_address>0x1557</load_address>
         <run_address>0x1557</run_address>
         <size>0x1e0</size>
         <input_file_ref idref="fl-16"/>
      </object_component>
      <object_component id="oc-118">
         <name>.debug_line</name>
         <load_address>0x1737</load_address>
         <run_address>0x1737</run_address>
         <size>0xf4</size>
         <input_file_ref idref="fl-17"/>
      </object_component>
      <object_component id="oc-11e">
         <name>.debug_line</name>
         <load_address>0x182b</load_address>
         <run_address>0x182b</run_address>
         <size>0x7e</size>
         <input_file_ref idref="fl-24"/>
      </object_component>
      <object_component id="oc-123">
         <name>.debug_line</name>
         <load_address>0x18a9</load_address>
         <run_address>0x18a9</run_address>
         <size>0x6a</size>
         <input_file_ref idref="fl-25"/>
      </object_component>
      <object_component id="oc-128">
         <name>.debug_line</name>
         <load_address>0x1913</load_address>
         <run_address>0x1913</run_address>
         <size>0x50</size>
         <input_file_ref idref="fl-26"/>
      </object_component>
      <object_component id="oc-12f">
         <name>.debug_line</name>
         <load_address>0x1963</load_address>
         <run_address>0x1963</run_address>
         <size>0x65</size>
         <input_file_ref idref="fl-27"/>
      </object_component>
      <object_component id="oc-134">
         <name>.debug_line</name>
         <load_address>0x19c8</load_address>
         <run_address>0x19c8</run_address>
         <size>0xad</size>
         <input_file_ref idref="fl-28"/>
      </object_component>
      <object_component id="oc-139">
         <name>.debug_line</name>
         <load_address>0x1a75</load_address>
         <run_address>0x1a75</run_address>
         <size>0x69</size>
         <input_file_ref idref="fl-29"/>
      </object_component>
      <object_component id="oc-13e">
         <name>.debug_line</name>
         <load_address>0x1ade</load_address>
         <run_address>0x1ade</run_address>
         <size>0x62</size>
         <input_file_ref idref="fl-2a"/>
      </object_component>
      <object_component id="oc-143">
         <name>.debug_line</name>
         <load_address>0x1b40</load_address>
         <run_address>0x1b40</run_address>
         <size>0x3e</size>
         <input_file_ref idref="fl-2b"/>
      </object_component>
      <object_component id="oc-148">
         <name>.debug_line</name>
         <load_address>0x1b7e</load_address>
         <run_address>0x1b7e</run_address>
         <size>0x63</size>
         <input_file_ref idref="fl-2c"/>
      </object_component>
      <object_component id="oc-14d">
         <name>.debug_line</name>
         <load_address>0x1be1</load_address>
         <run_address>0x1be1</run_address>
         <size>0x3a</size>
         <input_file_ref idref="fl-2d"/>
      </object_component>
      <object_component id="oc-152">
         <name>.debug_line</name>
         <load_address>0x1c1b</load_address>
         <run_address>0x1c1b</run_address>
         <size>0x5e</size>
         <input_file_ref idref="fl-2e"/>
      </object_component>
      <object_component id="oc-157">
         <name>.debug_line</name>
         <load_address>0x1c79</load_address>
         <run_address>0x1c79</run_address>
         <size>0x55</size>
         <input_file_ref idref="fl-2f"/>
      </object_component>
      <object_component id="oc-15c">
         <name>.debug_line</name>
         <load_address>0x1cce</load_address>
         <run_address>0x1cce</run_address>
         <size>0x72</size>
         <input_file_ref idref="fl-30"/>
      </object_component>
      <object_component id="oc-68">
         <name>.debug_abbrev</name>
         <load_address>0x0</load_address>
         <run_address>0x0</run_address>
         <size>0x1b0</size>
         <input_file_ref idref="fl-2"/>
      </object_component>
      <object_component id="oc-6d">
         <name>.debug_abbrev</name>
         <load_address>0x1b0</load_address>
         <run_address>0x1b0</run_address>
         <size>0x196</size>
         <input_file_ref idref="fl-3"/>
      </object_component>
      <object_component id="oc-72">
         <name>.debug_abbrev</name>
         <load_address>0x346</load_address>
         <run_address>0x346</run_address>
         <size>0x21</size>
         <input_file_ref idref="fl-4"/>
      </object_component>
      <object_component id="oc-78">
         <name>.debug_abbrev</name>
         <load_address>0x367</load_address>
         <run_address>0x367</run_address>
         <size>0xfd</size>
         <input_file_ref idref="fl-5"/>
      </object_component>
      <object_component id="oc-7e">
         <name>.debug_abbrev</name>
         <load_address>0x464</load_address>
         <run_address>0x464</run_address>
         <size>0x157</size>
         <input_file_ref idref="fl-6"/>
      </object_component>
      <object_component id="oc-83">
         <name>.debug_abbrev</name>
         <load_address>0x5bb</load_address>
         <run_address>0x5bb</run_address>
         <size>0x111</size>
         <input_file_ref idref="fl-7"/>
      </object_component>
      <object_component id="oc-c7">
         <name>.debug_abbrev</name>
         <load_address>0x6cc</load_address>
         <run_address>0x6cc</run_address>
         <size>0xc4</size>
         <input_file_ref idref="fl-8"/>
      </object_component>
      <object_component id="oc-cb">
         <name>.debug_abbrev</name>
         <load_address>0x790</load_address>
         <run_address>0x790</run_address>
         <size>0xdc</size>
         <input_file_ref idref="fl-9"/>
      </object_component>
      <object_component id="oc-d0">
         <name>.debug_abbrev</name>
         <load_address>0x86c</load_address>
         <run_address>0x86c</run_address>
         <size>0xc8</size>
         <input_file_ref idref="fl-a"/>
      </object_component>
      <object_component id="oc-d5">
         <name>.debug_abbrev</name>
         <load_address>0x934</load_address>
         <run_address>0x934</run_address>
         <size>0x116</size>
         <input_file_ref idref="fl-b"/>
      </object_component>
      <object_component id="oc-da">
         <name>.debug_abbrev</name>
         <load_address>0xa4a</load_address>
         <run_address>0xa4a</run_address>
         <size>0x1a4</size>
         <input_file_ref idref="fl-c"/>
      </object_component>
      <object_component id="oc-df">
         <name>.debug_abbrev</name>
         <load_address>0xbee</load_address>
         <run_address>0xbee</run_address>
         <size>0x2f</size>
         <input_file_ref idref="fl-d"/>
      </object_component>
      <object_component id="oc-e4">
         <name>.debug_abbrev</name>
         <load_address>0xc1d</load_address>
         <run_address>0xc1d</run_address>
         <size>0xea</size>
         <input_file_ref idref="fl-e"/>
      </object_component>
      <object_component id="oc-e9">
         <name>.debug_abbrev</name>
         <load_address>0xd07</load_address>
         <run_address>0xd07</run_address>
         <size>0xea</size>
         <input_file_ref idref="fl-f"/>
      </object_component>
      <object_component id="oc-ee">
         <name>.debug_abbrev</name>
         <load_address>0xdf1</load_address>
         <run_address>0xdf1</run_address>
         <size>0x146</size>
         <input_file_ref idref="fl-10"/>
      </object_component>
      <object_component id="oc-f3">
         <name>.debug_abbrev</name>
         <load_address>0xf37</load_address>
         <run_address>0xf37</run_address>
         <size>0x124</size>
         <input_file_ref idref="fl-11"/>
      </object_component>
      <object_component id="oc-f8">
         <name>.debug_abbrev</name>
         <load_address>0x105b</load_address>
         <run_address>0x105b</run_address>
         <size>0x17d</size>
         <input_file_ref idref="fl-12"/>
      </object_component>
      <object_component id="oc-fd">
         <name>.debug_abbrev</name>
         <load_address>0x11d8</load_address>
         <run_address>0x11d8</run_address>
         <size>0xdd</size>
         <input_file_ref idref="fl-13"/>
      </object_component>
      <object_component id="oc-102">
         <name>.debug_abbrev</name>
         <load_address>0x12b5</load_address>
         <run_address>0x12b5</run_address>
         <size>0x102</size>
         <input_file_ref idref="fl-14"/>
      </object_component>
      <object_component id="oc-109">
         <name>.debug_abbrev</name>
         <load_address>0x13b7</load_address>
         <run_address>0x13b7</run_address>
         <size>0x111</size>
         <input_file_ref idref="fl-15"/>
      </object_component>
      <object_component id="oc-112">
         <name>.debug_abbrev</name>
         <load_address>0x14c8</load_address>
         <run_address>0x14c8</run_address>
         <size>0x18e</size>
         <input_file_ref idref="fl-16"/>
      </object_component>
      <object_component id="oc-119">
         <name>.debug_abbrev</name>
         <load_address>0x1656</load_address>
         <run_address>0x1656</run_address>
         <size>0x137</size>
         <input_file_ref idref="fl-17"/>
      </object_component>
      <object_component id="oc-11f">
         <name>.debug_abbrev</name>
         <load_address>0x178d</load_address>
         <run_address>0x178d</run_address>
         <size>0x46</size>
         <input_file_ref idref="fl-24"/>
      </object_component>
      <object_component id="oc-124">
         <name>.debug_abbrev</name>
         <load_address>0x17d3</load_address>
         <run_address>0x17d3</run_address>
         <size>0xfa</size>
         <input_file_ref idref="fl-25"/>
      </object_component>
      <object_component id="oc-129">
         <name>.debug_abbrev</name>
         <load_address>0x18cd</load_address>
         <run_address>0x18cd</run_address>
         <size>0x32</size>
         <input_file_ref idref="fl-26"/>
      </object_component>
      <object_component id="oc-130">
         <name>.debug_abbrev</name>
         <load_address>0x18ff</load_address>
         <run_address>0x18ff</run_address>
         <size>0x142</size>
         <input_file_ref idref="fl-27"/>
      </object_component>
      <object_component id="oc-135">
         <name>.debug_abbrev</name>
         <load_address>0x1a41</load_address>
         <run_address>0x1a41</run_address>
         <size>0x38</size>
         <input_file_ref idref="fl-28"/>
      </object_component>
      <object_component id="oc-13a">
         <name>.debug_abbrev</name>
         <load_address>0x1a79</load_address>
         <run_address>0x1a79</run_address>
         <size>0x38</size>
         <input_file_ref idref="fl-29"/>
      </object_component>
      <object_component id="oc-13f">
         <name>.debug_abbrev</name>
         <load_address>0x1ab1</load_address>
         <run_address>0x1ab1</run_address>
         <size>0xa8</size>
         <input_file_ref idref="fl-2a"/>
      </object_component>
      <object_component id="oc-144">
         <name>.debug_abbrev</name>
         <load_address>0x1b59</load_address>
         <run_address>0x1b59</run_address>
         <size>0x68</size>
         <input_file_ref idref="fl-2b"/>
      </object_component>
      <object_component id="oc-149">
         <name>.debug_abbrev</name>
         <load_address>0x1bc1</load_address>
         <run_address>0x1bc1</run_address>
         <size>0x9d</size>
         <input_file_ref idref="fl-2c"/>
      </object_component>
      <object_component id="oc-14e">
         <name>.debug_abbrev</name>
         <load_address>0x1c5e</load_address>
         <run_address>0x1c5e</run_address>
         <size>0x66</size>
         <input_file_ref idref="fl-2d"/>
      </object_component>
      <object_component id="oc-153">
         <name>.debug_abbrev</name>
         <load_address>0x1cc4</load_address>
         <run_address>0x1cc4</run_address>
         <size>0xb2</size>
         <input_file_ref idref="fl-2e"/>
      </object_component>
      <object_component id="oc-158">
         <name>.debug_abbrev</name>
         <load_address>0x1d76</load_address>
         <run_address>0x1d76</run_address>
         <size>0xfe</size>
         <input_file_ref idref="fl-2f"/>
      </object_component>
      <object_component id="oc-15d">
         <name>.debug_abbrev</name>
         <load_address>0x1e74</load_address>
         <run_address>0x1e74</run_address>
         <size>0x2a</size>
         <input_file_ref idref="fl-30"/>
      </object_component>
      <object_component id="oc-1e6">
         <name>.debug_abbrev</name>
         <load_address>0x1e9e</load_address>
         <run_address>0x1e9e</run_address>
         <size>0xf</size>
      </object_component>
      <object_component id="oc-69">
         <name>.debug_aranges</name>
         <load_address>0x0</load_address>
         <run_address>0x0</run_address>
         <size>0x30</size>
         <input_file_ref idref="fl-2"/>
      </object_component>
      <object_component id="oc-6e">
         <name>.debug_aranges</name>
         <load_address>0x30</load_address>
         <run_address>0x30</run_address>
         <size>0x18</size>
         <input_file_ref idref="fl-3"/>
      </object_component>
      <object_component id="oc-73">
         <name>.debug_aranges</name>
         <load_address>0x48</load_address>
         <run_address>0x48</run_address>
         <size>0x20</size>
         <input_file_ref idref="fl-4"/>
      </object_component>
      <object_component id="oc-79">
         <name>.debug_aranges</name>
         <load_address>0x68</load_address>
         <run_address>0x68</run_address>
         <size>0x28</size>
         <input_file_ref idref="fl-5"/>
      </object_component>
      <object_component id="oc-7f">
         <name>.debug_aranges</name>
         <load_address>0x90</load_address>
         <run_address>0x90</run_address>
         <size>0x2c8</size>
         <input_file_ref idref="fl-6"/>
      </object_component>
      <object_component id="oc-84">
         <name>.debug_aranges</name>
         <load_address>0x358</load_address>
         <run_address>0x358</run_address>
         <size>0x18</size>
         <input_file_ref idref="fl-7"/>
      </object_component>
      <object_component id="oc-cc">
         <name>.debug_aranges</name>
         <load_address>0x370</load_address>
         <run_address>0x370</run_address>
         <size>0x20</size>
         <input_file_ref idref="fl-9"/>
      </object_component>
      <object_component id="oc-d1">
         <name>.debug_aranges</name>
         <load_address>0x390</load_address>
         <run_address>0x390</run_address>
         <size>0x28</size>
         <input_file_ref idref="fl-a"/>
      </object_component>
      <object_component id="oc-d6">
         <name>.debug_aranges</name>
         <load_address>0x3b8</load_address>
         <run_address>0x3b8</run_address>
         <size>0x20</size>
         <input_file_ref idref="fl-b"/>
      </object_component>
      <object_component id="oc-db">
         <name>.debug_aranges</name>
         <load_address>0x3d8</load_address>
         <run_address>0x3d8</run_address>
         <size>0x78</size>
         <input_file_ref idref="fl-c"/>
      </object_component>
      <object_component id="oc-e0">
         <name>.debug_aranges</name>
         <load_address>0x450</load_address>
         <run_address>0x450</run_address>
         <size>0x20</size>
         <input_file_ref idref="fl-d"/>
      </object_component>
      <object_component id="oc-e5">
         <name>.debug_aranges</name>
         <load_address>0x470</load_address>
         <run_address>0x470</run_address>
         <size>0x38</size>
         <input_file_ref idref="fl-e"/>
      </object_component>
      <object_component id="oc-ea">
         <name>.debug_aranges</name>
         <load_address>0x4a8</load_address>
         <run_address>0x4a8</run_address>
         <size>0x18</size>
         <input_file_ref idref="fl-f"/>
      </object_component>
      <object_component id="oc-ef">
         <name>.debug_aranges</name>
         <load_address>0x4c0</load_address>
         <run_address>0x4c0</run_address>
         <size>0x58</size>
         <input_file_ref idref="fl-10"/>
      </object_component>
      <object_component id="oc-f4">
         <name>.debug_aranges</name>
         <load_address>0x518</load_address>
         <run_address>0x518</run_address>
         <size>0x28</size>
         <input_file_ref idref="fl-11"/>
      </object_component>
      <object_component id="oc-f9">
         <name>.debug_aranges</name>
         <load_address>0x540</load_address>
         <run_address>0x540</run_address>
         <size>0x88</size>
         <input_file_ref idref="fl-12"/>
      </object_component>
      <object_component id="oc-fe">
         <name>.debug_aranges</name>
         <load_address>0x5c8</load_address>
         <run_address>0x5c8</run_address>
         <size>0x30</size>
         <input_file_ref idref="fl-13"/>
      </object_component>
      <object_component id="oc-103">
         <name>.debug_aranges</name>
         <load_address>0x5f8</load_address>
         <run_address>0x5f8</run_address>
         <size>0x20</size>
         <input_file_ref idref="fl-14"/>
      </object_component>
      <object_component id="oc-10a">
         <name>.debug_aranges</name>
         <load_address>0x618</load_address>
         <run_address>0x618</run_address>
         <size>0x20</size>
         <input_file_ref idref="fl-15"/>
      </object_component>
      <object_component id="oc-113">
         <name>.debug_aranges</name>
         <load_address>0x638</load_address>
         <run_address>0x638</run_address>
         <size>0x28</size>
         <input_file_ref idref="fl-16"/>
      </object_component>
      <object_component id="oc-11a">
         <name>.debug_aranges</name>
         <load_address>0x660</load_address>
         <run_address>0x660</run_address>
         <size>0x30</size>
         <input_file_ref idref="fl-17"/>
      </object_component>
      <object_component id="oc-120">
         <name>.debug_aranges</name>
         <load_address>0x690</load_address>
         <run_address>0x690</run_address>
         <size>0x20</size>
         <input_file_ref idref="fl-24"/>
      </object_component>
      <object_component id="oc-125">
         <name>.debug_aranges</name>
         <load_address>0x6b0</load_address>
         <run_address>0x6b0</run_address>
         <size>0x20</size>
         <input_file_ref idref="fl-25"/>
      </object_component>
      <object_component id="oc-12a">
         <name>.debug_aranges</name>
         <load_address>0x6d0</load_address>
         <run_address>0x6d0</run_address>
         <size>0x20</size>
         <input_file_ref idref="fl-26"/>
      </object_component>
      <object_component id="oc-131">
         <name>.debug_aranges</name>
         <load_address>0x6f0</load_address>
         <run_address>0x6f0</run_address>
         <size>0x28</size>
         <input_file_ref idref="fl-27"/>
      </object_component>
      <object_component id="oc-136">
         <name>.debug_aranges</name>
         <load_address>0x718</load_address>
         <run_address>0x718</run_address>
         <size>0x20</size>
         <input_file_ref idref="fl-28"/>
      </object_component>
      <object_component id="oc-13b">
         <name>.debug_aranges</name>
         <load_address>0x738</load_address>
         <run_address>0x738</run_address>
         <size>0x28</size>
         <input_file_ref idref="fl-29"/>
      </object_component>
      <object_component id="oc-140">
         <name>.debug_aranges</name>
         <load_address>0x760</load_address>
         <run_address>0x760</run_address>
         <size>0x20</size>
         <input_file_ref idref="fl-2a"/>
      </object_component>
      <object_component id="oc-145">
         <name>.debug_aranges</name>
         <load_address>0x780</load_address>
         <run_address>0x780</run_address>
         <size>0x20</size>
         <input_file_ref idref="fl-2b"/>
      </object_component>
      <object_component id="oc-14a">
         <name>.debug_aranges</name>
         <load_address>0x7a0</load_address>
         <run_address>0x7a0</run_address>
         <size>0x20</size>
         <input_file_ref idref="fl-2c"/>
      </object_component>
      <object_component id="oc-14f">
         <name>.debug_aranges</name>
         <load_address>0x7c0</load_address>
         <run_address>0x7c0</run_address>
         <size>0x20</size>
         <input_file_ref idref="fl-2d"/>
      </object_component>
      <object_component id="oc-154">
         <name>.debug_aranges</name>
         <load_address>0x7e0</load_address>
         <run_address>0x7e0</run_address>
         <size>0x30</size>
         <input_file_ref idref="fl-2e"/>
      </object_component>
      <object_component id="oc-159">
         <name>.debug_aranges</name>
         <load_address>0x810</load_address>
         <run_address>0x810</run_address>
         <size>0x20</size>
         <input_file_ref idref="fl-2f"/>
      </object_component>
      <object_component id="oc-11c">
         <name>.reset</name>
         <load_address>0x1024c6</load_address>
         <run_address>0x1024c6</run_address>
         <size>0x2</size>
         <input_file_ref idref="fl-24"/>
      </object_component>
      <object_component id="oc-15a">
         <name>IQmath</name>
         <load_address>0x10247e</load_address>
         <run_address>0x10247e</run_address>
         <size>0x47</size>
         <input_file_ref idref="fl-30"/>
      </object_component>
      <object_component id="oc-15e">
         <name>IQmathTables</name>
         <load_address>0x10192e</load_address>
[...]
         <name>_Initialize_Platform</name>
         <value>0x1011ec</value>
         <object_component_ref idref="oc-16e"/>
      </symbol>
      <symbol id="sm-384">
         <name>_Initialize_GPIO</name>
         <value>0x101236</value>
         <object_component_ref idref="oc-16e"/>
      </symbol>
      <symbol id="sm-385">
         <name>_Reconfigure_IncrementalEncoder</name>
         <value>0x1012d7</value>
         <object_component_ref idref="oc-16e"/>
      </symbol>
      <symbol id="sm-386">
         <name>_Initialize_ADC_Conversion</name>
         <value>0x1012ae</value>
         <object_component_ref idref="oc-16e"/>
      </symbol>
      <symbol id="sm-387">
         <name>_Initialize_IncrementalEncoder</name>
         <value>0x1012c6</value>
         <object_component_ref idref="oc-16e"/>
      </symbol>
      <symbol id="sm-388">
         <name>_CheckForRotorSensorUpdates</name>
         <value>0x1012dc</value>
         <object_component_ref idref="oc-16e"/>
      </symbol>
      <symbol id="sm-389">
         <name>_Reconfigure_DigitalHall</name>
         <value>0x1012cf</value>
         <object_component_ref idref="oc-16e"/>
      </symbol>
      <symbol id="sm-396">
         <name>_assignApplicationDataToGlobalData</name>
         <value>0x101737</value>
         <object_component_ref idref="oc-172"/>
      </symbol>
      <symbol id="sm-397">
         <name>_assignGlobalDataToApplication</name>
         <value>0x101733</value>
         <object_component_ref idref="oc-172"/>
      </symbol>
      <symbol id="sm-398">
         <name>_Initialize_Application</name>
         <value>0x101728</value>
         <object_component_ref idref="oc-172"/>
      </symbol>
      <symbol id="sm-3ad">
         <name>_errorDetection</name>
         <value>0x1010ef</value>
         <object_component_ref idref="oc-165"/>
      </symbol>
      <symbol id="sm-3ca">
         <name>_ADCconvFactor_Lbytes</name>
         <value>0xfa</value>
         <object_component_ref idref="oc-106"/>
      </symbol>
      <symbol id="sm-3cb">
         <name>_ADCconvFactor_Hbytes</name>
         <value>0xfc</value>
         <object_component_ref idref="oc-106"/>
      </symbol>
      <symbol id="sm-3cc">
         <name>_ipc_mtoc_func</name>
         <value>0x1012e1</value>
         <object_component_ref idref="oc-174"/>
      </symbol>
      <symbol id="sm-3cd">
         <name>_Frequenzvorgabe</name>
         <value>0xf8</value>
         <object_component_ref idref="oc-106"/>
      </symbol>
      <symbol id="sm-3ed">
         <name>_test_js_sinewave1</name>
         <value>0xdc</value>
         <object_component_ref idref="oc-10d"/>
      </symbol>
      <symbol id="sm-3ee">
         <name>_test_js_sinewave2</name>
         <value>0xf6</value>
         <object_component_ref idref="oc-10d"/>
      </symbol>
      <symbol id="sm-3ef">
         <name>_var_mess</name>
         <value>0xd7</value>
         <object_component_ref idref="oc-10d"/>
      </symbol>
      <symbol id="sm-3f0">
         <name>_sawfak</name>
         <value>0xf2</value>
         <object_component_ref idref="oc-10d"/>
      </symbol>
      <symbol id="sm-3f1">
         <name>_test_javaScope_freqHz</name>
         <value>0xde</value>
         <object_component_ref idref="oc-10d"/>
      </symbol>
      <symbol id="sm-3f2">
         <name>_mtoc_isr</name>
         <value>0x10164c</value>
         <object_component_ref idref="oc-10f"/>
      </symbol>
      <symbol id="sm-3f3">
         <name>_sin1amp</name>
         <value>0xee</value>
         <object_component_ref idref="oc-10d"/>
      </symbol>
      <symbol id="sm-3f4">
         <name>_adc1_isr</name>
         <value>0x9000</value>
         <object_component_ref idref="oc-10e"/>
      </symbol>
      <symbol id="sm-3f5">
         <name>_ISRStopTime</name>
         <value>0xda</value>
         <object_component_ref idref="oc-10d"/>
      </symbol>
      <symbol id="sm-3f6">
         <name>_ISRStartTime</name>
         <value>0xe2</value>
         <object_component_ref idref="oc-10d"/>
      </symbol>
      <symbol id="sm-3f7">
         <name>_saegezahn_loop</name>
         <value>0xd8</value>
         <object_component_ref idref="oc-10d"/>
      </symbol>
      <symbol id="sm-3f8">
         <name>_test_js_sawtooth1</name>
         <value>0xe8</value>
         <object_component_ref idref="oc-10d"/>
      </symbol>
      <symbol id="sm-3f9">
         <name>_test_js_sawtooth2</name>
         <value>0xe6</value>
         <object_component_ref idref="oc-10d"/>
      </symbol>
      <symbol id="sm-3fa">
         <name>_argument</name>
         <value>0xf0</value>
         <object_component_ref idref="oc-10d"/>
      </symbol>
      <symbol id="sm-3fb">
         <name>_sin2amp</name>
         <value>0xf4</value>
         <object_component_ref idref="oc-10d"/>
      </symbol>
      <symbol id="sm-3fc">
         <name>_time_measurement</name>
         <value>0xe0</value>
         <object_component_ref idref="oc-10d"/>
      </symbol>
      <symbol id="sm-3fd">
         <name>_cnt_200us</name>
         <value>0xec</value>
         <object_component_ref idref="oc-10d"/>
      </symbol>
      <symbol id="sm-3fe">
         <name>_takt_1ms</name>
         <value>0xe4</value>
         <object_component_ref idref="oc-10d"/>
      </symbol>
      <symbol id="sm-3ff">
         <name>_chscope</name>
         <value>0xea</value>
         <object_component_ref idref="oc-10d"/>
      </symbol>
      <symbol id="sm-421">
         <name>_js_ptr</name>
         <value>0x10a</value>
         <object_component_ref idref="oc-116"/>
      </symbol>
      <symbol id="sm-422">
         <name>_js_fetchData4CH</name>
         <value>0x100c25</value>
         <object_component_ref idref="oc-169"/>
      </symbol>
      <symbol id="sm-423">
         <name>_zerovalue</name>
         <value>0x104</value>
         <object_component_ref idref="oc-116"/>
      </symbol>
      <symbol id="sm-424">
         <name>_js_ptr_arr</name>
         <value>0x15e</value>
         <object_component_ref idref="oc-116"/>
      </symbol>
      <symbol id="sm-425">
         <name>_cnt_slowData</name>
         <value>0x108</value>
         <object_component_ref idref="oc-116"/>
      </symbol>
      <symbol id="sm-426">
         <name>_js_factor4</name>
         <value>0x102</value>
         <object_component_ref idref="oc-116"/>
      </symbol>
      <symbol id="sm-427">
         <name>_js_factor1</name>
         <value>0x101</value>
         <object_component_ref idref="oc-116"/>
      </symbol>
      <symbol id="sm-428">
         <name>_js_factor2</name>
         <value>0x100</value>
         <object_component_ref idref="oc-116"/>
      </symbol>
      <symbol id="sm-429">
         <name>_js_factor3</name>
         <value>0x103</value>
         <object_component_ref idref="oc-116"/>
      </symbol>
      <symbol id="sm-42a">
         <name>_js_init</name>
         <value>0x100bf2</value>
         <object_component_ref idref="oc-169"/>
      </symbol>
      <symbol id="sm-42b">
         <name>_js_fetchData2CH</name>
         <value>0x100cdd</value>
         <object_component_ref idref="oc-169"/>
      </symbol>
      <symbol id="sm-42c">
         <name>_myIQfactor</name>
         <value>0x140</value>
         <object_component_ref idref="oc-116"/>
      </symbol>
      <symbol id="sm-42d">
         <name>_cnt_javascope</name>
         <value>0x106</value>
         <object_component_ref idref="oc-116"/>
      </symbol>
      <symbol id="sm-42e">
         <name>_js_slowDataArray</name>
         <value>0x180</value>
         <object_component_ref idref="oc-116"/>
      </symbol>
      <symbol id="sm-44b">
         <name>_c_int00</name>
         <value>0x10155a</value>
         <object_component_ref idref="oc-60"/>
      </symbol>
      <symbol id="sm-44c">
         <name>__stack</name>
         <value>0x8000</value>
         <object_component_ref idref="oc-11b"/>
      </symbol>
      <symbol id="sm-462">
         <name>_copy_in</name>
         <value>0x1015b0</value>
         <object_component_ref idref="oc-160"/>
      </symbol>
      <symbol id="sm-471">
         <name>_ppcopy</name>
         <value>0x1016f5</value>
         <object_component_ref idref="oc-126"/>
      </symbol>
      <symbol id="sm-472">
         <name>_dpcopy</name>
         <value>0x1016f5</value>
         <object_component_ref idref="oc-126"/>
      </symbol>
      <symbol id="sm-473">
         <name>_pdcopy</name>
         <value>0x1016f5</value>
         <object_component_ref idref="oc-126"/>
      </symbol>
      <symbol id="sm-474">
         <name>_ddcopy</name>
         <value>0x1016f5</value>
         <object_component_ref idref="oc-126"/>
      </symbol>
      <symbol id="sm-489">
         <name>C$$EXIT</name>
         <value>0x101623</value>
         <object_component_ref idref="oc-163"/>
      </symbol>
      <symbol id="sm-48a">
         <name>_exit</name>
         <value>0x101625</value>
         <object_component_ref idref="oc-163"/>
      </symbol>
      <symbol id="sm-48b">
         <name>___TI_cleanup_ptr</name>
         <value>0x1da</value>
         <object_component_ref idref="oc-12d"/>
      </symbol>
      <symbol id="sm-48c">
         <name>___TI_enable_exit_profile_output</name>
         <value>0x1d8</value>
         <object_component_ref idref="oc-12d"/>
      </symbol>
      <symbol id="sm-48d">
         <name>_abort</name>
         <value>0x101623</value>
         <object_component_ref idref="oc-163"/>
      </symbol>
      <symbol id="sm-48e">
         <name>___TI_dtors_ptr</name>
         <value>0x1dc</value>
         <object_component_ref idref="oc-12d"/>
      </symbol>
      <symbol id="sm-49f">
         <name>FS$$DIV</name>
         <value>0x1013ff</value>
         <object_component_ref idref="oc-132"/>
      </symbol>
      <symbol id="sm-4ad">
         <name>I$$MOD</name>
         <value>0x1016a6</value>
         <object_component_ref idref="oc-137"/>
      </symbol>
      <symbol id="sm-4ae">
         <name>I$$DIV</name>
         <value>0x101695</value>
         <object_component_ref idref="oc-137"/>
      </symbol>
      <symbol id="sm-4c0">
         <name>_memcpy</name>
         <value>0x1016d7</value>
         <object_component_ref idref="oc-16d"/>
      </symbol>
      <symbol id="sm-4cd">
         <name>__system_pre_init</name>
         <value>0x101744</value>
         <object_component_ref idref="oc-15f"/>
      </symbol>
      <symbol id="sm-4db">
         <name>_sin</name>
         <value>0x101502</value>
         <object_component_ref idref="oc-168"/>
      </symbol>
      <symbol id="sm-4dc">
         <name>_sinf</name>
         <value>0x101502</value>
         <object_component_ref idref="oc-168"/>
      </symbol>
      <symbol id="sm-4e9">
         <name>__system_post_cinit</name>
         <value>0x101746</value>
         <object_component_ref idref="oc-161"/>
      </symbol>
      <symbol id="sm-4fe">
         <name>__unlock</name>
         <value>0x1be</value>
         <object_component_ref idref="oc-17a"/>
      </symbol>
      <symbol id="sm-4ff">
         <name>__lock</name>
         <value>0xfe</value>
         <object_component_ref idref="oc-16a"/>
      </symbol>
      <symbol id="sm-500">
         <name>__register_lock</name>
         <value>0x10173f</value>
         <object_component_ref idref="oc-175"/>
      </symbol>
      <symbol id="sm-501">
         <name>__nop</name>
         <value>0x101743</value>
         <object_component_ref idref="oc-175"/>
      </symbol>
      <symbol id="sm-502">
         <name>__register_unlock</name>
         <value>0x10173b</value>
         <object_component_ref idref="oc-175"/>
      </symbol>
      <symbol id="sm-512">
         <name>__args_main</name>
         <value>0x10170f</value>
         <object_component_ref idref="oc-162"/>
      </symbol>
      <symbol id="sm-51b">
         <name>__IQ24div</name>
         <value>0x10247e</value>
         <object_component_ref idref="oc-15a"/>
      </symbol>
      <symbol id="sm-51f">
         <name>_IQ4mpyRndSatTable</name>
         <value>0x10244e</value>
         <object_component_ref idref="oc-15e"/>
      </symbol>
      <symbol id="sm-520">
         <name>_IQ5mpyRndSatTable</name>
         <value>0x102442</value>
         <object_component_ref idref="oc-15e"/>
      </symbol>
      <symbol id="sm-521">
         <name>_IQatan2Table</name>
         <value>0x102190</value>
         <object_component_ref idref="oc-15e"/>
      </symbol>
      <symbol id="sm-522">
         <name>_IQisqrtTableEnd</name>
         <value>0x102152</value>
         <object_component_ref idref="oc-15e"/>
      </symbol>
      <symbol id="sm-523">
         <name>_IQ8mpyRndSatTable</name>
         <value>0x10241e</value>
         <object_component_ref idref="oc-15e"/>
      </symbol>
      <symbol id="sm-524">
         <name>_IQ9mpyRndSatTable</name>
         <value>0x102412</value>
         <object_component_ref idref="oc-15e"/>
      </symbol>
      <symbol id="sm-525">
         <name>_IQsqrtTable</name>
         <value>0x102050</value>
         <object_component_ref idref="oc-15e"/>
      </symbol>
      <symbol id="sm-526">
         <name>_IQcosTableEnd</name>
         <value>0x101e30</value>
         <object_component_ref idref="oc-15e"/>
      </symbol>
      <symbol id="sm-527">
         <name>_IQatan2HalfPITable</name>
         <value>0x102152</value>
         <object_component_ref idref="oc-15e"/>
      </symbol>
      <symbol id="sm-528">
         <name>_IQisqrtTable</name>
         <value>0x102050</value>
         <object_component_ref idref="oc-15e"/>
      </symbol>
      <symbol id="sm-529">
         <name>_IQsqrtRoundSatTable</name>
         <value>0x102040</value>
         <object_component_ref idref="oc-15e"/>
      </symbol>
      <symbol id="sm-52a">
         <name>_IQsqrtTableEnd</name>
         <value>0x102152</value>
         <object_component_ref idref="oc-15e"/>
      </symbol>
      <symbol id="sm-52b">
         <name>_IQ30mpyRndSatTable</name>
         <value>0x102316</value>
         <object_component_ref idref="oc-15e"/>
      </symbol>
      <symbol id="sm-52c">
         <name>_IQ17mpyRndSatTable</name>
         <value>0x1023b2</value>
         <object_component_ref idref="oc-15e"/>
      </symbol>
      <symbol id="sm-52d">
         <name>_IQ16mpyRndSatTable</name>
         <value>0x1023be</value>
         <object_component_ref idref="oc-15e"/>
      </symbol>
      <symbol id="sm-52e">
         <name>_IQ15mpyRndSatTable</name>
         <value>0x1023ca</value>
         <object_component_ref idref="oc-15e"/>
      </symbol>
      <symbol id="sm-52f">
         <name>_IQ14mpyRndSatTable</name>
         <value>0x1023d6</value>
         <object_component_ref idref="oc-15e"/>
      </symbol>
      <symbol id="sm-530">
         <name>_IQ13mpyRndSatTable</name>
         <value>0x1023e2</value>
         <object_component_ref idref="oc-15e"/>
      </symbol>
      <symbol id="sm-531">
         <name>_IQmpyRndSatTable</name>
         <value>0x102316</value>
         <object_component_ref idref="oc-15e"/>
      </symbol>
      <symbol id="sm-532">
         <name>_IQ12mpyRndSatTable</name>
         <value>0x1023ee</value>
         <object_component_ref idref="oc-15e"/>
      </symbol>
      <symbol id="sm-533">
         <name>_IQdivRoundSatTable</name>
         <value>0x101e30</value>
         <object_component_ref idref="oc-15e"/>
      </symbol>
      <symbol id="sm-534">
         <name>_IQisqrtRoundSatTable</name>
         <value>0x102040</value>
         <object_component_ref idref="oc-15e"/>
      </symbol>
      <symbol id="sm-535">
         <name>_IQ11mpyRndSatTable</name>
         <value>0x1023fa</value>
         <object_component_ref idref="oc-15e"/>
      </symbol>
      <symbol id="sm-536">
         <name>_IQcosTable</name>
         <value>0x101a2e</value>
         <object_component_ref idref="oc-15e"/>
      </symbol>
      <symbol id="sm-537">
         <name>_IQ10mpyRndSatTable</name>
         <value>0x102406</value>
         <object_component_ref idref="oc-15e"/>
      </symbol>
      <symbol id="sm-538">
         <name>_IQmpyRndSatTableEnd</name>
         <value>0x10247e</value>
         <object_component_ref idref="oc-15e"/>
      </symbol>
      <symbol id="sm-539">
         <name>_IQ19mpyRndSatTable</name>
         <value>0x10239a</value>
         <object_component_ref idref="oc-15e"/>
      </symbol>
      <symbol id="sm-53a">
         <name>_IQ27mpyRndSatTable</name>
         <value>0x10233a</value>
         <object_component_ref idref="oc-15e"/>
      </symbol>
      <symbol id="sm-53b">
         <name>_IQ18mpyRndSatTable</name>
         <value>0x1023a6</value>
         <object_component_ref idref="oc-15e"/>
      </symbol>
      <symbol id="sm-53c">
         <name>_IQ26mpyRndSatTable</name>
         <value>0x102346</value>
         <object_component_ref idref="oc-15e"/>
      </symbol>
      <symbol id="sm-53d">
         <name>_IQ25mpyRndSatTable</name>
         <value>0x102352</value>
         <object_component_ref idref="oc-15e"/>
      </symbol>
      <symbol id="sm-53e">
         <name>_IQsinTable</name>
         <value>0x10192e</value>
         <object_component_ref idref="oc-15e"/>
      </symbol>
      <symbol id="sm-53f">
         <name>_IQ24mpyRndSatTable</name>
         <value>0x10235e</value>
         <object_component_ref idref="oc-15e"/>
      </symbol>
      <symbol id="sm-540">
         <name>_IQdivTableEnd</name>
         <value>0x102040</value>
         <object_component_ref idref="oc-15e"/>
      </symbol>
      <symbol id="sm-541">
         <name>_IQ23mpyRndSatTable</name>
         <value>0x10236a</value>
         <object_component_ref idref="oc-15e"/>
      </symbol>
      <symbol id="sm-542">
         <name>_IQ22mpyRndSatTable</name>
         <value>0x102376</value>
         <object_component_ref idref="oc-15e"/>
      </symbol>
      <symbol id="sm-543">
         <name>_IQ21mpyRndSatTable</name>
         <value>0x102382</value>
         <object_component_ref idref="oc-15e"/>
      </symbol>
      <symbol id="sm-544">
         <name>_IQ20mpyRndSatTable</name>
         <value>0x10238e</value>
         <object_component_ref idref="oc-15e"/>
      </symbol>
      <symbol id="sm-545">
         <name>_IQsinTableEnd</name>
         <value>0x101d2e</value>
         <object_component_ref idref="oc-15e"/>
      </symbol>
      <symbol id="sm-546">
         <name>_IQdivTable</name>
         <value>0x101e3e</value>
         <object_component_ref idref="oc-15e"/>
      </symbol>
      <symbol id="sm-547">
         <name>_IQ2mpyRndSatTable</name>
         <value>0x102466</value>
         <object_component_ref idref="oc-15e"/>
      </symbol>
      <symbol id="sm-548">
         <name>_IQ3mpyRndSatTable</name>
         <value>0x10245a</value>
         <object_component_ref idref="oc-15e"/>
      </symbol>
      <symbol id="sm-549">
         <name>_IQ1mpyRndSatTable</name>
         <value>0x102472</value>
         <object_component_ref idref="oc-15e"/>
      </symbol>
      <symbol id="sm-54a">
         <name>_IQ29mpyRndSatTable</name>
         <value>0x102322</value>
         <object_component_ref idref="oc-15e"/>
      </symbol>
      <symbol id="sm-54b">
         <name>_IQ6mpyRndSatTable</name>
         <value>0x102436</value>
         <object_component_ref idref="oc-15e"/>
      </symbol>
      <symbol id="sm-54c">
         <name>_IQatan2TableEnd</name>
         <value>0x102316</value>
         <object_component_ref idref="oc-15e"/>
      </symbol>
      <symbol id="sm-54d">
         <name>_IQ28mpyRndSatTable</name>
         <value>0x10232e</value>
         <object_component_ref idref="oc-15e"/>
      </symbol>
      <symbol id="sm-54e">
         <name>_IQ7mpyRndSatTable</name>
         <value>0x10242a</value>
         <object_component_ref idref="oc-15e"/>
      </symbol>
   </symbol_table>
   <title>Link successful</title>
</link_info>
